#
# There is insufficient memory for the Java Runtime Environment to continue.
# Native memory allocation (malloc) failed to allocate 1048576 bytes. Error detail: AllocateHeap
# Possible reasons:
#   The system is out of physical RAM or swap space
#   This process is running with CompressedOops enabled, and the Java Heap may be blocking the growth of the native heap
# Possible solutions:
#   Reduce memory load on the system
#   Increase physical memory or swap space
#   Check if swap backing store is full
#   Decrease Java heap size (-Xmx/-Xms)
#   Decrease number of Java threads
#   Decrease Java thread stack sizes (-Xss)
#   Set larger code cache with -XX:ReservedCodeCacheSize=
#   JVM is running with Unscaled Compressed Oops mode in which the Java heap is
#     placed in the first 4GB address space. The Java Heap base address is the
#     maximum limit for the native heap growth. Please use -XX:HeapBaseMinAddress
#     to set the Java Heap base and to place the Java Heap above 4GB virtual address.
# This output file may be truncated or incomplete.
#
#  Out of Memory Error (allocation.cpp:44), pid=2644, tid=28840
#
# JRE version: OpenJDK Runtime Environment Temurin-21.0.8+9 (21.0.8+9) (build 21.0.8+9-LTS)
# Java VM: OpenJDK 64-Bit Server VM Temurin-21.0.8+9 (21.0.8+9-LTS, mixed mode, sharing, tiered, compressed oops, compressed class ptrs, parallel gc, windows-amd64)
# No core dump will be written. Minidumps are not enabled by default on client versions of Windows
#

---------------  S U M M A R Y ------------

Command Line: --add-modules=ALL-SYSTEM --add-opens=java.base/java.util=ALL-UNNAMED --add-opens=java.base/java.lang=ALL-UNNAMED --add-opens=java.base/sun.nio.fs=ALL-UNNAMED -Declipse.application=org.eclipse.jdt.ls.core.id1 -Dosgi.bundles.defaultStartLevel=4 -Declipse.product=org.eclipse.jdt.ls.core.product -Djava.import.generatesMetadataFilesAtProjectRoot=false -DDetectVMInstallationsJob.disabled=true -Dfile.encoding=utf8 -XX:+UseParallelGC -XX:GCTimeRatio=4 -XX:AdaptiveSizePolicyWeight=90 -Dsun.zip.disableMemoryMapping=true -Xmx2G -Xms100m -Xlog:disable -javaagent:c:\Users\pedro\.vscode\extensions\redhat.java-1.46.0-win32-x64\lombok\lombok-1.18.39-4050.jar -XX:+HeapDumpOnOutOfMemoryError -XX:HeapDumpPath=c:\Users\pedro\AppData\Roaming\Code\User\workspaceStorage\1c6cc6bca4d662b0dfa7fc6c9194e6eb\redhat.java -Daether.dependencyCollector.impl=bf c:\Users\pedro\.vscode\extensions\redhat.java-1.46.0-win32-x64\server\plugins\org.eclipse.equinox.launcher_1.7.0.v20250519-0528.jar -configuration c:\Users\pedro\AppData\Roaming\Code\User\globalStorage\redhat.java\1.46.0\config_win -data c:\Users\pedro\AppData\Roaming\Code\User\workspaceStorage\1c6cc6bca4d662b0dfa7fc6c9194e6eb\redhat.java\jdt_ws --pipe=\\.\pipe\lsp-05bd44ece6746d41868e3ae172a6d037-sock

Host: Intel(R) Core(TM) i7-8565U CPU @ 1.80GHz, 8 cores, 31G,  Windows 11 , 64 bit Build 26100 (10.0.26100.6725)
Time: Thu Oct 30 21:34:31 2025 Hora oficial do Brasil elapsed time: 3267.151021 seconds (0d 0h 54m 27s)

---------------  T H R E A D  ---------------

Current thread (0x000001887dd24390):  JavaThread "Attach Listener" daemon [_thread_in_vm, id=28840, stack(0x00000034dd300000,0x00000034dd400000) (1024K)]

Stack: [0x00000034dd300000,0x00000034dd400000]
Native frames: (J=compiled Java code, j=interpreted, Vv=VM code, C=native code)
V  [jvm.dll+0x6d2449]
V  [jvm.dll+0x8ae341]
V  [jvm.dll+0x8b08be]
V  [jvm.dll+0x8b0fa3]
V  [jvm.dll+0x280c96]
V  [jvm.dll+0xc0347]
V  [jvm.dll+0x6d2cf9]
V  [jvm.dll+0x131116]
V  [jvm.dll+0x3f2d16]
V  [jvm.dll+0x857e6b]
V  [jvm.dll+0x6d0b0d]
C  [ucrtbase.dll+0x37b0]
C  [KERNEL32.DLL+0x2e8d7]
C  [ntdll.dll+0x8c53c]


---------------  P R O C E S S  ---------------

Threads class SMR info:
_java_thread_list=0x000001885821cbc0, length=34, elements={
0x0000018875bdf080, 0x0000018875c9a150, 0x0000018875c9c680, 0x0000018875c9e670,
0x000001887dd24390, 0x000001887dd25ca0, 0x000001887dd28ea0, 0x000001887dd29f30,
0x000001887f73e650, 0x000001887f7bfcf0, 0x000001887fa2c3a0, 0x00000188547893c0,
0x00000188548fbd40, 0x000001885483b830, 0x0000018854616350, 0x0000018854a740d0,
0x000001887fa26810, 0x000001885411c730, 0x000001885411b380, 0x000001885411a660,
0x000001885411d450, 0x0000018854119fd0, 0x00000188568bb1d0, 0x00000188568b9790,
0x00000188568bab40, 0x00000188568bb860, 0x00000188568ba4b0, 0x00000188568bbef0,
0x00000188568bc580, 0x00000188568bcc10, 0x00000188568bd2a0, 0x00000188568b9e20,
0x00000188568c0090, 0x00000188568c0720
}

Java Threads: ( => current thread )
  0x0000018875bdf080 JavaThread "main"                              [_thread_blocked, id=32756, stack(0x00000034dcc00000,0x00000034dcd00000) (1024K)]
  0x0000018875c9a150 JavaThread "Reference Handler"          daemon [_thread_blocked, id=21512, stack(0x00000034dd000000,0x00000034dd100000) (1024K)]
  0x0000018875c9c680 JavaThread "Finalizer"                  daemon [_thread_blocked, id=11656, stack(0x00000034dd100000,0x00000034dd200000) (1024K)]
  0x0000018875c9e670 JavaThread "Signal Dispatcher"          daemon [_thread_blocked, id=19540, stack(0x00000034dd200000,0x00000034dd300000) (1024K)]
=>0x000001887dd24390 JavaThread "Attach Listener"            daemon [_thread_in_vm, id=28840, stack(0x00000034dd300000,0x00000034dd400000) (1024K)]
  0x000001887dd25ca0 JavaThread "Service Thread"             daemon [_thread_blocked, id=22964, stack(0x00000034dd400000,0x00000034dd500000) (1024K)]
  0x000001887dd28ea0 JavaThread "Monitor Deflation Thread"   daemon [_thread_blocked, id=34316, stack(0x00000034dd500000,0x00000034dd600000) (1024K)]
  0x000001887dd29f30 JavaThread "C2 CompilerThread0"         daemon [_thread_blocked, id=22632, stack(0x00000034dd600000,0x00000034dd700000) (1024K)]
  0x000001887f73e650 JavaThread "C1 CompilerThread0"         daemon [_thread_blocked, id=11764, stack(0x00000034dd700000,0x00000034dd800000) (1024K)]
  0x000001887f7bfcf0 JavaThread "Common-Cleaner"             daemon [_thread_blocked, id=36880, stack(0x00000034dd800000,0x00000034dd900000) (1024K)]
  0x000001887fa2c3a0 JavaThread "Notification Thread"        daemon [_thread_blocked, id=24164, stack(0x00000034dda00000,0x00000034ddb00000) (1024K)]
  0x00000188547893c0 JavaThread "Active Thread: Equinox Container: 7560c7e2-3dca-413c-8864-f86913a24471"        [_thread_blocked, id=20988, stack(0x00000034de200000,0x00000034de300000) (1024K)]
  0x00000188548fbd40 JavaThread "Refresh Thread: Equinox Container: 7560c7e2-3dca-413c-8864-f86913a24471" daemon [_thread_blocked, id=18980, stack(0x00000034ddb00000,0x00000034ddc00000) (1024K)]
  0x000001885483b830 JavaThread "Framework Event Dispatcher: Equinox Container: 7560c7e2-3dca-413c-8864-f86913a24471" daemon [_thread_blocked, id=14648, stack(0x00000034de300000,0x00000034de400000) (1024K)]
  0x0000018854616350 JavaThread "Start Level: Equinox Container: 7560c7e2-3dca-413c-8864-f86913a24471" daemon [_thread_blocked, id=29732, stack(0x00000034de400000,0x00000034de500000) (1024K)]
  0x0000018854a740d0 JavaThread "Bundle File Closer"         daemon [_thread_blocked, id=34896, stack(0x00000034de600000,0x00000034de700000) (1024K)]
  0x000001887fa26810 JavaThread "SCR Component Actor"        daemon [_thread_blocked, id=37020, stack(0x00000034de500000,0x00000034de600000) (1024K)]
  0x000001885411c730 JavaThread "Worker-JM"                         [_thread_blocked, id=564, stack(0x00000034de900000,0x00000034dea00000) (1024K)]
  0x000001885411b380 JavaThread "JNA Cleaner"                daemon [_thread_blocked, id=16532, stack(0x00000034de700000,0x00000034de800000) (1024K)]
  0x000001885411a660 JavaThread "Worker-1"                          [_thread_blocked, id=7064, stack(0x00000034dea00000,0x00000034deb00000) (1024K)]
  0x000001885411d450 JavaThread "Java indexing"              daemon [_thread_blocked, id=24860, stack(0x00000034ded00000,0x00000034dee00000) (1024K)]
  0x0000018854119fd0 JavaThread "Worker-2"                          [_thread_blocked, id=6532, stack(0x00000034dee00000,0x00000034def00000) (1024K)]
  0x00000188568bb1d0 JavaThread "Thread-1"                   daemon [_thread_in_native, id=13112, stack(0x00000034df200000,0x00000034df300000) (1024K)]
  0x00000188568b9790 JavaThread "Thread-2"                   daemon [_thread_in_native, id=10692, stack(0x00000034df300000,0x00000034df400000) (1024K)]
  0x00000188568bab40 JavaThread "Thread-3"                   daemon [_thread_in_native, id=23640, stack(0x00000034df400000,0x00000034df500000) (1024K)]
  0x00000188568bb860 JavaThread "Thread-4"                   daemon [_thread_in_native, id=17520, stack(0x00000034df500000,0x00000034df600000) (1024K)]
  0x00000188568ba4b0 JavaThread "Thread-5"                   daemon [_thread_in_native, id=36860, stack(0x00000034df600000,0x00000034df700000) (1024K)]
  0x00000188568bbef0 JavaThread "Thread-6"                   daemon [_thread_in_native, id=29228, stack(0x00000034df700000,0x00000034df800000) (1024K)]
  0x00000188568bc580 JavaThread "Thread-7"                   daemon [_thread_in_native, id=26680, stack(0x00000034df800000,0x00000034df900000) (1024K)]
  0x00000188568bcc10 JavaThread "Thread-8"                   daemon [_thread_in_native, id=16632, stack(0x00000034df900000,0x00000034dfa00000) (1024K)]
  0x00000188568bd2a0 JavaThread "Thread-9"                   daemon [_thread_in_native, id=26744, stack(0x00000034dfa00000,0x00000034dfb00000) (1024K)]
  0x00000188568b9e20 JavaThread "pool-2-thread-1"                   [_thread_blocked, id=6864, stack(0x00000034dfb00000,0x00000034dfc00000) (1024K)]
  0x00000188568c0090 JavaThread "WorkspaceEventsHandler"            [_thread_blocked, id=33744, stack(0x00000034dfd00000,0x00000034dfe00000) (1024K)]
  0x00000188568c0720 JavaThread "pool-1-thread-1"                   [_thread_blocked, id=22260, stack(0x00000034dfe00000,0x00000034dff00000) (1024K)]
Total: 34

Other Threads:
  0x000001887dd21ca0 VMThread "VM Thread"                           [id=29516, stack(0x00000034dcf00000,0x00000034dd000000) (1024K)]
  0x000001887dc3ca10 WatcherThread "VM Periodic Task Thread"        [id=11064, stack(0x00000034dce00000,0x00000034dcf00000) (1024K)]
  0x0000018875bfd480 WorkerThread "GC Thread#0"                     [id=31472, stack(0x00000034dcd00000,0x00000034dce00000) (1024K)]
  0x000001887facd0a0 WorkerThread "GC Thread#1"                     [id=16988, stack(0x00000034ddc00000,0x00000034ddd00000) (1024K)]
  0x000001887facd440 WorkerThread "GC Thread#2"                     [id=34796, stack(0x00000034ddd00000,0x00000034dde00000) (1024K)]
  0x000001885472e430 WorkerThread "GC Thread#3"                     [id=34088, stack(0x00000034dde00000,0x00000034ddf00000) (1024K)]
  0x000001885472e7d0 WorkerThread "GC Thread#4"                     [id=22644, stack(0x00000034ddf00000,0x00000034de000000) (1024K)]
  0x00000188545bb6c0 WorkerThread "GC Thread#5"                     [id=19484, stack(0x00000034de000000,0x00000034de100000) (1024K)]
  0x00000188545bba60 WorkerThread "GC Thread#6"                     [id=28740, stack(0x00000034de100000,0x00000034de200000) (1024K)]
  0x000001885448a1a0 WorkerThread "GC Thread#7"                     [id=25340, stack(0x00000034dd900000,0x00000034dda00000) (1024K)]
Total: 10

Threads with active compile tasks:
Total: 0

VM state: not at safepoint (normal execution)

VM Mutex/Monitor currently owned by a thread: None

Heap address: 0x0000000080000000, size: 2048 MB, Compressed Oops mode: 32-bit

CDS archive(s) mapped at: [0x000001880f000000-0x000001880fba0000-0x000001880fba0000), size 12189696, SharedBaseAddress: 0x000001880f000000, ArchiveRelocationMode: 1.
Compressed class space mapped at: 0x0000018810000000-0x0000018850000000, reserved size: 1073741824
Narrow klass base: 0x000001880f000000, Narrow klass shift: 0, Narrow klass range: 0x100000000

GC Precious Log:
 CardTable entry size: 512
 CPUs: 8 total, 8 available
 Memory: 32643M
 Large Page Support: Disabled
 NUMA Support: Disabled
 Compressed Oops: Enabled (32-bit)
 Alignments: Space 512K, Generation 512K, Heap 2M
 Heap Min Capacity: 100M
 Heap Initial Capacity: 100M
 Heap Max Capacity: 2G
 Pre-touch: Disabled
 Parallel Workers: 8

Heap:
 PSYoungGen      total 15872K, used 14229K [0x00000000d5580000, 0x00000000d6600000, 0x0000000100000000)
  eden space 14848K, 89% used [0x00000000d5580000,0x00000000d6280228,0x00000000d6400000)
  from space 1024K, 89% used [0x00000000d6500000,0x00000000d65e5240,0x00000000d6600000)
  to   space 1024K, 0% used [0x00000000d6400000,0x00000000d6400000,0x00000000d6500000)
 ParOldGen       total 77824K, used 76404K [0x0000000080000000, 0x0000000084c00000, 0x00000000d5580000)
  object space 77824K, 98% used [0x0000000080000000,0x0000000084a9d368,0x0000000084c00000)
 Metaspace       used 66321K, committed 67904K, reserved 1114112K
  class space    used 7109K, committed 7808K, reserved 1048576K

Card table byte_map: [0x00000188790a0000,0x00000188794b0000] _byte_map_base: 0x0000018878ca0000

Marking Bits: (ParMarkBitMap*) 0x00007ff95e77a340
 Begin Bits: [0x0000018879760000, 0x000001887b760000)
 End Bits:   [0x000001887b760000, 0x000001887d760000)

Polling page: 0x00000188743c0000

Metaspace:

Usage:
  Non-class:     57.82 MB used.
      Class:      6.94 MB used.
       Both:     64.77 MB used.

Virtual space:
  Non-class space:       64.00 MB reserved,      58.69 MB ( 92%) committed,  1 nodes.
      Class space:        1.00 GB reserved,       7.62 MB ( <1%) committed,  1 nodes.
             Both:        1.06 GB reserved,      66.31 MB (  6%) committed. 

Chunk freelists:
   Non-Class:  4.75 MB
       Class:  8.31 MB
        Both:  13.06 MB

MaxMetaspaceSize: unlimited
CompressedClassSpaceSize: 1.00 GB
Initial GC threshold: 21.00 MB
Current GC threshold: 97.31 MB
CDS: on
 - commit_granule_bytes: 65536.
 - commit_granule_words: 8192.
 - virtual_space_node_default_size: 8388608.
 - enlarge_chunks_in_place: 1.
 - use_allocation_guard: 0.


Internal statistics:

num_allocs_failed_limit: 9.
num_arena_births: 1232.
num_arena_deaths: 16.
num_vsnodes_births: 2.
num_vsnodes_deaths: 0.
num_space_committed: 1061.
num_space_uncommitted: 0.
num_chunks_returned_to_freelist: 25.
num_chunks_taken_from_freelist: 4210.
num_chunk_merges: 12.
num_chunk_splits: 2549.
num_chunks_enlarged: 1397.
num_inconsistent_stats: 0.

CodeHeap 'non-profiled nmethods': size=120000Kb used=8187Kb max_used=8187Kb free=111812Kb
 bounds [0x0000018807ad0000, 0x00000188082d0000, 0x000001880f000000]
CodeHeap 'profiled nmethods': size=120000Kb used=24423Kb max_used=24423Kb free=95577Kb
 bounds [0x0000018800000000, 0x00000188017e0000, 0x0000018807530000]
CodeHeap 'non-nmethods': size=5760Kb used=1458Kb max_used=1561Kb free=4301Kb
 bounds [0x0000018807530000, 0x00000188077a0000, 0x0000018807ad0000]
CodeCache: size=245760Kb, used=34068Kb, max_used=34171Kb, free=211690Kb
 total_blobs=11481, nmethods=10711, adapters=676, full_count=0
Compilation: enabled, stopped_count=0, restarted_count=0

Compilation events (20 events):
Event: 2130.292 Thread 0x000001887dd29f30 11486       4       org.eclipse.jdt.internal.compiler.env.ITypeAnnotationWalker$1::getAnnotationsAtCursor (4 bytes)
Event: 2130.293 Thread 0x000001887dd29f30 nmethod 11486 0x00000188082c1510 code [0x00000188082c16a0, 0x00000188082c1730]
Event: 2130.301 Thread 0x000001885799b720 nmethod 11482 0x00000188082c1810 code [0x00000188082c1a20, 0x00000188082c2248]
Event: 2130.593 Thread 0x000001885799e000 nmethod 11459 0x00000188082c2810 code [0x00000188082c2fe0, 0x00000188082ca4b0]
Event: 2191.016 Thread 0x000001887f73e650 11503   !   3       java.util.logging.LogManager::ensureLogManagerInitialized (144 bytes)
Event: 2191.018 Thread 0x000001887f73e650 nmethod 11503 0x00000188017d6510 code [0x00000188017d6820, 0x00000188017d7940]
Event: 2193.499 Thread 0x000001887f73e650 11504       1       org.eclipse.osgi.internal.framework.EquinoxContainer::getStorage (5 bytes)
Event: 2193.499 Thread 0x000001887f73e650 nmethod 11504 0x00000188082ce290 code [0x00000188082ce420, 0x00000188082ce4e8]
Event: 2592.898 Thread 0x000001887f73e650 11505       3       org.eclipse.jdt.ls.core.internal.ParentProcessWatcher::run (83 bytes)
Event: 2592.899 Thread 0x000001887f73e650 nmethod 11505 0x00000188017d7f10 code [0x00000188017d81a0, 0x00000188017d8bf8]
Event: 2592.899 Thread 0x000001887f73e650 11506       3       org.eclipse.jdt.ls.core.internal.ParentProcessWatcher::parentProcessStillRunning (62 bytes)
Event: 2592.899 Thread 0x000001887f73e650 nmethod 11506 0x00000188017d8f90 code [0x00000188017d91c0, 0x00000188017d98c8]
Event: 2673.613 Thread 0x000001887dd29f30 11507       4       java.util.concurrent.TimeUnit::toNanos (45 bytes)
Event: 2673.615 Thread 0x000001887dd29f30 nmethod 11507 0x00000188082ce590 code [0x00000188082ce720, 0x00000188082ce818]
Event: 2682.967 Thread 0x000001887f73e650 11508       3       java.lang.ProcessHandleImpl::<init> (15 bytes)
Event: 2682.968 Thread 0x000001887f73e650 nmethod 11508 0x00000188017d9b10 code [0x00000188017d9cc0, 0x00000188017d9e30]
Event: 3026.930 Thread 0x000001887f73e650 11509       1       org.eclipse.core.internal.jobs.InternalJob::setNext (6 bytes)
Event: 3026.931 Thread 0x000001887f73e650 nmethod 11509 0x00000188082ce910 code [0x00000188082ceaa0, 0x00000188082ceb80]
Event: 3026.932 Thread 0x000001887f73e650 11510       1       org.eclipse.core.internal.jobs.InternalJob::setPrevious (6 bytes)
Event: 3026.932 Thread 0x000001887f73e650 nmethod 11510 0x00000188082cec10 code [0x00000188082ceda0, 0x00000188082cee80]

GC Heap History (20 events):
Event: 63.822 GC heap before
{Heap before GC invocations=88 (full 3):
 PSYoungGen      total 16896K, used 16404K [0x00000000d5580000, 0x00000000d6780000, 0x0000000100000000)
  eden space 15872K, 100% used [0x00000000d5580000,0x00000000d6500000,0x00000000d6500000)
  from space 1024K, 52% used [0x00000000d6680000,0x00000000d67053e8,0x00000000d6780000)
  to   space 1024K, 0% used [0x00000000d6580000,0x00000000d6580000,0x00000000d6680000)
 ParOldGen       total 77824K, used 71872K [0x0000000080000000, 0x0000000084c00000, 0x00000000d5580000)
  object space 77824K, 92% used [0x0000000080000000,0x0000000084630018,0x0000000084c00000)
 Metaspace       used 61237K, committed 62720K, reserved 1114112K
  class space    used 6619K, committed 7296K, reserved 1048576K
}
Event: 63.824 GC heap after
{Heap after GC invocations=88 (full 3):
 PSYoungGen      total 16896K, used 352K [0x00000000d5580000, 0x00000000d6700000, 0x0000000100000000)
  eden space 15872K, 0% used [0x00000000d5580000,0x00000000d5580000,0x00000000d6500000)
  from space 1024K, 34% used [0x00000000d6580000,0x00000000d65d8000,0x00000000d6680000)
  to   space 512K, 0% used [0x00000000d6680000,0x00000000d6680000,0x00000000d6700000)
 ParOldGen       total 77824K, used 72244K [0x0000000080000000, 0x0000000084c00000, 0x00000000d5580000)
  object space 77824K, 92% used [0x0000000080000000,0x000000008468d278,0x0000000084c00000)
 Metaspace       used 61237K, committed 62720K, reserved 1114112K
  class space    used 6619K, committed 7296K, reserved 1048576K
}
Event: 64.386 GC heap before
{Heap before GC invocations=89 (full 3):
 PSYoungGen      total 16896K, used 16224K [0x00000000d5580000, 0x00000000d6700000, 0x0000000100000000)
  eden space 15872K, 100% used [0x00000000d5580000,0x00000000d6500000,0x00000000d6500000)
  from space 1024K, 34% used [0x00000000d6580000,0x00000000d65d8000,0x00000000d6680000)
  to   space 512K, 0% used [0x00000000d6680000,0x00000000d6680000,0x00000000d6700000)
 ParOldGen       total 77824K, used 72244K [0x0000000080000000, 0x0000000084c00000, 0x00000000d5580000)
  object space 77824K, 92% used [0x0000000080000000,0x000000008468d278,0x0000000084c00000)
 Metaspace       used 62417K, committed 63808K, reserved 1114112K
  class space    used 6750K, committed 7360K, reserved 1048576K
}
Event: 64.388 GC heap after
{Heap after GC invocations=89 (full 3):
 PSYoungGen      total 16384K, used 512K [0x00000000d5580000, 0x00000000d6700000, 0x0000000100000000)
  eden space 15872K, 0% used [0x00000000d5580000,0x00000000d5580000,0x00000000d6500000)
  from space 512K, 100% used [0x00000000d6680000,0x00000000d6700000,0x00000000d6700000)
  to   space 1024K, 0% used [0x00000000d6500000,0x00000000d6500000,0x00000000d6600000)
 ParOldGen       total 77824K, used 72548K [0x0000000080000000, 0x0000000084c00000, 0x00000000d5580000)
  object space 77824K, 93% used [0x0000000080000000,0x00000000846d9278,0x0000000084c00000)
 Metaspace       used 62417K, committed 63808K, reserved 1114112K
  class space    used 6750K, committed 7360K, reserved 1048576K
}
Event: 67.246 GC heap before
{Heap before GC invocations=90 (full 3):
 PSYoungGen      total 16384K, used 16332K [0x00000000d5580000, 0x00000000d6700000, 0x0000000100000000)
  eden space 15872K, 99% used [0x00000000d5580000,0x00000000d64f3178,0x00000000d6500000)
  from space 512K, 100% used [0x00000000d6680000,0x00000000d6700000,0x00000000d6700000)
  to   space 1024K, 0% used [0x00000000d6500000,0x00000000d6500000,0x00000000d6600000)
 ParOldGen       total 77824K, used 72548K [0x0000000080000000, 0x0000000084c00000, 0x00000000d5580000)
  object space 77824K, 93% used [0x0000000080000000,0x00000000846d9278,0x0000000084c00000)
 Metaspace       used 63454K, committed 64832K, reserved 1114112K
  class space    used 6874K, committed 7488K, reserved 1048576K
}
Event: 67.248 GC heap after
{Heap after GC invocations=90 (full 3):
 PSYoungGen      total 16896K, used 1006K [0x00000000d5580000, 0x00000000d6900000, 0x0000000100000000)
  eden space 15872K, 0% used [0x00000000d5580000,0x00000000d5580000,0x00000000d6500000)
  from space 1024K, 98% used [0x00000000d6500000,0x00000000d65fba10,0x00000000d6600000)
  to   space 2048K, 0% used [0x00000000d6700000,0x00000000d6700000,0x00000000d6900000)
 ParOldGen       total 77824K, used 73113K [0x0000000080000000, 0x0000000084c00000, 0x00000000d5580000)
  object space 77824K, 93% used [0x0000000080000000,0x0000000084766690,0x0000000084c00000)
 Metaspace       used 63454K, committed 64832K, reserved 1114112K
  class space    used 6874K, committed 7488K, reserved 1048576K
}
Event: 67.352 GC heap before
{Heap before GC invocations=91 (full 3):
 PSYoungGen      total 16896K, used 16867K [0x00000000d5580000, 0x00000000d6900000, 0x0000000100000000)
  eden space 15872K, 99% used [0x00000000d5580000,0x00000000d64fd288,0x00000000d6500000)
  from space 1024K, 98% used [0x00000000d6500000,0x00000000d65fba10,0x00000000d6600000)
  to   space 2048K, 0% used [0x00000000d6700000,0x00000000d6700000,0x00000000d6900000)
 ParOldGen       total 77824K, used 73113K [0x0000000080000000, 0x0000000084c00000, 0x00000000d5580000)
  object space 77824K, 93% used [0x0000000080000000,0x0000000084766690,0x0000000084c00000)
 Metaspace       used 63468K, committed 64896K, reserved 1114112K
  class space    used 6874K, committed 7488K, reserved 1048576K
}
Event: 67.354 GC heap after
{Heap after GC invocations=91 (full 3):
 PSYoungGen      total 17408K, used 1084K [0x00000000d5580000, 0x00000000d6880000, 0x0000000100000000)
  eden space 15872K, 0% used [0x00000000d5580000,0x00000000d5580000,0x00000000d6500000)
  from space 1536K, 70% used [0x00000000d6700000,0x00000000d680f2c0,0x00000000d6880000)
  to   space 1536K, 0% used [0x00000000d6580000,0x00000000d6580000,0x00000000d6700000)
 ParOldGen       total 77824K, used 74088K [0x0000000080000000, 0x0000000084c00000, 0x00000000d5580000)
  object space 77824K, 95% used [0x0000000080000000,0x000000008485a0a0,0x0000000084c00000)
 Metaspace       used 63468K, committed 64896K, reserved 1114112K
  class space    used 6874K, committed 7488K, reserved 1048576K
}
Event: 67.677 GC heap before
{Heap before GC invocations=92 (full 3):
 PSYoungGen      total 17408K, used 16094K [0x00000000d5580000, 0x00000000d6880000, 0x0000000100000000)
  eden space 15872K, 94% used [0x00000000d5580000,0x00000000d6428608,0x00000000d6500000)
  from space 1536K, 70% used [0x00000000d6700000,0x00000000d680f2c0,0x00000000d6880000)
  to   space 1536K, 0% used [0x00000000d6580000,0x00000000d6580000,0x00000000d6700000)
 ParOldGen       total 77824K, used 74088K [0x0000000080000000, 0x0000000084c00000, 0x00000000d5580000)
  object space 77824K, 95% used [0x0000000080000000,0x000000008485a0a0,0x0000000084c00000)
 Metaspace       used 63560K, committed 65024K, reserved 1114112K
  class space    used 6887K, committed 7488K, reserved 1048576K
}
Event: 67.678 GC heap after
{Heap after GC invocations=92 (full 3):
 PSYoungGen      total 16384K, used 224K [0x00000000d5580000, 0x00000000d6780000, 0x0000000100000000)
  eden space 15872K, 0% used [0x00000000d5580000,0x00000000d5580000,0x00000000d6500000)
  from space 512K, 43% used [0x00000000d6580000,0x00000000d65b8000,0x00000000d6600000)
  to   space 1024K, 0% used [0x00000000d6680000,0x00000000d6680000,0x00000000d6780000)
 ParOldGen       total 77824K, used 74216K [0x0000000080000000, 0x0000000084c00000, 0x00000000d5580000)
  object space 77824K, 95% used [0x0000000080000000,0x000000008487a0c0,0x0000000084c00000)
 Metaspace       used 63560K, committed 65024K, reserved 1114112K
  class space    used 6887K, committed 7488K, reserved 1048576K
}
Event: 68.013 GC heap before
{Heap before GC invocations=93 (full 3):
 PSYoungGen      total 16384K, used 16073K [0x00000000d5580000, 0x00000000d6780000, 0x0000000100000000)
  eden space 15872K, 99% used [0x00000000d5580000,0x00000000d64fa778,0x00000000d6500000)
  from space 512K, 43% used [0x00000000d6580000,0x00000000d65b8000,0x00000000d6600000)
  to   space 1024K, 0% used [0x00000000d6680000,0x00000000d6680000,0x00000000d6780000)
 ParOldGen       total 77824K, used 74216K [0x0000000080000000, 0x0000000084c00000, 0x00000000d5580000)
  object space 77824K, 95% used [0x0000000080000000,0x000000008487a0c0,0x0000000084c00000)
 Metaspace       used 64128K, committed 65600K, reserved 1114112K
  class space    used 6912K, committed 7552K, reserved 1048576K
}
Event: 68.016 GC heap after
{Heap after GC invocations=93 (full 3):
 PSYoungGen      total 15872K, used 1018K [0x00000000d5580000, 0x00000000d6a00000, 0x0000000100000000)
  eden space 14848K, 0% used [0x00000000d5580000,0x00000000d5580000,0x00000000d6400000)
  from space 1024K, 99% used [0x00000000d6680000,0x00000000d677e968,0x00000000d6780000)
  to   space 2560K, 0% used [0x00000000d6400000,0x00000000d6400000,0x00000000d6680000)
 ParOldGen       total 77824K, used 75110K [0x0000000080000000, 0x0000000084c00000, 0x00000000d5580000)
  object space 77824K, 96% used [0x0000000080000000,0x0000000084959a88,0x0000000084c00000)
 Metaspace       used 64128K, committed 65600K, reserved 1114112K
  class space    used 6912K, committed 7552K, reserved 1048576K
}
Event: 68.099 GC heap before
{Heap before GC invocations=94 (full 3):
 PSYoungGen      total 15872K, used 15866K [0x00000000d5580000, 0x00000000d6a00000, 0x0000000100000000)
  eden space 14848K, 100% used [0x00000000d5580000,0x00000000d6400000,0x00000000d6400000)
  from space 1024K, 99% used [0x00000000d6680000,0x00000000d677e968,0x00000000d6780000)
  to   space 2560K, 0% used [0x00000000d6400000,0x00000000d6400000,0x00000000d6680000)
 ParOldGen       total 77824K, used 75110K [0x0000000080000000, 0x0000000084c00000, 0x00000000d5580000)
  object space 77824K, 96% used [0x0000000080000000,0x0000000084959a88,0x0000000084c00000)
 Metaspace       used 64149K, committed 65600K, reserved 1114112K
  class space    used 6912K, committed 7552K, reserved 1048576K
}
Event: 68.101 GC heap after
{Heap after GC invocations=94 (full 3):
 PSYoungGen      total 16384K, used 1237K [0x00000000d5580000, 0x00000000d6700000, 0x0000000100000000)
  eden space 14848K, 0% used [0x00000000d5580000,0x00000000d5580000,0x00000000d6400000)
  from space 1536K, 80% used [0x00000000d6400000,0x00000000d6535418,0x00000000d6580000)
  to   space 1536K, 0% used [0x00000000d6580000,0x00000000d6580000,0x00000000d6700000)
 ParOldGen       total 77824K, used 75787K [0x0000000080000000, 0x0000000084c00000, 0x00000000d5580000)
  object space 77824K, 97% used [0x0000000080000000,0x0000000084a02cf0,0x0000000084c00000)
 Metaspace       used 64149K, committed 65600K, reserved 1114112K
  class space    used 6912K, committed 7552K, reserved 1048576K
}
Event: 68.188 GC heap before
{Heap before GC invocations=95 (full 3):
 PSYoungGen      total 16384K, used 16085K [0x00000000d5580000, 0x00000000d6700000, 0x0000000100000000)
  eden space 14848K, 100% used [0x00000000d5580000,0x00000000d6400000,0x00000000d6400000)
  from space 1536K, 80% used [0x00000000d6400000,0x00000000d6535418,0x00000000d6580000)
  to   space 1536K, 0% used [0x00000000d6580000,0x00000000d6580000,0x00000000d6700000)
 ParOldGen       total 77824K, used 75787K [0x0000000080000000, 0x0000000084c00000, 0x00000000d5580000)
  object space 77824K, 97% used [0x0000000080000000,0x0000000084a02cf0,0x0000000084c00000)
 Metaspace       used 64158K, committed 65664K, reserved 1114112K
  class space    used 6912K, committed 7552K, reserved 1048576K
}
Event: 68.191 GC heap after
{Heap after GC invocations=95 (full 3):
 PSYoungGen      total 16384K, used 1023K [0x00000000d5580000, 0x00000000d6700000, 0x0000000100000000)
  eden space 14848K, 0% used [0x00000000d5580000,0x00000000d5580000,0x00000000d6400000)
  from space 1536K, 66% used [0x00000000d6580000,0x00000000d667fe68,0x00000000d6700000)
  to   space 1536K, 0% used [0x00000000d6400000,0x00000000d6400000,0x00000000d6580000)
 ParOldGen       total 77824K, used 75988K [0x0000000080000000, 0x0000000084c00000, 0x00000000d5580000)
  object space 77824K, 97% used [0x0000000080000000,0x0000000084a35368,0x0000000084c00000)
 Metaspace       used 64158K, committed 65664K, reserved 1114112K
  class space    used 6912K, committed 7552K, reserved 1048576K
}
Event: 68.742 GC heap before
{Heap before GC invocations=96 (full 3):
 PSYoungGen      total 16384K, used 15871K [0x00000000d5580000, 0x00000000d6700000, 0x0000000100000000)
  eden space 14848K, 100% used [0x00000000d5580000,0x00000000d6400000,0x00000000d6400000)
  from space 1536K, 66% used [0x00000000d6580000,0x00000000d667fe68,0x00000000d6700000)
  to   space 1536K, 0% used [0x00000000d6400000,0x00000000d6400000,0x00000000d6580000)
 ParOldGen       total 77824K, used 75988K [0x0000000080000000, 0x0000000084c00000, 0x00000000d5580000)
  object space 77824K, 97% used [0x0000000080000000,0x0000000084a35368,0x0000000084c00000)
 Metaspace       used 65861K, committed 67328K, reserved 1114112K
  class space    used 7080K, committed 7744K, reserved 1048576K
}
Event: 68.745 GC heap after
{Heap after GC invocations=96 (full 3):
 PSYoungGen      total 15360K, used 512K [0x00000000d5580000, 0x00000000d6600000, 0x0000000100000000)
  eden space 14848K, 0% used [0x00000000d5580000,0x00000000d5580000,0x00000000d6400000)
  from space 512K, 100% used [0x00000000d6400000,0x00000000d6480000,0x00000000d6480000)
  to   space 1024K, 0% used [0x00000000d6500000,0x00000000d6500000,0x00000000d6600000)
 ParOldGen       total 77824K, used 76020K [0x0000000080000000, 0x0000000084c00000, 0x00000000d5580000)
  object space 77824K, 97% used [0x0000000080000000,0x0000000084a3d368,0x0000000084c00000)
 Metaspace       used 65861K, committed 67328K, reserved 1114112K
  class space    used 7080K, committed 7744K, reserved 1048576K
}
Event: 2130.014 GC heap before
{Heap before GC invocations=97 (full 3):
 PSYoungGen      total 15360K, used 15360K [0x00000000d5580000, 0x00000000d6600000, 0x0000000100000000)
  eden space 14848K, 100% used [0x00000000d5580000,0x00000000d6400000,0x00000000d6400000)
  from space 512K, 100% used [0x00000000d6400000,0x00000000d6480000,0x00000000d6480000)
  to   space 1024K, 0% used [0x00000000d6500000,0x00000000d6500000,0x00000000d6600000)
 ParOldGen       total 77824K, used 76020K [0x0000000080000000, 0x0000000084c00000, 0x00000000d5580000)
  object space 77824K, 97% used [0x0000000080000000,0x0000000084a3d368,0x0000000084c00000)
 Metaspace       used 66265K, committed 67840K, reserved 1114112K
  class space    used 7109K, committed 7808K, reserved 1048576K
}
Event: 2130.019 GC heap after
{Heap after GC invocations=97 (full 3):
 PSYoungGen      total 15872K, used 916K [0x00000000d5580000, 0x00000000d6600000, 0x0000000100000000)
  eden space 14848K, 0% used [0x00000000d5580000,0x00000000d5580000,0x00000000d6400000)
  from space 1024K, 89% used [0x00000000d6500000,0x00000000d65e5240,0x00000000d6600000)
  to   space 1024K, 0% used [0x00000000d6400000,0x00000000d6400000,0x00000000d6500000)
 ParOldGen       total 77824K, used 76404K [0x0000000080000000, 0x0000000084c00000, 0x00000000d5580000)
  object space 77824K, 98% used [0x0000000080000000,0x0000000084a9d368,0x0000000084c00000)
 Metaspace       used 66265K, committed 67840K, reserved 1114112K
  class space    used 7109K, committed 7808K, reserved 1048576K
}

Dll operation events (12 events):
Event: 0.019 Loaded shared library c:\Users\pedro\.vscode\extensions\redhat.java-1.46.0-win32-x64\jre\21.0.8-win32-x86_64\bin\java.dll
Event: 0.177 Loaded shared library c:\Users\pedro\.vscode\extensions\redhat.java-1.46.0-win32-x64\jre\21.0.8-win32-x86_64\bin\zip.dll
Event: 0.229 Loaded shared library C:\Users\pedro\.vscode\extensions\redhat.java-1.46.0-win32-x64\jre\21.0.8-win32-x86_64\bin\instrument.dll
Event: 0.242 Loaded shared library C:\Users\pedro\.vscode\extensions\redhat.java-1.46.0-win32-x64\jre\21.0.8-win32-x86_64\bin\net.dll
Event: 0.247 Loaded shared library C:\Users\pedro\.vscode\extensions\redhat.java-1.46.0-win32-x64\jre\21.0.8-win32-x86_64\bin\nio.dll
Event: 0.253 Loaded shared library C:\Users\pedro\.vscode\extensions\redhat.java-1.46.0-win32-x64\jre\21.0.8-win32-x86_64\bin\zip.dll
Event: 0.312 Loaded shared library C:\Users\pedro\.vscode\extensions\redhat.java-1.46.0-win32-x64\jre\21.0.8-win32-x86_64\bin\jimage.dll
Event: 0.499 Loaded shared library c:\Users\pedro\.vscode\extensions\redhat.java-1.46.0-win32-x64\jre\21.0.8-win32-x86_64\bin\verify.dll
Event: 10.311 Loaded shared library C:\Users\pedro\AppData\Roaming\Code\User\globalStorage\redhat.java\1.46.0\config_win\org.eclipse.equinox.launcher\org.eclipse.equinox.launcher.win32.win32.x86_64_1.2.1400.v20250801-0854\eclipse_11916.dll
Event: 26.773 Loaded shared library C:\Users\pedro\AppData\Local\Temp\jna-106542988\jna1769685338667738538.dll
Event: 31.542 Loaded shared library C:\Users\pedro\.vscode\extensions\redhat.java-1.46.0-win32-x64\jre\21.0.8-win32-x86_64\bin\sunmscapi.dll
Event: 31.868 Loaded shared library C:\Users\pedro\.vscode\extensions\redhat.java-1.46.0-win32-x64\jre\21.0.8-win32-x86_64\bin\extnet.dll

Deoptimization events (20 events):
Event: 2130.212 Thread 0x0000018855545d60 DEOPT PACKING pc=0x000001880827430c sp=0x00000034dc9fe5d0
Event: 2130.212 Thread 0x0000018855545d60 DEOPT UNPACKING pc=0x0000018807583aa2 sp=0x00000034dc9fe570 mode 2
Event: 2130.212 Thread 0x0000018855545d60 Uncommon trap: trap_request=0xffffffde fr.pc=0x00000188082742d4 relative=0x00000000000009f4
Event: 2130.212 Thread 0x0000018855545d60 Uncommon trap: reason=class_check action=maybe_recompile pc=0x00000188082742d4 method=org.eclipse.jdt.internal.compiler.parser.Parser.consumeRule(I)V @ 4146 c2
Event: 2130.212 Thread 0x0000018855545d60 DEOPT PACKING pc=0x00000188082742d4 sp=0x00000034dc9fe5d0
Event: 2130.212 Thread 0x0000018855545d60 DEOPT UNPACKING pc=0x0000018807583aa2 sp=0x00000034dc9fe570 mode 2
Event: 2130.212 Thread 0x0000018855545d60 Uncommon trap: trap_request=0xffffffde fr.pc=0x0000018808274140 relative=0x0000000000000860
Event: 2130.212 Thread 0x0000018855545d60 Uncommon trap: reason=class_check action=maybe_recompile pc=0x0000018808274140 method=org.eclipse.jdt.internal.compiler.parser.Parser.consumeRule(I)V @ 4350 c2
Event: 2130.212 Thread 0x0000018855545d60 DEOPT PACKING pc=0x0000018808274140 sp=0x00000034dc9fe5d0
Event: 2130.212 Thread 0x0000018855545d60 DEOPT UNPACKING pc=0x0000018807583aa2 sp=0x00000034dc9fe568 mode 2
Event: 2130.212 Thread 0x0000018855545d60 Uncommon trap: trap_request=0xffffff45 fr.pc=0x0000018808276b70 relative=0x0000000000003290
Event: 2130.212 Thread 0x0000018855545d60 Uncommon trap: reason=unstable_if action=reinterpret pc=0x0000018808276b70 method=org.eclipse.jdt.internal.compiler.parser.Parser.consumeRule(I)V @ 1 c2
Event: 2130.212 Thread 0x0000018855545d60 DEOPT PACKING pc=0x0000018808276b70 sp=0x00000034dc9fe5d0
Event: 2130.212 Thread 0x0000018855545d60 DEOPT UNPACKING pc=0x0000018807583aa2 sp=0x00000034dc9fe570 mode 2
Event: 2130.244 Thread 0x0000018855545d60 DEOPT PACKING pc=0x0000018800f9c5e2 sp=0x00000034dc9fda30
Event: 2130.244 Thread 0x0000018855545d60 DEOPT UNPACKING pc=0x0000018807584242 sp=0x00000034dc9fcfa8 mode 0
Event: 2130.262 Thread 0x0000018855545d60 Uncommon trap: trap_request=0xffffff6e fr.pc=0x00000188082bb048 relative=0x00000000000003e8
Event: 2130.262 Thread 0x0000018855545d60 Uncommon trap: reason=loop_limit_check action=maybe_recompile pc=0x00000188082bb048 method=org.eclipse.jdt.core.compiler.CharOperation.concatWith([[CC)[C @ 121 c2
Event: 2130.262 Thread 0x0000018855545d60 DEOPT PACKING pc=0x00000188082bb048 sp=0x00000034dc9fd430
Event: 2130.262 Thread 0x0000018855545d60 DEOPT UNPACKING pc=0x0000018807583aa2 sp=0x00000034dc9fd3f0 mode 2

Classes loaded (20 events):
Event: 67.844 Loading class java/util/stream/ReduceOps$1ReducingSink
Event: 67.844 Loading class java/util/stream/ReduceOps$1ReducingSink done
Event: 68.679 Loading class java/util/stream/ReferencePipeline$4
Event: 68.679 Loading class java/util/stream/ReferencePipeline$4 done
Event: 68.680 Loading class java/util/stream/Nodes$IntFixedNodeBuilder
Event: 68.680 Loading class java/util/stream/Node$Builder$OfInt
Event: 68.680 Loading class java/util/stream/Node$Builder$OfInt done
Event: 68.680 Loading class java/util/stream/Nodes$IntArrayNode
Event: 68.680 Loading class java/util/stream/Nodes$IntArrayNode done
Event: 68.680 Loading class java/util/stream/Nodes$IntFixedNodeBuilder done
Event: 68.681 Loading class java/util/stream/ReferencePipeline$4$1
Event: 68.681 Loading class java/util/stream/ReferencePipeline$4$1 done
Event: 68.877 Loading class java/lang/StringLatin1$LinesSpliterator
Event: 68.877 Loading class java/lang/StringLatin1$LinesSpliterator done
Event: 69.694 Loading class java/util/AbstractList$RandomAccessSubList
Event: 69.695 Loading class java/util/AbstractList$SubList
Event: 69.695 Loading class java/util/AbstractList$SubList done
Event: 69.695 Loading class java/util/AbstractList$RandomAccessSubList done
Event: 69.695 Loading class java/util/AbstractList$SubList$1
Event: 69.695 Loading class java/util/AbstractList$SubList$1 done

Classes unloaded (8 events):
Event: 28.033 Thread 0x000001887dd21ca0 Unloading class 0x00000188101a9400 'java/lang/invoke/LambdaForm$MH+0x00000188101a9400'
Event: 28.033 Thread 0x000001887dd21ca0 Unloading class 0x00000188101a9000 'java/lang/invoke/LambdaForm$MH+0x00000188101a9000'
Event: 28.033 Thread 0x000001887dd21ca0 Unloading class 0x00000188101a8c00 'java/lang/invoke/LambdaForm$MH+0x00000188101a8c00'
Event: 28.033 Thread 0x000001887dd21ca0 Unloading class 0x00000188101a8800 'java/lang/invoke/LambdaForm$MH+0x00000188101a8800'
Event: 28.033 Thread 0x000001887dd21ca0 Unloading class 0x00000188101a8400 'java/lang/invoke/LambdaForm$BMH+0x00000188101a8400'
Event: 28.033 Thread 0x000001887dd21ca0 Unloading class 0x00000188101a8000 'java/lang/invoke/LambdaForm$DMH+0x00000188101a8000'
Event: 28.033 Thread 0x000001887dd21ca0 Unloading class 0x00000188101a6c00 'java/lang/invoke/LambdaForm$DMH+0x00000188101a6c00'
Event: 60.128 Thread 0x000001887dd21ca0 Unloading class 0x00000188106cc800 'java/lang/invoke/LambdaForm$DMH+0x00000188106cc800'

Classes redefined (0 events):
No events

Internal exceptions (20 events):
Event: 64.378 Thread 0x00000188568c0db0 Exception <a 'java/lang/NoSuchMethodError'{0x00000000d64be660}: 'int java.lang.invoke.DirectMethodHandle$Holder.invokeSpecialIFC(java.lang.Object, java.lang.Object, java.lang.Object)'> (0x00000000d64be660) 
thrown [s\src\hotspot\share\interpreter\linkResolver.cpp, line 773]
Event: 67.229 Thread 0x00000188568bf370 Exception <a 'sun/nio/fs/WindowsException'{0x00000000d63e3fc0}> (0x00000000d63e3fc0) 
thrown [s\src\hotspot\share\prims\jni.cpp, line 520]
Event: 67.229 Thread 0x00000188568bf370 Exception <a 'sun/nio/fs/WindowsException'{0x00000000d63e48b0}> (0x00000000d63e48b0) 
thrown [s\src\hotspot\share\prims\jni.cpp, line 520]
Event: 67.230 Thread 0x00000188568bf370 Exception <a 'sun/nio/fs/WindowsException'{0x00000000d63e56e8}> (0x00000000d63e56e8) 
thrown [s\src\hotspot\share\prims\jni.cpp, line 520]
Event: 67.230 Thread 0x00000188568bf370 Exception <a 'sun/nio/fs/WindowsException'{0x00000000d63e5fd8}> (0x00000000d63e5fd8) 
thrown [s\src\hotspot\share\prims\jni.cpp, line 520]
Event: 67.231 Thread 0x00000188568bf370 Exception <a 'sun/nio/fs/WindowsException'{0x00000000d63e78a0}> (0x00000000d63e78a0) 
thrown [s\src\hotspot\share\prims\jni.cpp, line 520]
Event: 67.231 Thread 0x00000188568bf370 Exception <a 'sun/nio/fs/WindowsException'{0x00000000d63e8190}> (0x00000000d63e8190) 
thrown [s\src\hotspot\share\prims\jni.cpp, line 520]
Event: 67.239 Thread 0x00000188568bf370 Exception <a 'sun/nio/fs/WindowsException'{0x00000000d644c650}> (0x00000000d644c650) 
thrown [s\src\hotspot\share\prims\jni.cpp, line 520]
Event: 67.239 Thread 0x00000188568bf370 Exception <a 'sun/nio/fs/WindowsException'{0x00000000d6465640}> (0x00000000d6465640) 
thrown [s\src\hotspot\share\prims\jni.cpp, line 520]
Event: 67.430 Thread 0x000001885411a660 Exception <a 'java/lang/NoSuchMethodError'{0x00000000d6052160}: 'java.lang.Object java.lang.invoke.DirectMethodHandle$Holder.invokeSpecial(java.lang.Object, java.lang.Object, int, long)'> (0x00000000d6052160) 
thrown [s\src\hotspot\share\interpreter\linkResolver.cpp, line 773]
Event: 67.434 Thread 0x000001885411a660 Exception <a 'sun/nio/fs/WindowsException'{0x00000000d609e130}> (0x00000000d609e130) 
thrown [s\src\hotspot\share\prims\jni.cpp, line 520]
Event: 67.434 Thread 0x000001885411a660 Exception <a 'sun/nio/fs/WindowsException'{0x00000000d609e770}> (0x00000000d609e770) 
thrown [s\src\hotspot\share\prims\jni.cpp, line 520]
Event: 68.474 Thread 0x000001885411a660 Exception <a 'java/lang/NoSuchMethodError'{0x00000000d6097528}: 'java.lang.Object java.lang.invoke.DirectMethodHandle$Holder.invokeStatic(java.lang.Object, java.lang.Object, int, java.lang.Object)'> (0x00000000d6097528) 
thrown [s\src\hotspot\share\interpreter\linkResolver.cpp, line 773]
Event: 68.475 Thread 0x000001885411a660 Exception <a 'java/lang/NoSuchMethodError'{0x00000000d609db58}: 'java.lang.Object java.lang.invoke.DirectMethodHandle$Holder.newInvokeSpecial(java.lang.Object, java.lang.Object, int)'> (0x00000000d609db58) 
thrown [s\src\hotspot\share\interpreter\linkResolver.cpp, line 773]
Event: 68.878 Thread 0x000001885411a660 Exception <a 'java/lang/NoSuchMethodError'{0x00000000d5679d08}: 'java.lang.Object java.lang.invoke.DirectMethodHandle$Holder.invokeStatic(java.lang.Object, int, java.lang.Object)'> (0x00000000d5679d08) 
thrown [s\src\hotspot\share\interpreter\linkResolver.cpp, line 773]
Event: 69.739 Thread 0x00000188568bece0 Exception <a 'sun/nio/fs/WindowsException'{0x00000000d5d96838}> (0x00000000d5d96838) 
thrown [s\src\hotspot\share\prims\jni.cpp, line 520]
Event: 69.739 Thread 0x00000188568bece0 Exception <a 'sun/nio/fs/WindowsException'{0x00000000d5d97148}> (0x00000000d5d97148) 
thrown [s\src\hotspot\share\prims\jni.cpp, line 520]
Event: 70.229 Thread 0x000001885411a660 Exception <a 'sun/nio/fs/WindowsException'{0x00000000d5937208}> (0x00000000d5937208) 
thrown [s\src\hotspot\share\prims\jni.cpp, line 520]
Event: 70.230 Thread 0x000001885411a660 Exception <a 'sun/nio/fs/WindowsException'{0x00000000d5937848}> (0x00000000d5937848) 
thrown [s\src\hotspot\share\prims\jni.cpp, line 520]
Event: 1094.004 Thread 0x00000188568c0720 Exception <a 'java/lang/IncompatibleClassChangeError'{0x00000000d61de150}: Found class java.lang.Object, but interface was expected> (0x00000000d61de150) 
thrown [s\src\hotspot\share\interpreter\linkResolver.cpp, line 840]

ZGC Phase Switch (0 events):
No events

VM Operations (20 events):
Event: 2706.010 Executing VM operation: HandshakeAllThreads (HandshakeForDeflation)
Event: 2706.010 Executing VM operation: HandshakeAllThreads (HandshakeForDeflation) done
Event: 2706.010 Executing VM operation: RendezvousGCThreads
Event: 2706.010 Executing VM operation: RendezvousGCThreads done
Event: 2826.312 Executing VM operation: HandshakeAllThreads (HandshakeForDeflation)
Event: 2826.312 Executing VM operation: HandshakeAllThreads (HandshakeForDeflation) done
Event: 2826.312 Executing VM operation: RendezvousGCThreads
Event: 2826.312 Executing VM operation: RendezvousGCThreads done
Event: 2886.434 Executing VM operation: HandshakeAllThreads (HandshakeForDeflation)
Event: 2886.434 Executing VM operation: HandshakeAllThreads (HandshakeForDeflation) done
Event: 2886.434 Executing VM operation: RendezvousGCThreads
Event: 2886.434 Executing VM operation: RendezvousGCThreads done
Event: 2946.565 Executing VM operation: HandshakeAllThreads (HandshakeForDeflation)
Event: 2946.565 Executing VM operation: HandshakeAllThreads (HandshakeForDeflation) done
Event: 2946.565 Executing VM operation: RendezvousGCThreads
Event: 2946.565 Executing VM operation: RendezvousGCThreads done
Event: 3187.240 Executing VM operation: HandshakeAllThreads (HandshakeForDeflation)
Event: 3187.240 Executing VM operation: HandshakeAllThreads (HandshakeForDeflation) done
Event: 3187.240 Executing VM operation: RendezvousGCThreads
Event: 3187.240 Executing VM operation: RendezvousGCThreads done

Memory protections (0 events):
No events

Nmethod flushes (20 events):
Event: 60.169 Thread 0x000001887dd21ca0 flushing  nmethod 0x00000188008f0990
Event: 60.169 Thread 0x000001887dd21ca0 flushing  nmethod 0x00000188008f0e10
Event: 60.169 Thread 0x000001887dd21ca0 flushing  nmethod 0x00000188008f1210
Event: 60.169 Thread 0x000001887dd21ca0 flushing  nmethod 0x00000188008f1690
Event: 60.169 Thread 0x000001887dd21ca0 flushing  nmethod 0x00000188008f7b90
Event: 60.169 Thread 0x000001887dd21ca0 flushing  nmethod 0x00000188008f9990
Event: 60.169 Thread 0x000001887dd21ca0 flushing  nmethod 0x00000188008fa090
Event: 60.169 Thread 0x000001887dd21ca0 flushing  nmethod 0x00000188008fb610
Event: 60.169 Thread 0x000001887dd21ca0 flushing  nmethod 0x0000018800902510
Event: 60.169 Thread 0x000001887dd21ca0 flushing  nmethod 0x0000018800902990
Event: 60.169 Thread 0x000001887dd21ca0 flushing  nmethod 0x0000018800902d90
Event: 60.169 Thread 0x000001887dd21ca0 flushing  nmethod 0x0000018800904790
Event: 60.169 Thread 0x000001887dd21ca0 flushing  nmethod 0x0000018800904b90
Event: 60.169 Thread 0x000001887dd21ca0 flushing  nmethod 0x0000018800905010
Event: 60.169 Thread 0x000001887dd21ca0 flushing  nmethod 0x0000018800905610
Event: 60.169 Thread 0x000001887dd21ca0 flushing  nmethod 0x0000018800905a10
Event: 60.169 Thread 0x000001887dd21ca0 flushing osr nmethod 0x0000018800938410
Event: 60.169 Thread 0x000001887dd21ca0 flushing  nmethod 0x0000018800984210
Event: 60.169 Thread 0x000001887dd21ca0 flushing  nmethod 0x000001880098c410
Event: 60.169 Thread 0x000001887dd21ca0 flushing  nmethod 0x000001880098eb10

Events (20 events):
Event: 70.223 Thread 0x000001885799e000 Thread exited: 0x000001885799e000
Event: 70.223 Thread 0x0000018855d51550 Thread exited: 0x0000018855d51550
Event: 130.034 Thread 0x000001885411c0a0 Thread exited: 0x000001885411c0a0
Event: 130.236 Thread 0x000001885411cdc0 Thread exited: 0x000001885411cdc0
Event: 130.236 Thread 0x00000188568bf370 Thread exited: 0x00000188568bf370
Event: 130.375 Thread 0x000001885411ba10 Thread exited: 0x000001885411ba10
Event: 190.250 Thread 0x00000188568bece0 Thread exited: 0x00000188568bece0
Event: 250.255 Thread 0x00000188568c0db0 Thread exited: 0x00000188568c0db0
Event: 310.269 Thread 0x00000188568be650 Thread exited: 0x00000188568be650
Event: 370.272 Thread 0x00000188568bdfc0 Thread exited: 0x00000188568bdfc0
Event: 430.275 Thread 0x00000188568bfa00 Thread exited: 0x00000188568bfa00
Event: 490.281 Thread 0x0000018855543c90 Thread exited: 0x0000018855543c90
Event: 2129.967 Thread 0x00000188568c0720 Thread added: 0x0000018855545d60
Event: 2129.986 Thread 0x0000018855545d60 Thread added: 0x00000188555463f0
Event: 2130.250 Thread 0x000001887dd29f30 Thread added: 0x000001885799e000
Event: 2130.271 Thread 0x000001887f73e650 Thread added: 0x000001885799b720
Event: 2135.297 Thread 0x000001885799b720 Thread exited: 0x000001885799b720
Event: 2140.312 Thread 0x000001885799e000 Thread exited: 0x000001885799e000
Event: 2190.288 Thread 0x0000018855545d60 Thread exited: 0x0000018855545d60
Event: 2250.289 Thread 0x00000188555463f0 Thread exited: 0x00000188555463f0


Dynamic libraries:
0x00007ff60dd90000 - 0x00007ff60dd9e000 	c:\Users\pedro\.vscode\extensions\redhat.java-1.46.0-win32-x64\jre\21.0.8-win32-x86_64\bin\java.exe
0x00007ff9ba9e0000 - 0x00007ff9bac48000 	C:\WINDOWS\SYSTEM32\ntdll.dll
0x00007ff9ba1e0000 - 0x00007ff9ba2a9000 	C:\WINDOWS\System32\KERNEL32.DLL
0x00007ff9b7b70000 - 0x00007ff9b7f62000 	C:\WINDOWS\System32\KERNELBASE.dll
0x00007ff9b85c0000 - 0x00007ff9b870b000 	C:\WINDOWS\System32\ucrtbase.dll
0x00007ff9a4fa0000 - 0x00007ff9a4fb8000 	c:\Users\pedro\.vscode\extensions\redhat.java-1.46.0-win32-x64\jre\21.0.8-win32-x86_64\bin\jli.dll
0x00007ff9b8e30000 - 0x00007ff9b8ff5000 	C:\WINDOWS\System32\USER32.dll
0x00007ff9b8360000 - 0x00007ff9b8387000 	C:\WINDOWS\System32\win32u.dll
0x00007ff9ba4c0000 - 0x00007ff9ba4eb000 	C:\WINDOWS\System32\GDI32.dll
0x00007ff9ae860000 - 0x00007ff9ae87e000 	c:\Users\pedro\.vscode\extensions\redhat.java-1.46.0-win32-x64\jre\21.0.8-win32-x86_64\bin\VCRUNTIME140.dll
0x00007ff9b8020000 - 0x00007ff9b814d000 	C:\WINDOWS\System32\gdi32full.dll
0x00007ff9b7f70000 - 0x00007ff9b8013000 	C:\WINDOWS\System32\msvcp_win.dll
0x00007ff9a1b90000 - 0x00007ff9a1e23000 	C:\WINDOWS\WinSxS\amd64_microsoft.windows.common-controls_6595b64144ccf1df_6.0.26100.6899_none_3e0efeeae32e88c1\COMCTL32.dll
0x00007ff9ba0b0000 - 0x00007ff9ba159000 	C:\WINDOWS\System32\msvcrt.dll
0x00007ff9ba070000 - 0x00007ff9ba09f000 	C:\WINDOWS\System32\IMM32.DLL
0x00007ff9ace10000 - 0x00007ff9ace1c000 	c:\Users\pedro\.vscode\extensions\redhat.java-1.46.0-win32-x64\jre\21.0.8-win32-x86_64\bin\vcruntime140_1.dll
0x00007ff9a0e90000 - 0x00007ff9a0f1d000 	c:\Users\pedro\.vscode\extensions\redhat.java-1.46.0-win32-x64\jre\21.0.8-win32-x86_64\bin\msvcp140.dll
0x00007ff95dac0000 - 0x00007ff95e857000 	c:\Users\pedro\.vscode\extensions\redhat.java-1.46.0-win32-x64\jre\21.0.8-win32-x86_64\bin\server\jvm.dll
0x00007ff9ba310000 - 0x00007ff9ba3c4000 	C:\WINDOWS\System32\ADVAPI32.dll
0x00007ff9b9630000 - 0x00007ff9b96d6000 	C:\WINDOWS\System32\sechost.dll
0x00007ff9b97d0000 - 0x00007ff9b98e8000 	C:\WINDOWS\System32\RPCRT4.dll
0x00007ff9ba160000 - 0x00007ff9ba1d4000 	C:\WINDOWS\System32\WS2_32.dll
0x00007ff9b79d0000 - 0x00007ff9b7a2e000 	C:\WINDOWS\SYSTEM32\POWRPROF.dll
0x00007ff9a7570000 - 0x00007ff9a757b000 	C:\WINDOWS\SYSTEM32\VERSION.dll
0x00007ff9a20b0000 - 0x00007ff9a20e5000 	C:\WINDOWS\SYSTEM32\WINMM.dll
0x00007ff9b79b0000 - 0x00007ff9b79c4000 	C:\WINDOWS\SYSTEM32\UMPDC.dll
0x00007ff9b6900000 - 0x00007ff9b691b000 	C:\WINDOWS\SYSTEM32\kernel.appcore.dll
0x00007ff9abfe0000 - 0x00007ff9abfea000 	c:\Users\pedro\.vscode\extensions\redhat.java-1.46.0-win32-x64\jre\21.0.8-win32-x86_64\bin\jimage.dll
0x00007ff9b5170000 - 0x00007ff9b53b2000 	C:\WINDOWS\SYSTEM32\DBGHELP.DLL
0x00007ff9b87b0000 - 0x00007ff9b8b2b000 	C:\WINDOWS\System32\combase.dll
0x00007ff9ba8b0000 - 0x00007ff9ba987000 	C:\WINDOWS\System32\OLEAUT32.dll
0x00007ff9a0800000 - 0x00007ff9a083c000 	C:\WINDOWS\SYSTEM32\dbgcore.DLL
0x00007ff9b8710000 - 0x00007ff9b87a8000 	C:\WINDOWS\System32\bcryptPrimitives.dll
0x00007ff9a4f90000 - 0x00007ff9a4f9f000 	c:\Users\pedro\.vscode\extensions\redhat.java-1.46.0-win32-x64\jre\21.0.8-win32-x86_64\bin\instrument.dll
0x00007ff9a0fb0000 - 0x00007ff9a0fcf000 	c:\Users\pedro\.vscode\extensions\redhat.java-1.46.0-win32-x64\jre\21.0.8-win32-x86_64\bin\java.dll
0x00007ff9b98f0000 - 0x00007ff9ba03d000 	C:\WINDOWS\System32\SHELL32.dll
0x00007ff9b8390000 - 0x00007ff9b84fb000 	C:\WINDOWS\System32\wintypes.dll
0x00007ff9b57a0000 - 0x00007ff9b5ffd000 	C:\WINDOWS\SYSTEM32\windows.storage.dll
0x00007ff9b9520000 - 0x00007ff9b9612000 	C:\WINDOWS\System32\SHCORE.dll
0x00007ff9b96e0000 - 0x00007ff9b9742000 	C:\WINDOWS\System32\shlwapi.dll
0x00007ff9b7a90000 - 0x00007ff9b7ab9000 	C:\WINDOWS\SYSTEM32\profapi.dll
0x00007ff9a0e70000 - 0x00007ff9a0e88000 	c:\Users\pedro\.vscode\extensions\redhat.java-1.46.0-win32-x64\jre\21.0.8-win32-x86_64\bin\zip.dll
0x00007ff9a0f40000 - 0x00007ff9a0f50000 	C:\Users\pedro\.vscode\extensions\redhat.java-1.46.0-win32-x64\jre\21.0.8-win32-x86_64\bin\net.dll
0x00007ff9ac210000 - 0x00007ff9ac32f000 	C:\WINDOWS\SYSTEM32\WINHTTP.dll
0x00007ff9b6e60000 - 0x00007ff9b6ecb000 	C:\WINDOWS\system32\mswsock.dll
0x00007ff9a0e50000 - 0x00007ff9a0e66000 	C:\Users\pedro\.vscode\extensions\redhat.java-1.46.0-win32-x64\jre\21.0.8-win32-x86_64\bin\nio.dll
0x00007ff9a0e40000 - 0x00007ff9a0e50000 	c:\Users\pedro\.vscode\extensions\redhat.java-1.46.0-win32-x64\jre\21.0.8-win32-x86_64\bin\verify.dll
0x00007ff97f200000 - 0x00007ff97f244000 	C:\Users\pedro\AppData\Roaming\Code\User\globalStorage\redhat.java\1.46.0\config_win\org.eclipse.equinox.launcher\org.eclipse.equinox.launcher.win32.win32.x86_64_1.2.1400.v20250801-0854\eclipse_11916.dll
0x00007ff9b8c90000 - 0x00007ff9b8e28000 	C:\WINDOWS\System32\ole32.dll
0x00007ff9b7140000 - 0x00007ff9b715b000 	C:\WINDOWS\SYSTEM32\CRYPTSP.dll
0x00007ff9b6860000 - 0x00007ff9b689b000 	C:\WINDOWS\system32\rsaenh.dll
0x00007ff9b6f00000 - 0x00007ff9b6f2b000 	C:\WINDOWS\SYSTEM32\USERENV.dll
0x00007ff9b7a60000 - 0x00007ff9b7a86000 	C:\WINDOWS\SYSTEM32\bcrypt.dll
0x00007ff9b7160000 - 0x00007ff9b716c000 	C:\WINDOWS\SYSTEM32\CRYPTBASE.dll
0x00007ff9b6350000 - 0x00007ff9b6384000 	C:\WINDOWS\SYSTEM32\IPHLPAPI.DLL
0x00007ff9b9620000 - 0x00007ff9b962a000 	C:\WINDOWS\System32\NSI.dll
0x00007ff978010000 - 0x00007ff978059000 	C:\Users\pedro\AppData\Local\Temp\jna-106542988\jna1769685338667738538.dll
0x00007ff9b9490000 - 0x00007ff9b9498000 	C:\WINDOWS\System32\PSAPI.DLL
0x00007ff9acd40000 - 0x00007ff9acd5e000 	C:\WINDOWS\SYSTEM32\dhcpcsvc6.DLL
0x00007ff9acd90000 - 0x00007ff9acdb3000 	C:\WINDOWS\SYSTEM32\dhcpcsvc.DLL
0x00007ff9a5ad0000 - 0x00007ff9a5ade000 	C:\Users\pedro\.vscode\extensions\redhat.java-1.46.0-win32-x64\jre\21.0.8-win32-x86_64\bin\sunmscapi.dll
0x00007ff9b81e0000 - 0x00007ff9b8357000 	C:\WINDOWS\System32\CRYPT32.dll
0x00007ff9b7380000 - 0x00007ff9b73b0000 	C:\WINDOWS\SYSTEM32\ncrypt.dll
0x00007ff9b7330000 - 0x00007ff9b736f000 	C:\WINDOWS\SYSTEM32\NTASN1.dll
0x00007ff9b63f0000 - 0x00007ff9b6516000 	C:\WINDOWS\SYSTEM32\DNSAPI.dll
0x00007ff9a7580000 - 0x00007ff9a758b000 	C:\Windows\System32\rasadhlp.dll
0x00007ff9a8220000 - 0x00007ff9a82a6000 	C:\WINDOWS\System32\fwpuclnt.dll
0x00007ff9a0ca0000 - 0x00007ff9a0ca9000 	C:\Users\pedro\.vscode\extensions\redhat.java-1.46.0-win32-x64\jre\21.0.8-win32-x86_64\bin\extnet.dll

JVMTI agents:
c:\Users\pedro\.vscode\extensions\redhat.java-1.46.0-win32-x64\lombok\lombok-1.18.39-4050.jar path:c:\Users\pedro\.vscode\extensions\redhat.java-1.46.0-win32-x64\jre\21.0.8-win32-x86_64\bin\instrument.dll, loaded, initialized, instrumentlib options:none

dbghelp: loaded successfully - version: 4.0.5 - missing functions: none
symbol engine: initialized successfully - sym options: 0x614 - pdb path: .;c:\Users\pedro\.vscode\extensions\redhat.java-1.46.0-win32-x64\jre\21.0.8-win32-x86_64\bin;C:\WINDOWS\SYSTEM32;C:\WINDOWS\WinSxS\amd64_microsoft.windows.common-controls_6595b64144ccf1df_6.0.26100.6899_none_3e0efeeae32e88c1;c:\Users\pedro\.vscode\extensions\redhat.java-1.46.0-win32-x64\jre\21.0.8-win32-x86_64\bin\server;C:\Users\pedro\AppData\Roaming\Code\User\globalStorage\redhat.java\1.46.0\config_win\org.eclipse.equinox.launcher\org.eclipse.equinox.launcher.win32.win32.x86_64_1.2.1400.v20250801-0854;C:\Users\pedro\AppData\Local\Temp\jna-106542988

VM Arguments:
jvm_args: --add-modules=ALL-SYSTEM --add-opens=java.base/java.util=ALL-UNNAMED --add-opens=java.base/java.lang=ALL-UNNAMED --add-opens=java.base/sun.nio.fs=ALL-UNNAMED -Declipse.application=org.eclipse.jdt.ls.core.id1 -Dosgi.bundles.defaultStartLevel=4 -Declipse.product=org.eclipse.jdt.ls.core.product -Djava.import.generatesMetadataFilesAtProjectRoot=false -DDetectVMInstallationsJob.disabled=true -Dfile.encoding=utf8 -XX:+UseParallelGC -XX:GCTimeRatio=4 -XX:AdaptiveSizePolicyWeight=90 -Dsun.zip.disableMemoryMapping=true -Xmx2G -Xms100m -Xlog:disable -javaagent:c:\Users\pedro\.vscode\extensions\redhat.java-1.46.0-win32-x64\lombok\lombok-1.18.39-4050.jar -XX:+HeapDumpOnOutOfMemoryError -XX:HeapDumpPath=c:\Users\pedro\AppData\Roaming\Code\User\workspaceStorage\1c6cc6bca4d662b0dfa7fc6c9194e6eb\redhat.java -Daether.dependencyCollector.impl=bf 
java_command: c:\Users\pedro\.vscode\extensions\redhat.java-1.46.0-win32-x64\server\plugins\org.eclipse.equinox.launcher_1.7.0.v20250519-0528.jar -configuration c:\Users\pedro\AppData\Roaming\Code\User\globalStorage\redhat.java\1.46.0\config_win -data c:\Users\pedro\AppData\Roaming\Code\User\workspaceStorage\1c6cc6bca4d662b0dfa7fc6c9194e6eb\redhat.java\jdt_ws --pipe=\\.\pipe\lsp-05bd44ece6746d41868e3ae172a6d037-sock
java_class_path (initial): c:\Users\pedro\.vscode\extensions\redhat.java-1.46.0-win32-x64\server\plugins\org.eclipse.equinox.launcher_1.7.0.v20250519-0528.jar
Launcher Type: SUN_STANDARD

[Global flags]
    uintx AdaptiveSizePolicyWeight                 = 90                                        {product} {command line}
     intx CICompilerCount                          = 4                                         {product} {ergonomic}
    uintx GCTimeRatio                              = 4                                         {product} {command line}
     bool HeapDumpOnOutOfMemoryError               = true                                   {manageable} {command line}
    ccstr HeapDumpPath                             = c:\Users\pedro\AppData\Roaming\Code\User\workspaceStorage\1c6cc6bca4d662b0dfa7fc6c9194e6eb\redhat.java         {manageable} {command line}
   size_t InitialHeapSize                          = 104857600                                 {product} {command line}
   size_t MaxHeapSize                              = 2147483648                                {product} {command line}
   size_t MaxNewSize                               = 715653120                                 {product} {ergonomic}
   size_t MinHeapDeltaBytes                        = 524288                                    {product} {ergonomic}
   size_t MinHeapSize                              = 104857600                                 {product} {command line}
   size_t NewSize                                  = 34603008                                  {product} {ergonomic}
    uintx NonNMethodCodeHeapSize                   = 5839372                                {pd product} {ergonomic}
    uintx NonProfiledCodeHeapSize                  = 122909434                              {pd product} {ergonomic}
   size_t OldSize                                  = 70254592                                  {product} {ergonomic}
    uintx ProfiledCodeHeapSize                     = 122909434                              {pd product} {ergonomic}
    uintx ReservedCodeCacheSize                    = 251658240                              {pd product} {ergonomic}
     bool SegmentedCodeCache                       = true                                      {product} {ergonomic}
   size_t SoftMaxHeapSize                          = 2147483648                             {manageable} {ergonomic}
     bool UseCompressedOops                        = true                           {product lp64_product} {ergonomic}
     bool UseLargePagesIndividualAllocation        = false                                  {pd product} {ergonomic}
     bool UseParallelGC                            = true                                      {product} {command line}

Logging:
Log output configuration:
 #0: stdout all=off uptime,level,tags foldmultilines=false
 #1: stderr all=off uptime,level,tags foldmultilines=false

Environment Variables:
PATH=C:\Python313\Scripts\;C:\Python313\;C:\Program Files\Microsoft SDKs\Azure\CLI2\wbin;C:\Program Files (x86)\NVIDIA Corporation\PhysX\Common;C:\MinGW\bin;C:\Program Files\Common Files\Oracle\Java\javapath;C:\Program Files (x86)\Common Files\Oracle\Java\java8path;C:\Program Files (x86)\Common Files\Oracle\Java\javapath;C:\WINDOWS\system32;C:\WINDOWS;C:\WINDOWS\System32\Wbem;C:\WINDOWS\System32\WindowsPowerShell\v1.0\;C:\WINDOWS\System32\OpenSSH\;C:\Program Files\Microsoft SQL Server\Client SDK\ODBC\170\Tools\Binn\;C:\Program Files (x86)\Microsoft SQL Server\150\Tools\Binn\;C:\Program Files\Microsoft SQL Server\150\Tools\Binn\;C:\Program Files\Microsoft SQL Server\150\DTS\Binn\;C:\Program Files (x86)\Microsoft SQL Server\150\DTS\Binn\;C:\Program Files\Azure Data Studio\bin;C:\Program Files\Git\cmd;C:\ProgramData\chocolatey\bin;C:\Program Files\dotnet\;C:\Program Files (x86)\dotnet\;C:\Users\pedro\AppData\Roaming\Python\Scripts;C:\adb\platform-tools-latest-windows\platform-tools;;C:\WINDOWS\system32;C:\WINDOWS;C:\WINDOWS\System32\Wbem;C:\WINDOWS\System32\WindowsPowerShell\v1.0\;C:\WINDOWS\System32\OpenSSH\;C:\Program Files\Docker\Docker\resources\bin;C:\Program Files\nodejs\;C:\Users\pedro\AppData\Local\Microsoft\WindowsApps;;C:\Program Files\Azure Data Studio\bin;C:\Users\pedro\.dotnet\tools;C:\Users\pedro\AppData\Local\Programs\Microsoft VS Code\bin;C:\Program Files\JetBrains\IntelliJ IDEA Community Edition 2025.1.3\bin;;C:\Users\pedro\AppData\Roaming\npm
USERNAME=pedro
OS=Windows_NT
PROCESSOR_IDENTIFIER=Intel64 Family 6 Model 142 Stepping 12, GenuineIntel
TMP=C:\Users\pedro\AppData\Local\Temp
TEMP=C:\Users\pedro\AppData\Local\Temp




Periodic native trim disabled

---------------  S Y S T E M  ---------------

OS:
 Windows 11 , 64 bit Build 26100 (10.0.26100.6725)
OS uptime: 13 days 18:00 hours
Hyper-V role detected

CPU: total 8 (initial active 8) (4 cores per cpu, 2 threads per core) family 6 model 142 stepping 12 microcode 0xf8, cx8, cmov, fxsr, ht, mmx, 3dnowpref, sse, sse2, sse3, ssse3, sse4.1, sse4.2, popcnt, lzcnt, tsc, tscinvbit, avx, avx2, aes, erms, clmul, bmi1, bmi2, adx, fma, vzeroupper, clflush, clflushopt, hv, rdtscp, f16c
Processor Information for the first 8 processors :
  Max Mhz: 1992, Current Mhz: 1792, Mhz Limit: 1792

Memory: 4k page, system-wide physical 32643M (10071M free)
TotalPageFile size 40835M (AvailPageFile size 97M)
current process WorkingSet (physical memory assigned to process): 136M, peak: 330M
current process commit charge ("private bytes"): 374M, peak: 408M

vm_info: OpenJDK 64-Bit Server VM (21.0.8+9-LTS) for windows-amd64 JRE (21.0.8+9-LTS), built on 2025-07-15T00:00:00Z by "admin" with MS VC++ 17.7 (VS2022)

END.
