#
# There is insufficient memory for the Java Runtime Environment to continue.
# Native memory allocation (malloc) failed to allocate 1048576 bytes. Error detail: AllocateHeap
# Possible reasons:
#   The system is out of physical RAM or swap space
#   This process is running with CompressedOops enabled, and the Java Heap may be blocking the growth of the native heap
# Possible solutions:
#   Reduce memory load on the system
#   Increase physical memory or swap space
#   Check if swap backing store is full
#   Decrease Java heap size (-Xmx/-Xms)
#   Decrease number of Java threads
#   Decrease Java thread stack sizes (-Xss)
#   Set larger code cache with -XX:ReservedCodeCacheSize=
#   JVM is running with Unscaled Compressed Oops mode in which the Java heap is
#     placed in the first 4GB address space. The Java Heap base address is the
#     maximum limit for the native heap growth. Please use -XX:HeapBaseMinAddress
#     to set the Java Heap base and to place the Java Heap above 4GB virtual address.
# This output file may be truncated or incomplete.
#
#  Out of Memory Error (allocation.cpp:44), pid=24636, tid=27748
#
# JRE version: OpenJDK Runtime Environment Temurin-21.0.8+9 (21.0.8+9) (build 21.0.8+9-LTS)
# Java VM: OpenJDK 64-Bit Server VM Temurin-21.0.8+9 (21.0.8+9-LTS, mixed mode, sharing, tiered, compressed oops, compressed class ptrs, parallel gc, windows-amd64)
# No core dump will be written. Minidumps are not enabled by default on client versions of Windows
#

---------------  S U M M A R Y ------------

Command Line: --add-modules=ALL-SYSTEM --add-opens=java.base/java.util=ALL-UNNAMED --add-opens=java.base/java.lang=ALL-UNNAMED --add-opens=java.base/sun.nio.fs=ALL-UNNAMED -Declipse.application=org.eclipse.jdt.ls.core.id1 -Dosgi.bundles.defaultStartLevel=4 -Declipse.product=org.eclipse.jdt.ls.core.product -Djava.import.generatesMetadataFilesAtProjectRoot=false -DDetectVMInstallationsJob.disabled=true -Dfile.encoding=utf8 -XX:+UseParallelGC -XX:GCTimeRatio=4 -XX:AdaptiveSizePolicyWeight=90 -Dsun.zip.disableMemoryMapping=true -Xmx2G -Xms100m -Xlog:disable -javaagent:c:\Users\pedro\.vscode\extensions\redhat.java-1.47.0-win32-x64\lombok\lombok-1.18.39-4050.jar -XX:+HeapDumpOnOutOfMemoryError -XX:HeapDumpPath=c:\Users\pedro\AppData\Roaming\Code\User\workspaceStorage\1c6cc6bca4d662b0dfa7fc6c9194e6eb\redhat.java -Daether.dependencyCollector.impl=bf c:\Users\pedro\.vscode\extensions\redhat.java-1.47.0-win32-x64\server\plugins\org.eclipse.equinox.launcher_1.7.100.v20251014-1222.jar -configuration c:\Users\pedro\AppData\Roaming\Code\User\globalStorage\redhat.java\1.47.0\config_win -data c:\Users\pedro\AppData\Roaming\Code\User\workspaceStorage\1c6cc6bca4d662b0dfa7fc6c9194e6eb\redhat.java\jdt_ws --pipe=\\.\pipe\lsp-03a47429aeee504148f065d1865ed7df-sock

Host: Intel(R) Core(TM) i7-8565U CPU @ 1.80GHz, 8 cores, 31G,  Windows 11 , 64 bit Build 26100 (10.0.26100.6725)
Time: Mon Nov  3 23:49:47 2025 Hora oficial do Brasil elapsed time: 5175.964337 seconds (0d 1h 26m 15s)

---------------  T H R E A D  ---------------

Current thread (0x000001e4e53fc120):  JavaThread "Attach Listener" daemon [_thread_in_vm, id=27748, stack(0x000000b6eab00000,0x000000b6eac00000) (1024K)]

Stack: [0x000000b6eab00000,0x000000b6eac00000]
Native frames: (J=compiled Java code, j=interpreted, Vv=VM code, C=native code)
V  [jvm.dll+0x6d2449]
V  [jvm.dll+0x8ae341]
V  [jvm.dll+0x8b08be]
V  [jvm.dll+0x8b0fa3]
V  [jvm.dll+0x280c96]
V  [jvm.dll+0xc0347]
V  [jvm.dll+0x6d2cf9]
V  [jvm.dll+0x131116]
V  [jvm.dll+0x3f2d16]
V  [jvm.dll+0x857e6b]
V  [jvm.dll+0x6d0b0d]
C  [ucrtbase.dll+0x37b0]
C  [KERNEL32.DLL+0x2e8d7]
C  [ntdll.dll+0x8c53c]


---------------  P R O C E S S  ---------------

Threads class SMR info:
_java_thread_list=0x000001e4c7ecb0f0, length=41, elements={
0x000001e4e54857b0, 0x000001e4e53f83a0, 0x000001e4e53f96f0, 0x000001e4e53fb250,
0x000001e4e53fc120, 0x000001e4e53fcd70, 0x000001e4e53ff7d0, 0x000001e4e5402a10,
0x000001e4fd6d8120, 0x000001e4e54fb970, 0x000001e4fdb38070, 0x000001e4fe48cd70,
0x000001e4fe48ee40, 0x000001e4fe48e7b0, 0x000001e4fe48d400, 0x000001e4fe41e350,
0x000001e4fe41cfa0, 0x000001e4fe41dcc0, 0x000001e4fe420ab0, 0x000001e4fe41f070,
0x000001e4fe421e60, 0x000001e4fe4217d0, 0x000001e4fe41e9e0, 0x000001e4fe4224f0,
0x000001e4fe4238a0, 0x000001e4fe423f30, 0x000001e4fe422b80, 0x000001e4fe423210,
0x000001e4fe4245c0, 0x000001e4fe48fb60, 0x000001e4fe48e120, 0x000001e4fe4901f0,
0x000001e4fe48f4d0, 0x000001e4c59a7160, 0x000001e4fee40c70, 0x000001e4fee43a60,
0x000001e4fee44780, 0x000001e4fee426b0, 0x000001e4fee440f0, 0x000001e4fee44e10,
0x000001e4fee41990
}

Java Threads: ( => current thread )
  0x000001e4e54857b0 JavaThread "main"                              [_thread_blocked, id=20256, stack(0x000000b6ea400000,0x000000b6ea500000) (1024K)]
  0x000001e4e53f83a0 JavaThread "Reference Handler"          daemon [_thread_blocked, id=26784, stack(0x000000b6ea800000,0x000000b6ea900000) (1024K)]
  0x000001e4e53f96f0 JavaThread "Finalizer"                  daemon [_thread_blocked, id=25500, stack(0x000000b6ea900000,0x000000b6eaa00000) (1024K)]
  0x000001e4e53fb250 JavaThread "Signal Dispatcher"          daemon [_thread_blocked, id=27288, stack(0x000000b6eaa00000,0x000000b6eab00000) (1024K)]
=>0x000001e4e53fc120 JavaThread "Attach Listener"            daemon [_thread_in_vm, id=27748, stack(0x000000b6eab00000,0x000000b6eac00000) (1024K)]
  0x000001e4e53fcd70 JavaThread "Service Thread"             daemon [_thread_blocked, id=19944, stack(0x000000b6eac00000,0x000000b6ead00000) (1024K)]
  0x000001e4e53ff7d0 JavaThread "Monitor Deflation Thread"   daemon [_thread_blocked, id=37092, stack(0x000000b6ead00000,0x000000b6eae00000) (1024K)]
  0x000001e4e5402a10 JavaThread "C2 CompilerThread0"         daemon [_thread_blocked, id=3452, stack(0x000000b6eae00000,0x000000b6eaf00000) (1024K)]
  0x000001e4fd6d8120 JavaThread "C1 CompilerThread0"         daemon [_thread_blocked, id=29752, stack(0x000000b6eaf00000,0x000000b6eb000000) (1024K)]
  0x000001e4e54fb970 JavaThread "Common-Cleaner"             daemon [_thread_blocked, id=30000, stack(0x000000b6eb000000,0x000000b6eb100000) (1024K)]
  0x000001e4fdb38070 JavaThread "Notification Thread"        daemon [_thread_blocked, id=3784, stack(0x000000b6eb200000,0x000000b6eb300000) (1024K)]
  0x000001e4fe48cd70 JavaThread "Active Thread: Equinox Container: 234e9d47-9902-4e5f-9a37-d1663acb6880"        [_thread_blocked, id=25516, stack(0x000000b6ec000000,0x000000b6ec100000) (1024K)]
  0x000001e4fe48ee40 JavaThread "Framework Event Dispatcher: Equinox Container: 234e9d47-9902-4e5f-9a37-d1663acb6880" daemon [_thread_blocked, id=18644, stack(0x000000b6eb900000,0x000000b6eba00000) (1024K)]
  0x000001e4fe48e7b0 JavaThread "Start Level: Equinox Container: 234e9d47-9902-4e5f-9a37-d1663acb6880" daemon [_thread_blocked, id=14748, stack(0x000000b6eba00000,0x000000b6ebb00000) (1024K)]
  0x000001e4fe48d400 JavaThread "Refresh Thread: Equinox Container: 234e9d47-9902-4e5f-9a37-d1663acb6880" daemon [_thread_blocked, id=30116, stack(0x000000b6ebb00000,0x000000b6ebc00000) (1024K)]
  0x000001e4fe41e350 JavaThread "Bundle File Closer"         daemon [_thread_blocked, id=5668, stack(0x000000b6ebc00000,0x000000b6ebd00000) (1024K)]
  0x000001e4fe41cfa0 JavaThread "SCR Component Actor"        daemon [_thread_blocked, id=29064, stack(0x000000b6ebd00000,0x000000b6ebe00000) (1024K)]
  0x000001e4fe41dcc0 JavaThread "Worker-JM"                         [_thread_blocked, id=32928, stack(0x000000b6ec100000,0x000000b6ec200000) (1024K)]
  0x000001e4fe420ab0 JavaThread "JNA Cleaner"                daemon [_thread_blocked, id=5324, stack(0x000000b6ebf00000,0x000000b6ec000000) (1024K)]
  0x000001e4fe41f070 JavaThread "Worker-1"                          [_thread_blocked, id=7320, stack(0x000000b6ec300000,0x000000b6ec400000) (1024K)]
  0x000001e4fe421e60 JavaThread "Java indexing"              daemon [_thread_blocked, id=26228, stack(0x000000b6ec500000,0x000000b6ec600000) (1024K)]
  0x000001e4fe4217d0 JavaThread "Thread-1"                   daemon [_thread_in_native, id=34696, stack(0x000000b6eca00000,0x000000b6ecb00000) (1024K)]
  0x000001e4fe41e9e0 JavaThread "Thread-2"                   daemon [_thread_in_native, id=9624, stack(0x000000b6ecb00000,0x000000b6ecc00000) (1024K)]
  0x000001e4fe4224f0 JavaThread "Thread-3"                   daemon [_thread_in_native, id=22580, stack(0x000000b6ecc00000,0x000000b6ecd00000) (1024K)]
  0x000001e4fe4238a0 JavaThread "Thread-4"                   daemon [_thread_in_native, id=6480, stack(0x000000b6ecd00000,0x000000b6ece00000) (1024K)]
  0x000001e4fe423f30 JavaThread "Thread-5"                   daemon [_thread_in_native, id=14452, stack(0x000000b6ece00000,0x000000b6ecf00000) (1024K)]
  0x000001e4fe422b80 JavaThread "Thread-6"                   daemon [_thread_in_native, id=13068, stack(0x000000b6ecf00000,0x000000b6ed000000) (1024K)]
  0x000001e4fe423210 JavaThread "Thread-7"                   daemon [_thread_in_native, id=36296, stack(0x000000b6ed000000,0x000000b6ed100000) (1024K)]
  0x000001e4fe4245c0 JavaThread "Thread-8"                   daemon [_thread_in_native, id=25644, stack(0x000000b6ed100000,0x000000b6ed200000) (1024K)]
  0x000001e4fe48fb60 JavaThread "Thread-9"                   daemon [_thread_in_native, id=37264, stack(0x000000b6ed200000,0x000000b6ed300000) (1024K)]
  0x000001e4fe48e120 JavaThread "pool-2-thread-1"                   [_thread_blocked, id=23504, stack(0x000000b6ed300000,0x000000b6ed400000) (1024K)]
  0x000001e4fe4901f0 JavaThread "WorkspaceEventsHandler"            [_thread_blocked, id=1240, stack(0x000000b6ed400000,0x000000b6ed500000) (1024K)]
  0x000001e4fe48f4d0 JavaThread "pool-1-thread-1"                   [_thread_blocked, id=4928, stack(0x000000b6ed500000,0x000000b6ed600000) (1024K)]
  0x000001e4c59a7160 JavaThread "Worker-5"                          [_thread_blocked, id=17844, stack(0x000000b6ee600000,0x000000b6ee700000) (1024K)]
  0x000001e4fee40c70 JavaThread "Worker-8"                          [_thread_blocked, id=35996, stack(0x000000b6ea200000,0x000000b6ea300000) (1024K)]
  0x000001e4fee43a60 JavaThread "Worker-9"                          [_thread_blocked, id=15512, stack(0x000000b6ea300000,0x000000b6ea400000) (1024K)]
  0x000001e4fee44780 JavaThread "Worker-10"                         [_thread_blocked, id=5532, stack(0x000000b6ebe00000,0x000000b6ebf00000) (1024K)]
  0x000001e4fee426b0 JavaThread "Compiler Source File Reader" daemon [_thread_blocked, id=33320, stack(0x000000b6ec400000,0x000000b6ec500000) (1024K)]
  0x000001e4fee440f0 JavaThread "Compiler Source File Reader" daemon [_thread_blocked, id=33012, stack(0x000000b6ec600000,0x000000b6ec700000) (1024K)]
  0x000001e4fee44e10 JavaThread "Compiler Processing Task"   daemon [_thread_blocked, id=12012, stack(0x000000b6ec800000,0x000000b6ec900000) (1024K)]
  0x000001e4fee41990 JavaThread "Worker-11"                         [_thread_blocked, id=15840, stack(0x000000b6ec700000,0x000000b6ec800000) (1024K)]
Total: 41

Other Threads:
  0x000001e4e5528b10 VMThread "VM Thread"                           [id=31040, stack(0x000000b6ea700000,0x000000b6ea800000) (1024K)]
  0x000001e4e530ca10 WatcherThread "VM Periodic Task Thread"        [id=37312, stack(0x000000b6ea600000,0x000000b6ea700000) (1024K)]
  0x000001e4e54a4040 WorkerThread "GC Thread#0"                     [id=11524, stack(0x000000b6ea500000,0x000000b6ea600000) (1024K)]
  0x000001e4fe2d0710 WorkerThread "GC Thread#1"                     [id=21636, stack(0x000000b6eb300000,0x000000b6eb400000) (1024K)]
  0x000001e4fe2d0ab0 WorkerThread "GC Thread#2"                     [id=30592, stack(0x000000b6eb400000,0x000000b6eb500000) (1024K)]
  0x000001e4fdfc7ae0 WorkerThread "GC Thread#3"                     [id=9968, stack(0x000000b6eb500000,0x000000b6eb600000) (1024K)]
  0x000001e4fdfc7e80 WorkerThread "GC Thread#4"                     [id=28292, stack(0x000000b6eb600000,0x000000b6eb700000) (1024K)]
  0x000001e4fdfc8220 WorkerThread "GC Thread#5"                     [id=1896, stack(0x000000b6eb700000,0x000000b6eb800000) (1024K)]
  0x000001e4fdfc85c0 WorkerThread "GC Thread#6"                     [id=23828, stack(0x000000b6eb800000,0x000000b6eb900000) (1024K)]
  0x000001e4fe35eba0 WorkerThread "GC Thread#7"                     [id=28400, stack(0x000000b6eb100000,0x000000b6eb200000) (1024K)]
Total: 10

Threads with active compile tasks:
Total: 0

VM state: not at safepoint (normal execution)

VM Mutex/Monitor currently owned by a thread: None

Heap address: 0x0000000080000000, size: 2048 MB, Compressed Oops mode: 32-bit

CDS archive(s) mapped at: [0x000001e480000000-0x000001e480ba0000-0x000001e480ba0000), size 12189696, SharedBaseAddress: 0x000001e480000000, ArchiveRelocationMode: 1.
Compressed class space mapped at: 0x000001e481000000-0x000001e4c1000000, reserved size: 1073741824
Narrow klass base: 0x000001e480000000, Narrow klass shift: 0, Narrow klass range: 0x100000000

GC Precious Log:
 CardTable entry size: 512
 CPUs: 8 total, 8 available
 Memory: 32643M
 Large Page Support: Disabled
 NUMA Support: Disabled
 Compressed Oops: Enabled (32-bit)
 Alignments: Space 512K, Generation 512K, Heap 2M
 Heap Min Capacity: 100M
 Heap Initial Capacity: 100M
 Heap Max Capacity: 2G
 Pre-touch: Disabled
 Parallel Workers: 8

Heap:
 PSYoungGen      total 1536K, used 833K [0x00000000d5580000, 0x00000000d5800000, 0x0000000100000000)
  eden space 1024K, 62% used [0x00000000d5580000,0x00000000d56204e0,0x00000000d5680000)
  from space 512K, 37% used [0x00000000d5780000,0x00000000d57b0000,0x00000000d5800000)
  to   space 512K, 0% used [0x00000000d5700000,0x00000000d5700000,0x00000000d5780000)
 ParOldGen       total 288768K, used 287383K [0x0000000080000000, 0x0000000091a00000, 0x00000000d5580000)
  object space 288768K, 99% used [0x0000000080000000,0x00000000918a5d60,0x0000000091a00000)
 Metaspace       used 75011K, committed 76672K, reserved 1179648K
  class space    used 7895K, committed 8640K, reserved 1048576K

Card table byte_map: [0x000001e4e4e20000,0x000001e4e5230000] _byte_map_base: 0x000001e4e4a20000

Marking Bits: (ParMarkBitMap*) 0x00007ffd165aa340
 Begin Bits: [0x000001e4f7920000, 0x000001e4f9920000)
 End Bits:   [0x000001e4f9920000, 0x000001e4fb920000)

Polling page: 0x000001e4e32a0000

Metaspace:

Usage:
  Non-class:     65.54 MB used.
      Class:      7.71 MB used.
       Both:     73.25 MB used.

Virtual space:
  Non-class space:      128.00 MB reserved,      66.44 MB ( 52%) committed,  2 nodes.
      Class space:        1.00 GB reserved,       8.44 MB ( <1%) committed,  1 nodes.
             Both:        1.12 GB reserved,      74.88 MB (  6%) committed. 

Chunk freelists:
   Non-Class:  13.44 MB
       Class:  7.51 MB
        Both:  20.95 MB

MaxMetaspaceSize: unlimited
CompressedClassSpaceSize: 1.00 GB
Initial GC threshold: 21.00 MB
Current GC threshold: 97.31 MB
CDS: on
 - commit_granule_bytes: 65536.
 - commit_granule_words: 8192.
 - virtual_space_node_default_size: 8388608.
 - enlarge_chunks_in_place: 1.
 - use_allocation_guard: 0.


Internal statistics:

num_allocs_failed_limit: 11.
num_arena_births: 1442.
num_arena_deaths: 14.
num_vsnodes_births: 3.
num_vsnodes_deaths: 0.
num_space_committed: 1198.
num_space_uncommitted: 0.
num_chunks_returned_to_freelist: 25.
num_chunks_taken_from_freelist: 4905.
num_chunk_merges: 9.
num_chunk_splits: 2973.
num_chunks_enlarged: 1614.
num_inconsistent_stats: 0.

CodeHeap 'non-profiled nmethods': size=120000Kb used=13595Kb max_used=13595Kb free=106404Kb
 bounds [0x000001e4f0140000, 0x000001e4f0e90000, 0x000001e4f7670000]
CodeHeap 'profiled nmethods': size=120000Kb used=36107Kb max_used=36107Kb free=83892Kb
 bounds [0x000001e4e8670000, 0x000001e4ea9c0000, 0x000001e4efba0000]
CodeHeap 'non-nmethods': size=5760Kb used=1481Kb max_used=1600Kb free=4278Kb
 bounds [0x000001e4efba0000, 0x000001e4efe10000, 0x000001e4f0140000]
CodeCache: size=245760Kb, used=51183Kb, max_used=51302Kb, free=194574Kb
 total_blobs=16029, nmethods=15235, adapters=699, full_count=0
Compilation: enabled, stopped_count=0, restarted_count=0

Compilation events (20 events):
Event: 5165.985 Thread 0x000001e4fd6d8120 nmethod 16123 0x000001e4ea9acf10 code [0x000001e4ea9ad0c0, 0x000001e4ea9ad2b0]
Event: 5165.991 Thread 0x000001e4fd6d8120 16124       3       java.util.AbstractList$SubList$1::hasNext (20 bytes)
Event: 5165.992 Thread 0x000001e4fd6d8120 nmethod 16124 0x000001e4ea9ad390 code [0x000001e4ea9ad540, 0x000001e4ea9ad7f0]
Event: 5165.992 Thread 0x000001e4fd6d8120 16125       3       java.util.AbstractList$SubList$1::nextIndex (18 bytes)
Event: 5165.992 Thread 0x000001e4fd6d8120 nmethod 16125 0x000001e4ea9ad910 code [0x000001e4ea9adac0, 0x000001e4ea9adcb0]
Event: 5166.003 Thread 0x000001e4fd6d8120 16126       3       java.util.AbstractList::subList (40 bytes)
Event: 5166.004 Thread 0x000001e4fd6d8120 nmethod 16126 0x000001e4ea9add90 code [0x000001e4ea9adfa0, 0x000001e4ea9ae6a8]
Event: 5166.004 Thread 0x000001e4fd6d8120 16127       3       java.util.AbstractList$RandomAccessSubList::<init> (8 bytes)
Event: 5166.004 Thread 0x000001e4fd6d8120 nmethod 16127 0x000001e4ea9ae910 code [0x000001e4ea9aeac0, 0x000001e4ea9aed98]
Event: 5166.026 Thread 0x000001e4fd6d8120 16128   !   3       org.eclipse.core.internal.jobs.JobManager::monitorFor (89 bytes)
Event: 5166.028 Thread 0x000001e4fd6d8120 nmethod 16128 0x000001e4ea9aef10 code [0x000001e4ea9af1e0, 0x000001e4ea9aff48]
Event: 5166.028 Thread 0x000001e4fd6d8120 16131       3       org.eclipse.core.internal.dtree.DataDeltaNode::compareWithParent (78 bytes)
Event: 5166.029 Thread 0x000001e4fd6d8120 nmethod 16131 0x000001e4ea9b0590 code [0x000001e4ea9b07c0, 0x000001e4ea9b0fa8]
Event: 5166.029 Thread 0x000001e4fd6d8120 16132       3       org.eclipse.core.internal.dtree.AbstractDataTree::isRoot (11 bytes)
Event: 5166.029 Thread 0x000001e4fd6d8120 nmethod 16132 0x000001e4ea9b1390 code [0x000001e4ea9b1540, 0x000001e4ea9b1718]
Event: 5166.029 Thread 0x000001e4fd6d8120 16129       3       org.eclipse.core.internal.dtree.DeltaDataTree::setData (43 bytes)
Event: 5166.030 Thread 0x000001e4fd6d8120 nmethod 16129 0x000001e4ea9b1810 code [0x000001e4ea9b1a80, 0x000001e4ea9b2450]
Event: 5166.030 Thread 0x000001e4fd6d8120 16130       3       org.eclipse.m2e.core.internal.embedder.FilterRepositorySystemSession::setTransferListener (18 bytes)
Event: 5166.031 Thread 0x000001e4fd6d8120 nmethod 16130 0x000001e4ea9b2810 code [0x000001e4ea9b29e0, 0x000001e4ea9b2d40]
Event: 5167.022 Thread 0x000001e4d00aa8d0 nmethod 16028 0x000001e4f0e68c90 code [0x000001e4f0e69b00, 0x000001e4f0e7d128]

GC Heap History (20 events):
Event: 5165.615 GC heap before
{Heap before GC invocations=802 (full 3):
 PSYoungGen      total 2048K, used 1855K [0x00000000d5580000, 0x00000000d5800000, 0x0000000100000000)
  eden space 1536K, 99% used [0x00000000d5580000,0x00000000d56fffd8,0x00000000d5700000)
  from space 512K, 62% used [0x00000000d5780000,0x00000000d57d0000,0x00000000d5800000)
  to   space 512K, 0% used [0x00000000d5700000,0x00000000d5700000,0x00000000d5780000)
 ParOldGen       total 255488K, used 255019K [0x0000000080000000, 0x000000008f980000, 0x00000000d5580000)
  object space 255488K, 99% used [0x0000000080000000,0x000000008f90ad38,0x000000008f980000)
 Metaspace       used 74820K, committed 76544K, reserved 1179648K
  class space    used 7878K, committed 8640K, reserved 1048576K
}
Event: 5165.617 GC heap after
{Heap after GC invocations=802 (full 3):
 PSYoungGen      total 2048K, used 416K [0x00000000d5580000, 0x00000000d5800000, 0x0000000100000000)
  eden space 1536K, 0% used [0x00000000d5580000,0x00000000d5580000,0x00000000d5700000)
  from space 512K, 81% used [0x00000000d5700000,0x00000000d5768000,0x00000000d5780000)
  to   space 512K, 0% used [0x00000000d5780000,0x00000000d5780000,0x00000000d5800000)
 ParOldGen       total 255488K, used 255179K [0x0000000080000000, 0x000000008f980000, 0x00000000d5580000)
  object space 255488K, 99% used [0x0000000080000000,0x000000008f932d38,0x000000008f980000)
 Metaspace       used 74820K, committed 76544K, reserved 1179648K
  class space    used 7878K, committed 8640K, reserved 1048576K
}
Event: 5165.634 GC heap before
{Heap before GC invocations=803 (full 3):
 PSYoungGen      total 2048K, used 1952K [0x00000000d5580000, 0x00000000d5800000, 0x0000000100000000)
  eden space 1536K, 100% used [0x00000000d5580000,0x00000000d5700000,0x00000000d5700000)
  from space 512K, 81% used [0x00000000d5700000,0x00000000d5768000,0x00000000d5780000)
  to   space 512K, 0% used [0x00000000d5780000,0x00000000d5780000,0x00000000d5800000)
 ParOldGen       total 255488K, used 255179K [0x0000000080000000, 0x000000008f980000, 0x00000000d5580000)
  object space 255488K, 99% used [0x0000000080000000,0x000000008f932d38,0x000000008f980000)
 Metaspace       used 74827K, committed 76544K, reserved 1179648K
  class space    used 7878K, committed 8640K, reserved 1048576K
}
Event: 5165.637 GC heap after
{Heap after GC invocations=803 (full 3):
 PSYoungGen      total 2048K, used 416K [0x00000000d5580000, 0x00000000d5800000, 0x0000000100000000)
  eden space 1536K, 0% used [0x00000000d5580000,0x00000000d5580000,0x00000000d5700000)
  from space 512K, 81% used [0x00000000d5780000,0x00000000d57e8020,0x00000000d5800000)
  to   space 512K, 0% used [0x00000000d5700000,0x00000000d5700000,0x00000000d5780000)
 ParOldGen       total 255488K, used 255439K [0x0000000080000000, 0x000000008f980000, 0x00000000d5580000)
  object space 255488K, 99% used [0x0000000080000000,0x000000008f973d48,0x000000008f980000)
 Metaspace       used 74827K, committed 76544K, reserved 1179648K
  class space    used 7878K, committed 8640K, reserved 1048576K
}
Event: 5165.647 GC heap before
{Heap before GC invocations=804 (full 3):
 PSYoungGen      total 2048K, used 1952K [0x00000000d5580000, 0x00000000d5800000, 0x0000000100000000)
  eden space 1536K, 100% used [0x00000000d5580000,0x00000000d5700000,0x00000000d5700000)
  from space 512K, 81% used [0x00000000d5780000,0x00000000d57e8020,0x00000000d5800000)
  to   space 512K, 0% used [0x00000000d5700000,0x00000000d5700000,0x00000000d5780000)
 ParOldGen       total 255488K, used 255439K [0x0000000080000000, 0x000000008f980000, 0x00000000d5580000)
  object space 255488K, 99% used [0x0000000080000000,0x000000008f973d48,0x000000008f980000)
 Metaspace       used 74835K, committed 76544K, reserved 1179648K
  class space    used 7878K, committed 8640K, reserved 1048576K
}
Event: 5165.649 GC heap after
{Heap after GC invocations=804 (full 3):
 PSYoungGen      total 2048K, used 384K [0x00000000d5580000, 0x00000000d5800000, 0x0000000100000000)
  eden space 1536K, 0% used [0x00000000d5580000,0x00000000d5580000,0x00000000d5700000)
  from space 512K, 75% used [0x00000000d5700000,0x00000000d5760000,0x00000000d5780000)
  to   space 512K, 0% used [0x00000000d5780000,0x00000000d5780000,0x00000000d5800000)
 ParOldGen       total 256000K, used 255727K [0x0000000080000000, 0x000000008fa00000, 0x00000000d5580000)
  object space 256000K, 99% used [0x0000000080000000,0x000000008f9bbd68,0x000000008fa00000)
 Metaspace       used 74835K, committed 76544K, reserved 1179648K
  class space    used 7878K, committed 8640K, reserved 1048576K
}
Event: 5165.668 GC heap before
{Heap before GC invocations=805 (full 3):
 PSYoungGen      total 2048K, used 1918K [0x00000000d5580000, 0x00000000d5800000, 0x0000000100000000)
  eden space 1536K, 99% used [0x00000000d5580000,0x00000000d56ffa68,0x00000000d5700000)
  from space 512K, 75% used [0x00000000d5700000,0x00000000d5760000,0x00000000d5780000)
  to   space 512K, 0% used [0x00000000d5780000,0x00000000d5780000,0x00000000d5800000)
 ParOldGen       total 256000K, used 255727K [0x0000000080000000, 0x000000008fa00000, 0x00000000d5580000)
  object space 256000K, 99% used [0x0000000080000000,0x000000008f9bbd68,0x000000008fa00000)
 Metaspace       used 74849K, committed 76608K, reserved 1179648K
  class space    used 7879K, committed 8640K, reserved 1048576K
}
Event: 5165.670 GC heap after
{Heap after GC invocations=805 (full 3):
 PSYoungGen      total 1536K, used 480K [0x00000000d5580000, 0x00000000d5900000, 0x0000000100000000)
  eden space 1024K, 0% used [0x00000000d5580000,0x00000000d5580000,0x00000000d5680000)
  from space 512K, 93% used [0x00000000d5780000,0x00000000d57f8010,0x00000000d5800000)
  to   space 1024K, 0% used [0x00000000d5680000,0x00000000d5680000,0x00000000d5780000)
 ParOldGen       total 256000K, used 255967K [0x0000000080000000, 0x000000008fa00000, 0x00000000d5580000)
  object space 256000K, 99% used [0x0000000080000000,0x000000008f9f7d68,0x000000008fa00000)
 Metaspace       used 74849K, committed 76608K, reserved 1179648K
  class space    used 7879K, committed 8640K, reserved 1048576K
}
Event: 5165.683 GC heap before
{Heap before GC invocations=806 (full 3):
 PSYoungGen      total 1536K, used 1504K [0x00000000d5580000, 0x00000000d5900000, 0x0000000100000000)
  eden space 1024K, 100% used [0x00000000d5580000,0x00000000d5680000,0x00000000d5680000)
  from space 512K, 93% used [0x00000000d5780000,0x00000000d57f8010,0x00000000d5800000)
  to   space 1024K, 0% used [0x00000000d5680000,0x00000000d5680000,0x00000000d5780000)
 ParOldGen       total 256000K, used 255967K [0x0000000080000000, 0x000000008fa00000, 0x00000000d5580000)
  object space 256000K, 99% used [0x0000000080000000,0x000000008f9f7d68,0x000000008fa00000)
 Metaspace       used 74865K, committed 76608K, reserved 1179648K
  class space    used 7879K, committed 8640K, reserved 1048576K
}
Event: 5165.684 GC heap after
{Heap after GC invocations=806 (full 3):
 PSYoungGen      total 2048K, used 384K [0x00000000d5580000, 0x00000000d5800000, 0x0000000100000000)
  eden space 1024K, 0% used [0x00000000d5580000,0x00000000d5580000,0x00000000d5680000)
  from space 1024K, 37% used [0x00000000d5680000,0x00000000d56e0010,0x00000000d5780000)
  to   space 512K, 0% used [0x00000000d5780000,0x00000000d5780000,0x00000000d5800000)
 ParOldGen       total 256512K, used 256267K [0x0000000080000000, 0x000000008fa80000, 0x00000000d5580000)
  object space 256512K, 99% used [0x0000000080000000,0x000000008fa42d20,0x000000008fa80000)
 Metaspace       used 74865K, committed 76608K, reserved 1179648K
  class space    used 7879K, committed 8640K, reserved 1048576K
}
Event: 5165.732 GC heap before
{Heap before GC invocations=807 (full 3):
 PSYoungGen      total 2048K, used 1373K [0x00000000d5580000, 0x00000000d5800000, 0x0000000100000000)
  eden space 1024K, 96% used [0x00000000d5580000,0x00000000d5677410,0x00000000d5680000)
  from space 1024K, 37% used [0x00000000d5680000,0x00000000d56e0010,0x00000000d5780000)
  to   space 512K, 0% used [0x00000000d5780000,0x00000000d5780000,0x00000000d5800000)
 ParOldGen       total 256512K, used 256267K [0x0000000080000000, 0x000000008fa80000, 0x00000000d5580000)
  object space 256512K, 99% used [0x0000000080000000,0x000000008fa42d20,0x000000008fa80000)
 Metaspace       used 74906K, committed 76608K, reserved 1179648K
  class space    used 7884K, committed 8640K, reserved 1048576K
}
Event: 5165.734 GC heap after
{Heap after GC invocations=807 (full 3):
 PSYoungGen      total 1536K, used 224K [0x00000000d5580000, 0x00000000d5800000, 0x0000000100000000)
  eden space 1024K, 0% used [0x00000000d5580000,0x00000000d5580000,0x00000000d5680000)
  from space 512K, 43% used [0x00000000d5780000,0x00000000d57b8000,0x00000000d5800000)
  to   space 512K, 0% used [0x00000000d5700000,0x00000000d5700000,0x00000000d5780000)
 ParOldGen       total 256512K, used 256427K [0x0000000080000000, 0x000000008fa80000, 0x00000000d5580000)
  object space 256512K, 99% used [0x0000000080000000,0x000000008fa6ad20,0x000000008fa80000)
 Metaspace       used 74906K, committed 76608K, reserved 1179648K
  class space    used 7884K, committed 8640K, reserved 1048576K
}
Event: 5165.831 GC heap before
{Heap before GC invocations=808 (full 3):
 PSYoungGen      total 1536K, used 1248K [0x00000000d5580000, 0x00000000d5800000, 0x0000000100000000)
  eden space 1024K, 100% used [0x00000000d5580000,0x00000000d5680000,0x00000000d5680000)
  from space 512K, 43% used [0x00000000d5780000,0x00000000d57b8000,0x00000000d5800000)
  to   space 512K, 0% used [0x00000000d5700000,0x00000000d5700000,0x00000000d5780000)
 ParOldGen       total 256512K, used 256427K [0x0000000080000000, 0x000000008fa80000, 0x00000000d5580000)
  object space 256512K, 99% used [0x0000000080000000,0x000000008fa6ad20,0x000000008fa80000)
 Metaspace       used 74948K, committed 76672K, reserved 1179648K
  class space    used 7888K, committed 8640K, reserved 1048576K
}
Event: 5165.833 GC heap after
{Heap after GC invocations=808 (full 3):
 PSYoungGen      total 1536K, used 256K [0x00000000d5580000, 0x00000000d5800000, 0x0000000100000000)
  eden space 1024K, 0% used [0x00000000d5580000,0x00000000d5580000,0x00000000d5680000)
  from space 512K, 50% used [0x00000000d5700000,0x00000000d5740000,0x00000000d5780000)
  to   space 512K, 0% used [0x00000000d5780000,0x00000000d5780000,0x00000000d5800000)
 ParOldGen       total 256512K, used 256483K [0x0000000080000000, 0x000000008fa80000, 0x00000000d5580000)
  object space 256512K, 99% used [0x0000000080000000,0x000000008fa78d20,0x000000008fa80000)
 Metaspace       used 74948K, committed 76672K, reserved 1179648K
  class space    used 7888K, committed 8640K, reserved 1048576K
}
Event: 5165.885 GC heap before
{Heap before GC invocations=809 (full 3):
 PSYoungGen      total 1536K, used 1280K [0x00000000d5580000, 0x00000000d5800000, 0x0000000100000000)
  eden space 1024K, 100% used [0x00000000d5580000,0x00000000d5680000,0x00000000d5680000)
  from space 512K, 50% used [0x00000000d5700000,0x00000000d5740000,0x00000000d5780000)
  to   space 512K, 0% used [0x00000000d5780000,0x00000000d5780000,0x00000000d5800000)
 ParOldGen       total 256512K, used 256483K [0x0000000080000000, 0x000000008fa80000, 0x00000000d5580000)
  object space 256512K, 99% used [0x0000000080000000,0x000000008fa78d20,0x000000008fa80000)
 Metaspace       used 74983K, committed 76672K, reserved 1179648K
  class space    used 7894K, committed 8640K, reserved 1048576K
}
Event: 5165.887 GC heap after
{Heap after GC invocations=809 (full 3):
 PSYoungGen      total 1536K, used 256K [0x00000000d5580000, 0x00000000d5800000, 0x0000000100000000)
  eden space 1024K, 0% used [0x00000000d5580000,0x00000000d5580000,0x00000000d5680000)
  from space 512K, 50% used [0x00000000d5780000,0x00000000d57c0000,0x00000000d5800000)
  to   space 512K, 0% used [0x00000000d5700000,0x00000000d5700000,0x00000000d5780000)
 ParOldGen       total 257024K, used 256539K [0x0000000080000000, 0x000000008fb00000, 0x00000000d5580000)
  object space 257024K, 99% used [0x0000000080000000,0x000000008fa86d20,0x000000008fb00000)
 Metaspace       used 74983K, committed 76672K, reserved 1179648K
  class space    used 7894K, committed 8640K, reserved 1048576K
}
Event: 5165.920 GC heap before
{Heap before GC invocations=810 (full 3):
 PSYoungGen      total 1536K, used 1280K [0x00000000d5580000, 0x00000000d5800000, 0x0000000100000000)
  eden space 1024K, 100% used [0x00000000d5580000,0x00000000d5680000,0x00000000d5680000)
  from space 512K, 50% used [0x00000000d5780000,0x00000000d57c0000,0x00000000d5800000)
  to   space 512K, 0% used [0x00000000d5700000,0x00000000d5700000,0x00000000d5780000)
 ParOldGen       total 288768K, used 287259K [0x0000000080000000, 0x0000000091a00000, 0x00000000d5580000)
  object space 288768K, 99% used [0x0000000080000000,0x0000000091886d50,0x0000000091a00000)
 Metaspace       used 74999K, committed 76672K, reserved 1179648K
  class space    used 7895K, committed 8640K, reserved 1048576K
}
Event: 5165.921 GC heap after
{Heap after GC invocations=810 (full 3):
 PSYoungGen      total 1536K, used 224K [0x00000000d5580000, 0x00000000d5800000, 0x0000000100000000)
  eden space 1024K, 0% used [0x00000000d5580000,0x00000000d5580000,0x00000000d5680000)
  from space 512K, 43% used [0x00000000d5700000,0x00000000d5738000,0x00000000d5780000)
  to   space 512K, 0% used [0x00000000d5780000,0x00000000d5780000,0x00000000d5800000)
 ParOldGen       total 288768K, used 287335K [0x0000000080000000, 0x0000000091a00000, 0x00000000d5580000)
  object space 288768K, 99% used [0x0000000080000000,0x0000000091899d60,0x0000000091a00000)
 Metaspace       used 74999K, committed 76672K, reserved 1179648K
  class space    used 7895K, committed 8640K, reserved 1048576K
}
Event: 5165.996 GC heap before
{Heap before GC invocations=811 (full 3):
 PSYoungGen      total 1536K, used 1248K [0x00000000d5580000, 0x00000000d5800000, 0x0000000100000000)
  eden space 1024K, 100% used [0x00000000d5580000,0x00000000d5680000,0x00000000d5680000)
  from space 512K, 43% used [0x00000000d5700000,0x00000000d5738000,0x00000000d5780000)
  to   space 512K, 0% used [0x00000000d5780000,0x00000000d5780000,0x00000000d5800000)
 ParOldGen       total 288768K, used 287335K [0x0000000080000000, 0x0000000091a00000, 0x00000000d5580000)
  object space 288768K, 99% used [0x0000000080000000,0x0000000091899d60,0x0000000091a00000)
 Metaspace       used 75007K, committed 76672K, reserved 1179648K
  class space    used 7895K, committed 8640K, reserved 1048576K
}
Event: 5165.998 GC heap after
{Heap after GC invocations=811 (full 3):
 PSYoungGen      total 1536K, used 192K [0x00000000d5580000, 0x00000000d5800000, 0x0000000100000000)
  eden space 1024K, 0% used [0x00000000d5580000,0x00000000d5580000,0x00000000d5680000)
  from space 512K, 37% used [0x00000000d5780000,0x00000000d57b0000,0x00000000d5800000)
  to   space 512K, 0% used [0x00000000d5700000,0x00000000d5700000,0x00000000d5780000)
 ParOldGen       total 288768K, used 287383K [0x0000000080000000, 0x0000000091a00000, 0x00000000d5580000)
  object space 288768K, 99% used [0x0000000080000000,0x00000000918a5d60,0x0000000091a00000)
 Metaspace       used 75007K, committed 76672K, reserved 1179648K
  class space    used 7895K, committed 8640K, reserved 1048576K
}

Dll operation events (12 events):
Event: 0.018 Loaded shared library c:\Users\pedro\.vscode\extensions\redhat.java-1.47.0-win32-x64\jre\21.0.8-win32-x86_64\bin\java.dll
Event: 0.147 Loaded shared library c:\Users\pedro\.vscode\extensions\redhat.java-1.47.0-win32-x64\jre\21.0.8-win32-x86_64\bin\zip.dll
Event: 0.185 Loaded shared library C:\Users\pedro\.vscode\extensions\redhat.java-1.47.0-win32-x64\jre\21.0.8-win32-x86_64\bin\instrument.dll
Event: 0.199 Loaded shared library C:\Users\pedro\.vscode\extensions\redhat.java-1.47.0-win32-x64\jre\21.0.8-win32-x86_64\bin\net.dll
Event: 0.204 Loaded shared library C:\Users\pedro\.vscode\extensions\redhat.java-1.47.0-win32-x64\jre\21.0.8-win32-x86_64\bin\nio.dll
Event: 0.210 Loaded shared library C:\Users\pedro\.vscode\extensions\redhat.java-1.47.0-win32-x64\jre\21.0.8-win32-x86_64\bin\zip.dll
Event: 0.242 Loaded shared library C:\Users\pedro\.vscode\extensions\redhat.java-1.47.0-win32-x64\jre\21.0.8-win32-x86_64\bin\jimage.dll
Event: 0.394 Loaded shared library c:\Users\pedro\.vscode\extensions\redhat.java-1.47.0-win32-x64\jre\21.0.8-win32-x86_64\bin\verify.dll
Event: 13.564 Loaded shared library C:\Users\pedro\AppData\Roaming\Code\User\globalStorage\redhat.java\1.47.0\config_win\org.eclipse.equinox.launcher\org.eclipse.equinox.launcher.win32.win32.x86_64_1.2.1400.v20250801-0854\eclipse_11916.dll
Event: 27.747 Loaded shared library C:\Users\pedro\AppData\Local\Temp\jna-106542988\jna17941321701857250357.dll
Event: 31.818 Loaded shared library C:\Users\pedro\.vscode\extensions\redhat.java-1.47.0-win32-x64\jre\21.0.8-win32-x86_64\bin\sunmscapi.dll
Event: 32.860 Loaded shared library C:\Users\pedro\.vscode\extensions\redhat.java-1.47.0-win32-x64\jre\21.0.8-win32-x86_64\bin\extnet.dll

Deoptimization events (20 events):
Event: 5165.630 Thread 0x000001e4fe421e60 Uncommon trap: trap_request=0xffffffc6 fr.pc=0x000001e4f0e21670 relative=0x0000000000000610
Event: 5165.631 Thread 0x000001e4fe421e60 Uncommon trap: reason=bimorphic_or_optimized_type_check action=maybe_recompile pc=0x000001e4f0e21670 method=org.eclipse.jdt.internal.compiler.parser.Parser.consumeRule(I)V @ 7702 c2
Event: 5165.631 Thread 0x000001e4fe421e60 DEOPT PACKING pc=0x000001e4f0e21670 sp=0x000000b6ec5fefe0
Event: 5165.631 Thread 0x000001e4fe421e60 DEOPT UNPACKING pc=0x000001e4efbf3aa2 sp=0x000000b6ec5fef58 mode 2
Event: 5165.631 Thread 0x000001e4fe421e60 Uncommon trap: trap_request=0xffffffc6 fr.pc=0x000001e4f0e2133c relative=0x00000000000002dc
Event: 5165.631 Thread 0x000001e4fe421e60 Uncommon trap: reason=bimorphic_or_optimized_type_check action=maybe_recompile pc=0x000001e4f0e2133c method=org.eclipse.jdt.internal.compiler.parser.Parser.consumeRule(I)V @ 4258 c2
Event: 5165.631 Thread 0x000001e4fe421e60 DEOPT PACKING pc=0x000001e4f0e2133c sp=0x000000b6ec5fefe0
Event: 5165.631 Thread 0x000001e4fe421e60 DEOPT UNPACKING pc=0x000001e4efbf3aa2 sp=0x000000b6ec5fef60 mode 2
Event: 5165.631 Thread 0x000001e4fe421e60 Uncommon trap: trap_request=0xffffffc6 fr.pc=0x000001e4f0e21470 relative=0x0000000000000410
Event: 5165.631 Thread 0x000001e4fe421e60 Uncommon trap: reason=bimorphic_or_optimized_type_check action=maybe_recompile pc=0x000001e4f0e21470 method=org.eclipse.jdt.internal.compiler.parser.Parser.consumeRule(I)V @ 4272 c2
Event: 5165.631 Thread 0x000001e4fe421e60 DEOPT PACKING pc=0x000001e4f0e21470 sp=0x000000b6ec5fefe0
Event: 5165.631 Thread 0x000001e4fe421e60 DEOPT UNPACKING pc=0x000001e4efbf3aa2 sp=0x000000b6ec5fef60 mode 2
Event: 5165.632 Thread 0x000001e4fe421e60 Uncommon trap: trap_request=0xffffffc6 fr.pc=0x000001e4f0e2133c relative=0x00000000000002dc
Event: 5165.632 Thread 0x000001e4fe421e60 Uncommon trap: reason=bimorphic_or_optimized_type_check action=maybe_recompile pc=0x000001e4f0e2133c method=org.eclipse.jdt.internal.compiler.parser.Parser.consumeRule(I)V @ 4258 c2
Event: 5165.632 Thread 0x000001e4fe421e60 DEOPT PACKING pc=0x000001e4f0e2133c sp=0x000000b6ec5feed0
Event: 5165.632 Thread 0x000001e4fe421e60 DEOPT UNPACKING pc=0x000001e4efbf3aa2 sp=0x000000b6ec5fee50 mode 2
Event: 5166.029 Thread 0x000001e4fee44780 Uncommon trap: trap_request=0xffffffbe fr.pc=0x000001e4f0dcda68 relative=0x0000000000000c08
Event: 5166.029 Thread 0x000001e4fee44780 Uncommon trap: reason=profile_predicate action=maybe_recompile pc=0x000001e4f0dcda68 method=java.util.regex.Pattern$BnM.optimize(Ljava/util/regex/Pattern$Node;)Ljava/util/regex/Pattern$Node; @ 67 c2
Event: 5166.029 Thread 0x000001e4fee44780 DEOPT PACKING pc=0x000001e4f0dcda68 sp=0x000000b6ebefea90
Event: 5166.029 Thread 0x000001e4fee44780 DEOPT UNPACKING pc=0x000001e4efbf3aa2 sp=0x000000b6ebefe9c0 mode 2

Classes loaded (20 events):
Event: 92.900 Loading class jdk/internal/module/IllegalAccessLogger
Event: 92.900 Loading class jdk/internal/module/IllegalAccessLogger done
Event: 93.691 Loading class java/io/CharArrayWriter
Event: 93.691 Loading class java/io/CharArrayWriter done
Event: 93.706 Loading class java/nio/file/attribute/PosixFileAttributes
Event: 93.707 Loading class java/nio/file/attribute/PosixFileAttributes done
Event: 345.500 Loading class java/util/stream/Nodes$CollectorTask$OfRef
Event: 345.501 Loading class java/util/stream/Nodes$CollectorTask
Event: 345.501 Loading class java/util/stream/Nodes$CollectorTask done
Event: 345.501 Loading class java/util/stream/Nodes$CollectorTask$OfRef done
Event: 345.501 Loading class java/util/function/LongFunction
Event: 345.501 Loading class java/util/function/LongFunction done
Event: 345.502 Loading class java/util/stream/Nodes$ConcNode
Event: 345.502 Loading class java/util/stream/Nodes$AbstractConcNode
Event: 345.503 Loading class java/util/stream/Nodes$AbstractConcNode done
Event: 345.503 Loading class java/util/stream/Nodes$ConcNode done
Event: 5165.618 Loading class jdk/internal/module/IllegalAccessLogger
Event: 5165.618 Loading class jdk/internal/module/IllegalAccessLogger done
Event: 5165.906 Loading class java/nio/BufferMismatch
Event: 5165.906 Loading class java/nio/BufferMismatch done

Classes unloaded (7 events):
Event: 29.018 Thread 0x000001e4e5528b10 Unloading class 0x000001e4811b4000 'java/lang/invoke/LambdaForm$MH+0x000001e4811b4000'
Event: 29.018 Thread 0x000001e4e5528b10 Unloading class 0x000001e4811b3c00 'java/lang/invoke/LambdaForm$MH+0x000001e4811b3c00'
Event: 29.018 Thread 0x000001e4e5528b10 Unloading class 0x000001e4811b3800 'java/lang/invoke/LambdaForm$MH+0x000001e4811b3800'
Event: 29.018 Thread 0x000001e4e5528b10 Unloading class 0x000001e4811b3400 'java/lang/invoke/LambdaForm$MH+0x000001e4811b3400'
Event: 29.018 Thread 0x000001e4e5528b10 Unloading class 0x000001e4811b3000 'java/lang/invoke/LambdaForm$BMH+0x000001e4811b3000'
Event: 29.018 Thread 0x000001e4e5528b10 Unloading class 0x000001e4811b2c00 'java/lang/invoke/LambdaForm$DMH+0x000001e4811b2c00'
Event: 29.018 Thread 0x000001e4e5528b10 Unloading class 0x000001e4811b1800 'java/lang/invoke/LambdaForm$DMH+0x000001e4811b1800'

Classes redefined (0 events):
No events

Internal exceptions (20 events):
Event: 91.601 Thread 0x000001e4fee43a60 Implicit null exception at 0x000001e4f08eedcf to 0x000001e4f08eef3c
Event: 91.887 Thread 0x000001e4c59a6440 Exception <a 'java/lang/NoSuchMethodError'{0x00000000d55c1730}: 'void java.lang.invoke.DirectMethodHandle$Holder.invokeStatic(java.lang.Object, int, java.lang.Object)'> (0x00000000d55c1730) 
thrown [s\src\hotspot\share\interpreter\linkResolver.cpp, line 773]
Event: 91.931 Thread 0x000001e4fee43a60 Exception <a 'java/lang/NoSuchMethodError'{0x00000000d56b5618}: 'java.lang.Object java.lang.invoke.DirectMethodHandle$Holder.invokeStatic(java.lang.Object, java.lang.Object, int, int, java.lang.Object)'> (0x00000000d56b5618) 
thrown [s\src\hotspot\share\interpreter\linkResolver.cpp, line 773]
Event: 91.931 Thread 0x000001e4fee43a60 Exception <a 'java/lang/NoSuchMethodError'{0x00000000d56c0b70}: 'java.lang.Object java.lang.invoke.DirectMethodHandle$Holder.newInvokeSpecial(java.lang.Object, java.lang.Object, int, int, java.lang.Object)'> (0x00000000d56c0b70) 
thrown [s\src\hotspot\share\interpreter\linkResolver.cpp, line 773]
Event: 91.941 Thread 0x000001e4c59a6440 Implicit null exception at 0x000001e4f0cacb47 to 0x000001e4f0cad09c
Event: 92.320 Thread 0x000001e4c59a6440 Exception <a 'java/lang/NoSuchMethodError'{0x00000000d5641988}: 'java.lang.Object java.lang.invoke.DirectMethodHandle$Holder.newInvokeSpecial(java.lang.Object, java.lang.Object, java.lang.Object, java.lang.Object, int)'> (0x00000000d5641988) 
thrown [s\src\hotspot\share\interpreter\linkResolver.cpp, line 773]
Event: 92.321 Thread 0x000001e4c59a6440 Exception <a 'java/lang/NoSuchMethodError'{0x00000000d5646020}: 'java.lang.Object java.lang.invoke.DirectMethodHandle$Holder.invokeSpecial(java.lang.Object, java.lang.Object, java.lang.Object, java.lang.Object, java.lang.Object, int)'> (0x00000000d5646020) 
thrown [s\src\hotspot\share\interpreter\linkResolver.cpp, line 773]
Event: 92.321 Thread 0x000001e4c59a6440 Exception <a 'java/lang/NoSuchMethodError'{0x00000000d5649fe8}: 'java.lang.Object java.lang.invoke.Invokers$Holder.linkToTargetMethod(java.lang.Object, java.lang.Object, java.lang.Object, int, java.lang.Object)'> (0x00000000d5649fe8) 
thrown [s\src\hotspot\share\interpreter\linkResolver.cpp, line 773]
Event: 92.346 Thread 0x000001e4c59a6440 Implicit null exception at 0x000001e4f0d3dcc9 to 0x000001e4f0d3dd3c
Event: 92.945 Thread 0x000001e4fee43a60 Exception <a 'sun/nio/fs/WindowsException'{0x00000000d55c9618}> (0x00000000d55c9618) 
thrown [s\src\hotspot\share\prims\jni.cpp, line 520]
Event: 92.945 Thread 0x000001e4fee43a60 Exception <a 'sun/nio/fs/WindowsException'{0x00000000d55c9c40}> (0x00000000d55c9c40) 
thrown [s\src\hotspot\share\prims\jni.cpp, line 520]
Event: 93.114 Thread 0x000001e4fee43a60 Implicit null exception at 0x000001e4f0b5c7cc to 0x000001e4f0b5cb35
Event: 93.712 Thread 0x000001e4fee43a60 Exception <a 'sun/nio/fs/WindowsException'{0x00000000d55faa70}> (0x00000000d55faa70) 
thrown [s\src\hotspot\share\prims\jni.cpp, line 520]
Event: 93.716 Thread 0x000001e4fee43a60 Exception <a 'sun/nio/fs/WindowsException'{0x00000000d55fc798}> (0x00000000d55fc798) 
thrown [s\src\hotspot\share\prims\jni.cpp, line 520]
Event: 345.523 Thread 0x000001e4fe41f070 Exception <a 'sun/nio/fs/WindowsException'{0x00000000d5677260}> (0x00000000d5677260) 
thrown [s\src\hotspot\share\prims\jni.cpp, line 520]
Event: 345.523 Thread 0x000001e4fe41f070 Exception <a 'sun/nio/fs/WindowsException'{0x00000000d5677b50}> (0x00000000d5677b50) 
thrown [s\src\hotspot\share\prims\jni.cpp, line 520]
Event: 345.524 Thread 0x000001e4fe41f070 Implicit null exception at 0x000001e4f0b9fd89 to 0x000001e4f0ba0128
Event: 345.545 Thread 0x000001e4fe41f070 Exception <a 'java/lang/NoSuchMethodError'{0x00000000d56fbde0}: static [J.<clinit>()V> (0x00000000d56fbde0) 
thrown [s\src\hotspot\share\prims\jni.cpp, line 1111]
Event: 5165.034 Thread 0x000001e4fe421e60 Implicit null exception at 0x000001e4f0cb58e2 to 0x000001e4f0cb5d50
Event: 5165.850 Thread 0x000001e4fee44780 Exception <a 'java/lang/NoSuchMethodError'{0x00000000d55993e8}: 'int java.lang.invoke.DirectMethodHandle$Holder.invokeStatic(java.lang.Object, java.lang.Object, java.lang.Object, java.lang.Object, java.lang.Object, java.lang.Object)'> (0x00000000d55993e8) 
thrown [s\src\hotspot\share\interpreter\linkResolver.cpp, line 773]

ZGC Phase Switch (0 events):
No events

VM Operations (20 events):
Event: 5165.668 Executing VM operation: ParallelGCFailedAllocation (Allocation Failure)
Event: 5165.670 Executing VM operation: ParallelGCFailedAllocation (Allocation Failure) done
Event: 5165.683 Executing VM operation: ParallelGCFailedAllocation (Allocation Failure)
Event: 5165.684 Executing VM operation: ParallelGCFailedAllocation (Allocation Failure) done
Event: 5165.732 Executing VM operation: ParallelGCFailedAllocation (Allocation Failure)
Event: 5165.734 Executing VM operation: ParallelGCFailedAllocation (Allocation Failure) done
Event: 5165.831 Executing VM operation: ParallelGCFailedAllocation (Allocation Failure)
Event: 5165.833 Executing VM operation: ParallelGCFailedAllocation (Allocation Failure) done
Event: 5165.885 Executing VM operation: ParallelGCFailedAllocation (Allocation Failure)
Event: 5165.887 Executing VM operation: ParallelGCFailedAllocation (Allocation Failure) done
Event: 5165.919 Executing VM operation: ParallelGCFailedAllocation (Allocation Failure)
Event: 5165.921 Executing VM operation: ParallelGCFailedAllocation (Allocation Failure) done
Event: 5165.996 Executing VM operation: ParallelGCFailedAllocation (Allocation Failure)
Event: 5165.998 Executing VM operation: ParallelGCFailedAllocation (Allocation Failure) done
Event: 5167.007 Executing VM operation: Cleanup
Event: 5167.007 Executing VM operation: Cleanup done
Event: 5171.445 Executing VM operation: HandshakeAllThreads (HandshakeForDeflation)
Event: 5171.445 Executing VM operation: HandshakeAllThreads (HandshakeForDeflation) done
Event: 5171.445 Executing VM operation: RendezvousGCThreads
Event: 5171.445 Executing VM operation: RendezvousGCThreads done

Memory protections (0 events):
No events

Nmethod flushes (20 events):
Event: 49.305 Thread 0x000001e4e5528b10 flushing  nmethod 0x000001e4e907c210
Event: 49.305 Thread 0x000001e4e5528b10 flushing  nmethod 0x000001e4e907cb10
Event: 49.305 Thread 0x000001e4e5528b10 flushing  nmethod 0x000001e4e907e990
Event: 49.305 Thread 0x000001e4e5528b10 flushing  nmethod 0x000001e4e9098610
Event: 49.305 Thread 0x000001e4e5528b10 flushing  nmethod 0x000001e4e90ab890
Event: 49.305 Thread 0x000001e4e5528b10 flushing  nmethod 0x000001e4e90aec10
Event: 49.305 Thread 0x000001e4e5528b10 flushing  nmethod 0x000001e4e90af610
Event: 49.305 Thread 0x000001e4e5528b10 flushing  nmethod 0x000001e4e90f0290
Event: 49.305 Thread 0x000001e4e5528b10 flushing  nmethod 0x000001e4e90f0890
Event: 49.305 Thread 0x000001e4e5528b10 flushing  nmethod 0x000001e4e90f8c10
Event: 49.305 Thread 0x000001e4e5528b10 flushing  nmethod 0x000001e4e90ffc90
Event: 49.305 Thread 0x000001e4e5528b10 flushing  nmethod 0x000001e4e9100110
Event: 49.305 Thread 0x000001e4e5528b10 flushing  nmethod 0x000001e4e9106610
Event: 49.305 Thread 0x000001e4e5528b10 flushing  nmethod 0x000001e4e9106b90
Event: 49.305 Thread 0x000001e4e5528b10 flushing  nmethod 0x000001e4e9108110
Event: 49.305 Thread 0x000001e4e5528b10 flushing  nmethod 0x000001e4e910de90
Event: 49.305 Thread 0x000001e4e5528b10 flushing  nmethod 0x000001e4e911c510
Event: 49.305 Thread 0x000001e4e5528b10 flushing osr nmethod 0x000001e4e912fd90
Event: 49.305 Thread 0x000001e4e5528b10 flushing  nmethod 0x000001e4e9158990
Event: 49.305 Thread 0x000001e4e5528b10 flushing  nmethod 0x000001e4e9159190

Events (20 events):
Event: 508.490 Thread 0x000001e4c59ac020 Thread exited: 0x000001e4c59ac020
Event: 508.598 Thread 0x000001e4fee41990 Thread exited: 0x000001e4fee41990
Event: 568.600 Thread 0x000001e4fee426b0 Thread exited: 0x000001e4fee426b0
Event: 1395.205 Thread 0x000001e4fe48f4d0 Thread added: 0x000001e4fee40c70
Event: 1395.236 Thread 0x000001e4fee40c70 Thread added: 0x000001e4fee43a60
Event: 1395.908 Thread 0x000001e4e5402a10 Thread added: 0x000001e4d00a9b30
Event: 1401.214 Thread 0x000001e4d00a9b30 Thread exited: 0x000001e4d00a9b30
Event: 1456.181 Thread 0x000001e4fee40c70 Thread exited: 0x000001e4fee40c70
Event: 1516.193 Thread 0x000001e4fee43a60 Thread exited: 0x000001e4fee43a60
Event: 5164.810 Thread 0x000001e4fe4901f0 Thread added: 0x000001e4fee40c70
Event: 5164.811 Thread 0x000001e4fee40c70 Thread added: 0x000001e4fee43a60
Event: 5164.937 Thread 0x000001e4fe41f070 Thread added: 0x000001e4fee44780
Event: 5165.319 Thread 0x000001e4fd6d8120 Thread added: 0x000001e4d00aa8d0
Event: 5165.362 Thread 0x000001e4fee44780 Thread added: 0x000001e4fee426b0
Event: 5165.362 Thread 0x000001e4fee44780 Thread added: 0x000001e4fee440f0
Event: 5165.528 Thread 0x000001e4d00aa8d0 Thread added: 0x000001e4d00a8d90
Event: 5165.620 Thread 0x000001e4fee44780 Thread added: 0x000001e4fee44e10
Event: 5166.026 Thread 0x000001e4d00a8d90 Thread exited: 0x000001e4d00a8d90
Event: 5166.028 Thread 0x000001e4fee43a60 Thread added: 0x000001e4fee41990
Event: 5172.034 Thread 0x000001e4d00aa8d0 Thread exited: 0x000001e4d00aa8d0


Dynamic libraries:
0x00007ff6a2a00000 - 0x00007ff6a2a0e000 	c:\Users\pedro\.vscode\extensions\redhat.java-1.47.0-win32-x64\jre\21.0.8-win32-x86_64\bin\java.exe
0x00007ffdb4f60000 - 0x00007ffdb51c8000 	C:\WINDOWS\SYSTEM32\ntdll.dll
0x00007ffdb3660000 - 0x00007ffdb3729000 	C:\WINDOWS\System32\KERNEL32.DLL
0x00007ffdb2870000 - 0x00007ffdb2c62000 	C:\WINDOWS\System32\KERNELBASE.dll
0x00007ffdb20f0000 - 0x00007ffdb223b000 	C:\WINDOWS\System32\ucrtbase.dll
0x00007ffd992e0000 - 0x00007ffd992f8000 	c:\Users\pedro\.vscode\extensions\redhat.java-1.47.0-win32-x64\jre\21.0.8-win32-x86_64\bin\jli.dll
0x00007ffdb4040000 - 0x00007ffdb4205000 	C:\WINDOWS\System32\USER32.dll
0x00007ffd93dd0000 - 0x00007ffd93dee000 	c:\Users\pedro\.vscode\extensions\redhat.java-1.47.0-win32-x64\jre\21.0.8-win32-x86_64\bin\VCRUNTIME140.dll
0x00007ffdb2710000 - 0x00007ffdb2737000 	C:\WINDOWS\System32\win32u.dll
0x00007ffdb3830000 - 0x00007ffdb385b000 	C:\WINDOWS\System32\GDI32.dll
0x00007ffd981f0000 - 0x00007ffd98483000 	C:\WINDOWS\WinSxS\amd64_microsoft.windows.common-controls_6595b64144ccf1df_6.0.26100.6899_none_3e0efeeae32e88c1\COMCTL32.dll
0x00007ffdb2740000 - 0x00007ffdb286d000 	C:\WINDOWS\System32\gdi32full.dll
0x00007ffdb24f0000 - 0x00007ffdb2593000 	C:\WINDOWS\System32\msvcp_win.dll
0x00007ffdb3080000 - 0x00007ffdb3129000 	C:\WINDOWS\System32\msvcrt.dll
0x00007ffdb4730000 - 0x00007ffdb475f000 	C:\WINDOWS\System32\IMM32.DLL
0x00007ffd9b8b0000 - 0x00007ffd9b8bc000 	c:\Users\pedro\.vscode\extensions\redhat.java-1.47.0-win32-x64\jre\21.0.8-win32-x86_64\bin\vcruntime140_1.dll
0x00007ffd81e50000 - 0x00007ffd81edd000 	c:\Users\pedro\.vscode\extensions\redhat.java-1.47.0-win32-x64\jre\21.0.8-win32-x86_64\bin\msvcp140.dll
0x00007ffd158f0000 - 0x00007ffd16687000 	c:\Users\pedro\.vscode\extensions\redhat.java-1.47.0-win32-x64\jre\21.0.8-win32-x86_64\bin\server\jvm.dll
0x00007ffdb49c0000 - 0x00007ffdb4a74000 	C:\WINDOWS\System32\ADVAPI32.dll
0x00007ffdb33f0000 - 0x00007ffdb3496000 	C:\WINDOWS\System32\sechost.dll
0x00007ffdb4a80000 - 0x00007ffdb4b98000 	C:\WINDOWS\System32\RPCRT4.dll
0x00007ffdb3fc0000 - 0x00007ffdb4034000 	C:\WINDOWS\System32\WS2_32.dll
0x00007ffd989e0000 - 0x00007ffd98a15000 	C:\WINDOWS\SYSTEM32\WINMM.dll
0x00007ffdb1f50000 - 0x00007ffdb1fae000 	C:\WINDOWS\SYSTEM32\POWRPROF.dll
0x00007ffda0d20000 - 0x00007ffda0d2b000 	C:\WINDOWS\SYSTEM32\VERSION.dll
0x00007ffdb1f30000 - 0x00007ffdb1f44000 	C:\WINDOWS\SYSTEM32\UMPDC.dll
0x00007ffdb0e90000 - 0x00007ffdb0eab000 	C:\WINDOWS\SYSTEM32\kernel.appcore.dll
0x00007ffd9b3d0000 - 0x00007ffd9b3da000 	c:\Users\pedro\.vscode\extensions\redhat.java-1.47.0-win32-x64\jre\21.0.8-win32-x86_64\bin\jimage.dll
0x00007ffdaf580000 - 0x00007ffdaf7c2000 	C:\WINDOWS\SYSTEM32\DBGHELP.DLL
0x00007ffdb4ba0000 - 0x00007ffdb4f1b000 	C:\WINDOWS\System32\combase.dll
0x00007ffdb31b0000 - 0x00007ffdb3287000 	C:\WINDOWS\System32\OLEAUT32.dll
0x00007ffd91b40000 - 0x00007ffd91b7c000 	C:\WINDOWS\SYSTEM32\dbgcore.DLL
0x00007ffdb23c0000 - 0x00007ffdb2458000 	C:\WINDOWS\System32\bcryptPrimitives.dll
0x00007ffd9b220000 - 0x00007ffd9b22f000 	c:\Users\pedro\.vscode\extensions\redhat.java-1.47.0-win32-x64\jre\21.0.8-win32-x86_64\bin\instrument.dll
0x00007ffd93db0000 - 0x00007ffd93dcf000 	c:\Users\pedro\.vscode\extensions\redhat.java-1.47.0-win32-x64\jre\21.0.8-win32-x86_64\bin\java.dll
0x00007ffdb3860000 - 0x00007ffdb3fad000 	C:\WINDOWS\System32\SHELL32.dll
0x00007ffdb25a0000 - 0x00007ffdb270b000 	C:\WINDOWS\System32\wintypes.dll
0x00007ffdafd20000 - 0x00007ffdb057d000 	C:\WINDOWS\SYSTEM32\windows.storage.dll
0x00007ffdb3550000 - 0x00007ffdb3642000 	C:\WINDOWS\System32\SHCORE.dll
0x00007ffdb3140000 - 0x00007ffdb31a2000 	C:\WINDOWS\System32\shlwapi.dll
0x00007ffdb2010000 - 0x00007ffdb2039000 	C:\WINDOWS\SYSTEM32\profapi.dll
0x00007ffd902c0000 - 0x00007ffd902d8000 	c:\Users\pedro\.vscode\extensions\redhat.java-1.47.0-win32-x64\jre\21.0.8-win32-x86_64\bin\zip.dll
0x00007ffd99d10000 - 0x00007ffd99d20000 	C:\Users\pedro\.vscode\extensions\redhat.java-1.47.0-win32-x64\jre\21.0.8-win32-x86_64\bin\net.dll
0x00007ffda3020000 - 0x00007ffda313f000 	C:\WINDOWS\SYSTEM32\WINHTTP.dll
0x00007ffdb13f0000 - 0x00007ffdb145b000 	C:\WINDOWS\system32\mswsock.dll
0x00007ffd8fc00000 - 0x00007ffd8fc16000 	C:\Users\pedro\.vscode\extensions\redhat.java-1.47.0-win32-x64\jre\21.0.8-win32-x86_64\bin\nio.dll
0x00007ffd998d0000 - 0x00007ffd998e0000 	c:\Users\pedro\.vscode\extensions\redhat.java-1.47.0-win32-x64\jre\21.0.8-win32-x86_64\bin\verify.dll
0x00007ffd7c820000 - 0x00007ffd7c864000 	C:\Users\pedro\AppData\Roaming\Code\User\globalStorage\redhat.java\1.47.0\config_win\org.eclipse.equinox.launcher\org.eclipse.equinox.launcher.win32.win32.x86_64_1.2.1400.v20250801-0854\eclipse_11916.dll
0x00007ffdb4770000 - 0x00007ffdb4908000 	C:\WINDOWS\System32\ole32.dll
0x00007ffdb16e0000 - 0x00007ffdb16fb000 	C:\WINDOWS\SYSTEM32\CRYPTSP.dll
0x00007ffdb0de0000 - 0x00007ffdb0e1b000 	C:\WINDOWS\system32\rsaenh.dll
0x00007ffdb14b0000 - 0x00007ffdb14db000 	C:\WINDOWS\SYSTEM32\USERENV.dll
0x00007ffdb1fe0000 - 0x00007ffdb2006000 	C:\WINDOWS\SYSTEM32\bcrypt.dll
0x00007ffdb1700000 - 0x00007ffdb170c000 	C:\WINDOWS\SYSTEM32\CRYPTBASE.dll
0x00007ffdb0880000 - 0x00007ffdb08b4000 	C:\WINDOWS\SYSTEM32\IPHLPAPI.DLL
0x00007ffdb4910000 - 0x00007ffdb491a000 	C:\WINDOWS\System32\NSI.dll
0x00007ffd74b40000 - 0x00007ffd74b89000 	C:\Users\pedro\AppData\Local\Temp\jna-106542988\jna17941321701857250357.dll
0x00007ffdb3130000 - 0x00007ffdb3138000 	C:\WINDOWS\System32\PSAPI.DLL
0x00007ffda6ac0000 - 0x00007ffda6ade000 	C:\WINDOWS\SYSTEM32\dhcpcsvc6.DLL
0x00007ffda6a50000 - 0x00007ffda6a73000 	C:\WINDOWS\SYSTEM32\dhcpcsvc.DLL
0x00007ffd997f0000 - 0x00007ffd997fe000 	C:\Users\pedro\.vscode\extensions\redhat.java-1.47.0-win32-x64\jre\21.0.8-win32-x86_64\bin\sunmscapi.dll
0x00007ffdb2240000 - 0x00007ffdb23b7000 	C:\WINDOWS\System32\CRYPT32.dll
0x00007ffdb1900000 - 0x00007ffdb1930000 	C:\WINDOWS\SYSTEM32\ncrypt.dll
0x00007ffdb18b0000 - 0x00007ffdb18ef000 	C:\WINDOWS\SYSTEM32\NTASN1.dll
0x00007ffdb0970000 - 0x00007ffdb0a96000 	C:\WINDOWS\SYSTEM32\DNSAPI.dll
0x00007ffda2220000 - 0x00007ffda222b000 	C:\Windows\System32\rasadhlp.dll
0x00007ffda2460000 - 0x00007ffda24e6000 	C:\WINDOWS\System32\fwpuclnt.dll
0x00007ffd997e0000 - 0x00007ffd997e9000 	C:\Users\pedro\.vscode\extensions\redhat.java-1.47.0-win32-x64\jre\21.0.8-win32-x86_64\bin\extnet.dll
0x00007ffdb0fb0000 - 0x00007ffdb0fe6000 	C:\WINDOWS\SYSTEM32\ntmarta.dll

JVMTI agents:
c:\Users\pedro\.vscode\extensions\redhat.java-1.47.0-win32-x64\lombok\lombok-1.18.39-4050.jar path:c:\Users\pedro\.vscode\extensions\redhat.java-1.47.0-win32-x64\jre\21.0.8-win32-x86_64\bin\instrument.dll, loaded, initialized, instrumentlib options:none

dbghelp: loaded successfully - version: 4.0.5 - missing functions: none
symbol engine: initialized successfully - sym options: 0x614 - pdb path: .;c:\Users\pedro\.vscode\extensions\redhat.java-1.47.0-win32-x64\jre\21.0.8-win32-x86_64\bin;C:\WINDOWS\SYSTEM32;C:\WINDOWS\WinSxS\amd64_microsoft.windows.common-controls_6595b64144ccf1df_6.0.26100.6899_none_3e0efeeae32e88c1;c:\Users\pedro\.vscode\extensions\redhat.java-1.47.0-win32-x64\jre\21.0.8-win32-x86_64\bin\server;C:\Users\pedro\AppData\Roaming\Code\User\globalStorage\redhat.java\1.47.0\config_win\org.eclipse.equinox.launcher\org.eclipse.equinox.launcher.win32.win32.x86_64_1.2.1400.v20250801-0854;C:\Users\pedro\AppData\Local\Temp\jna-106542988

VM Arguments:
jvm_args: --add-modules=ALL-SYSTEM --add-opens=java.base/java.util=ALL-UNNAMED --add-opens=java.base/java.lang=ALL-UNNAMED --add-opens=java.base/sun.nio.fs=ALL-UNNAMED -Declipse.application=org.eclipse.jdt.ls.core.id1 -Dosgi.bundles.defaultStartLevel=4 -Declipse.product=org.eclipse.jdt.ls.core.product -Djava.import.generatesMetadataFilesAtProjectRoot=false -DDetectVMInstallationsJob.disabled=true -Dfile.encoding=utf8 -XX:+UseParallelGC -XX:GCTimeRatio=4 -XX:AdaptiveSizePolicyWeight=90 -Dsun.zip.disableMemoryMapping=true -Xmx2G -Xms100m -Xlog:disable -javaagent:c:\Users\pedro\.vscode\extensions\redhat.java-1.47.0-win32-x64\lombok\lombok-1.18.39-4050.jar -XX:+HeapDumpOnOutOfMemoryError -XX:HeapDumpPath=c:\Users\pedro\AppData\Roaming\Code\User\workspaceStorage\1c6cc6bca4d662b0dfa7fc6c9194e6eb\redhat.java -Daether.dependencyCollector.impl=bf 
java_command: c:\Users\pedro\.vscode\extensions\redhat.java-1.47.0-win32-x64\server\plugins\org.eclipse.equinox.launcher_1.7.100.v20251014-1222.jar -configuration c:\Users\pedro\AppData\Roaming\Code\User\globalStorage\redhat.java\1.47.0\config_win -data c:\Users\pedro\AppData\Roaming\Code\User\workspaceStorage\1c6cc6bca4d662b0dfa7fc6c9194e6eb\redhat.java\jdt_ws --pipe=\\.\pipe\lsp-03a47429aeee504148f065d1865ed7df-sock
java_class_path (initial): c:\Users\pedro\.vscode\extensions\redhat.java-1.47.0-win32-x64\server\plugins\org.eclipse.equinox.launcher_1.7.100.v20251014-1222.jar
Launcher Type: SUN_STANDARD

[Global flags]
    uintx AdaptiveSizePolicyWeight                 = 90                                        {product} {command line}
     intx CICompilerCount                          = 4                                         {product} {ergonomic}
    uintx GCTimeRatio                              = 4                                         {product} {command line}
     bool HeapDumpOnOutOfMemoryError               = true                                   {manageable} {command line}
    ccstr HeapDumpPath                             = c:\Users\pedro\AppData\Roaming\Code\User\workspaceStorage\1c6cc6bca4d662b0dfa7fc6c9194e6eb\redhat.java         {manageable} {command line}
   size_t InitialHeapSize                          = 104857600                                 {product} {command line}
   size_t MaxHeapSize                              = 2147483648                                {product} {command line}
   size_t MaxNewSize                               = 715653120                                 {product} {ergonomic}
   size_t MinHeapDeltaBytes                        = 524288                                    {product} {ergonomic}
   size_t MinHeapSize                              = 104857600                                 {product} {command line}
   size_t NewSize                                  = 34603008                                  {product} {ergonomic}
    uintx NonNMethodCodeHeapSize                   = 5839372                                {pd product} {ergonomic}
    uintx NonProfiledCodeHeapSize                  = 122909434                              {pd product} {ergonomic}
   size_t OldSize                                  = 70254592                                  {product} {ergonomic}
    uintx ProfiledCodeHeapSize                     = 122909434                              {pd product} {ergonomic}
    uintx ReservedCodeCacheSize                    = 251658240                              {pd product} {ergonomic}
     bool SegmentedCodeCache                       = true                                      {product} {ergonomic}
   size_t SoftMaxHeapSize                          = 2147483648                             {manageable} {ergonomic}
     bool UseCompressedOops                        = true                           {product lp64_product} {ergonomic}
     bool UseLargePagesIndividualAllocation        = false                                  {pd product} {ergonomic}
     bool UseParallelGC                            = true                                      {product} {command line}

Logging:
Log output configuration:
 #0: stdout all=off uptime,level,tags foldmultilines=false
 #1: stderr all=off uptime,level,tags foldmultilines=false

Environment Variables:
PATH=C:\Python313\Scripts\;C:\Python313\;C:\Program Files\Microsoft SDKs\Azure\CLI2\wbin;C:\Program Files (x86)\NVIDIA Corporation\PhysX\Common;C:\MinGW\bin;C:\Program Files\Common Files\Oracle\Java\javapath;C:\Program Files (x86)\Common Files\Oracle\Java\java8path;C:\Program Files (x86)\Common Files\Oracle\Java\javapath;C:\WINDOWS\system32;C:\WINDOWS;C:\WINDOWS\System32\Wbem;C:\WINDOWS\System32\WindowsPowerShell\v1.0\;C:\WINDOWS\System32\OpenSSH\;C:\Program Files\Microsoft SQL Server\Client SDK\ODBC\170\Tools\Binn\;C:\Program Files (x86)\Microsoft SQL Server\150\Tools\Binn\;C:\Program Files\Microsoft SQL Server\150\Tools\Binn\;C:\Program Files\Microsoft SQL Server\150\DTS\Binn\;C:\Program Files (x86)\Microsoft SQL Server\150\DTS\Binn\;C:\Program Files\Azure Data Studio\bin;C:\Program Files\Git\cmd;C:\ProgramData\chocolatey\bin;C:\Program Files\dotnet\;C:\Program Files (x86)\dotnet\;C:\Users\pedro\AppData\Roaming\Python\Scripts;C:\adb\platform-tools-latest-windows\platform-tools;;C:\WINDOWS\system32;C:\WINDOWS;C:\WINDOWS\System32\Wbem;C:\WINDOWS\System32\WindowsPowerShell\v1.0\;C:\WINDOWS\System32\OpenSSH\;C:\Program Files\Docker\Docker\resources\bin;C:\Program Files\nodejs\;C:\Users\pedro\AppData\Local\Microsoft\WindowsApps;;C:\Program Files\Azure Data Studio\bin;C:\Users\pedro\.dotnet\tools;C:\Users\pedro\AppData\Local\Programs\Microsoft VS Code\bin;C:\Program Files\JetBrains\IntelliJ IDEA Community Edition 2025.1.3\bin;;C:\Users\pedro\AppData\Roaming\npm
USERNAME=pedro
OS=Windows_NT
PROCESSOR_IDENTIFIER=Intel64 Family 6 Model 142 Stepping 12, GenuineIntel
TMP=C:\Users\pedro\AppData\Local\Temp
TEMP=C:\Users\pedro\AppData\Local\Temp




Periodic native trim disabled

---------------  S Y S T E M  ---------------

OS:
 Windows 11 , 64 bit Build 26100 (10.0.26100.6725)
OS uptime: 3 days 4:50 hours
Hyper-V role detected

CPU: total 8 (initial active 8) (4 cores per cpu, 2 threads per core) family 6 model 142 stepping 12 microcode 0xf8, cx8, cmov, fxsr, ht, mmx, 3dnowpref, sse, sse2, sse3, ssse3, sse4.1, sse4.2, popcnt, lzcnt, tsc, tscinvbit, avx, avx2, aes, erms, clmul, bmi1, bmi2, adx, fma, vzeroupper, clflush, clflushopt, hv, rdtscp, f16c
Processor Information for the first 8 processors :
  Max Mhz: 1992, Current Mhz: 1792, Mhz Limit: 1792

Memory: 4k page, system-wide physical 32643M (8309M free)
TotalPageFile size 40835M (AvailPageFile size 1M)
current process WorkingSet (physical memory assigned to process): 258M, peak: 508M
current process commit charge ("private bytes"): 624M, peak: 631M

vm_info: OpenJDK 64-Bit Server VM (21.0.8+9-LTS) for windows-amd64 JRE (21.0.8+9-LTS), built on 2025-07-15T00:00:00Z by "admin" with MS VC++ 17.7 (VS2022)

END.
