#
# There is insufficient memory for the Java Runtime Environment to continue.
# Native memory allocation (malloc) failed to allocate 1677136 bytes for Chunk::new
# Possible reasons:
#   The system is out of physical RAM or swap space
#   The process is running with CompressedOops enabled, and the Java Heap may be blocking the growth of the native heap
# Possible solutions:
#   Reduce memory load on the system
#   Increase physical memory or swap space
#   Check if swap backing store is full
#   Decrease Java heap size (-Xmx/-Xms)
#   Decrease number of Java threads
#   Decrease Java thread stack sizes (-Xss)
#   Set larger code cache with -XX:ReservedCodeCacheSize=
#   JVM is running with Zero Based Compressed Oops mode in which the Java heap is
#     placed in the first 32GB address space. The Java Heap base address is the
#     maximum limit for the native heap growth. Please use -XX:HeapBaseMinAddress
#     to set the Java Heap base and to place the Java Heap above 32GB virtual address.
# This output file may be truncated or incomplete.
#
#  Out of Memory Error (arena.cpp:189), pid=340, tid=13872
#
# JRE version: Java(TM) SE Runtime Environment (17.0.5+9) (build 17.0.5+9-LTS-191)
# Java VM: Java HotSpot(TM) 64-Bit Server VM (17.0.5+9-LTS-191, mixed mode, sharing, tiered, compressed oops, compressed class ptrs, g1 gc, windows-amd64)
# No core dump will be written. Minidumps are not enabled by default on client versions of Windows
#

---------------  S U M M A R Y ------------

Command Line: -javaagent:C:\Program Files\JetBrains\IntelliJ IDEA Community Edition 2025.1.3\lib\idea_rt.jar=51414 -Dfile.encoding=UTF-8 com.zenifinance.core.CoreApplication

Host: Intel(R) Core(TM) i7-8565U CPU @ 1.80GHz, 8 cores, 31G,  Windows 11 , 64 bit Build 26100 (10.0.26100.6725)
Time: Tue Nov  4 00:02:54 2025 Hora oficial do Brasil elapsed time: 3.601885 seconds (0d 0h 0m 3s)

---------------  T H R E A D  ---------------

Current thread (0x000001726eec0fc0):  JavaThread "C2 CompilerThread1" daemon [_thread_in_native, id=13872, stack(0x000000119de00000,0x000000119df00000)]


Current CompileTask:
C2:   3602 1757   !   4       jdk.internal.loader.URLClassPath$JarLoader::getResource (354 bytes)

Stack: [0x000000119de00000,0x000000119df00000]
Native frames: (J=compiled Java code, j=interpreted, Vv=VM code, C=native code)
V  [jvm.dll+0x672eea]
V  [jvm.dll+0x7d2a04]
V  [jvm.dll+0x7d41ae]
V  [jvm.dll+0x7d4813]
V  [jvm.dll+0x242c15]
V  [jvm.dll+0xaa57b]
V  [jvm.dll+0xaab0c]
V  [jvm.dll+0x35ff42]
V  [jvm.dll+0x1b9902]
V  [jvm.dll+0x215e19]
V  [jvm.dll+0x2150e1]
V  [jvm.dll+0x1a18ed]
V  [jvm.dll+0x22493a]
V  [jvm.dll+0x222aa5]
V  [jvm.dll+0x7885db]
V  [jvm.dll+0x782b4a]
V  [jvm.dll+0x671d75]
C  [ucrtbase.dll+0x37b0]
C  [KERNEL32.DLL+0x2e8d7]
C  [ntdll.dll+0x8c53c]


---------------  P R O C E S S  ---------------

Threads class SMR info:
_java_thread_list=0x000001726f37b4a0, length=16, elements={
0x00000172408e8c80, 0x000001726ad75d60, 0x000001726ad77480, 0x000001726ad85ef0,
0x000001726ad8b8d0, 0x000001726ad8cdf0, 0x000001726ad8e310, 0x000001726ad9cff0,
0x000001726ada9a00, 0x000001726adaa3f0, 0x000001726d8fcfc0, 0x000001726e7b10f0,
0x000001726da49970, 0x000001726eec0fc0, 0x000001726eec0ab0, 0x000001726f4150a0
}

Java Threads: ( => current thread )
  0x00000172408e8c80 JavaThread "main" [_thread_in_Java, id=7280, stack(0x000000119c200000,0x000000119c300000)]
  0x000001726ad75d60 JavaThread "Reference Handler" daemon [_thread_blocked, id=32708, stack(0x000000119c900000,0x000000119ca00000)]
  0x000001726ad77480 JavaThread "Finalizer" daemon [_thread_blocked, id=31608, stack(0x000000119ca00000,0x000000119cb00000)]
  0x000001726ad85ef0 JavaThread "Signal Dispatcher" daemon [_thread_blocked, id=15596, stack(0x000000119cb00000,0x000000119cc00000)]
  0x000001726ad8b8d0 JavaThread "Attach Listener" daemon [_thread_blocked, id=21544, stack(0x000000119cc00000,0x000000119cd00000)]
  0x000001726ad8cdf0 JavaThread "Service Thread" daemon [_thread_blocked, id=20864, stack(0x000000119cd00000,0x000000119ce00000)]
  0x000001726ad8e310 JavaThread "Monitor Deflation Thread" daemon [_thread_blocked, id=26560, stack(0x000000119ce00000,0x000000119cf00000)]
  0x000001726ad9cff0 JavaThread "C2 CompilerThread0" daemon [_thread_blocked, id=36452, stack(0x000000119cf00000,0x000000119d000000)]
  0x000001726ada9a00 JavaThread "C1 CompilerThread0" daemon [_thread_blocked, id=3832, stack(0x000000119d000000,0x000000119d100000)]
  0x000001726adaa3f0 JavaThread "Sweeper thread" daemon [_thread_blocked, id=21460, stack(0x000000119d100000,0x000000119d200000)]
  0x000001726d8fcfc0 JavaThread "Common-Cleaner" daemon [_thread_blocked, id=32140, stack(0x000000119d200000,0x000000119d300000)]
  0x000001726e7b10f0 JavaThread "Monitor Ctrl-Break" daemon [_thread_in_native, id=19780, stack(0x000000119d300000,0x000000119d400000)]
  0x000001726da49970 JavaThread "Notification Thread" daemon [_thread_blocked, id=25900, stack(0x000000119d400000,0x000000119d500000)]
=>0x000001726eec0fc0 JavaThread "C2 CompilerThread1" daemon [_thread_in_native, id=13872, stack(0x000000119de00000,0x000000119df00000)]
  0x000001726eec0ab0 JavaThread "C2 CompilerThread2" daemon [_thread_blocked, id=29536, stack(0x000000119df00000,0x000000119e000000)]
  0x000001726f4150a0 JavaThread "background-preinit" [_thread_in_native, id=20712, stack(0x000000119e000000,0x000000119e100000)]

Other Threads:
  0x000001726ad72330 VMThread "VM Thread" [stack: 0x000000119c800000,0x000000119c900000] [id=5688]
  0x000001726abd5770 WatcherThread [stack: 0x000000119d500000,0x000000119d600000] [id=928]
  0x00000172409969f0 GCTaskThread "GC Thread#0" [stack: 0x000000119c300000,0x000000119c400000] [id=25652]
  0x000001726ed42430 GCTaskThread "GC Thread#1" [stack: 0x000000119d600000,0x000000119d700000] [id=33936]
  0x000001726ed1eff0 GCTaskThread "GC Thread#2" [stack: 0x000000119d700000,0x000000119d800000] [id=18112]
  0x000001726ed7c1e0 GCTaskThread "GC Thread#3" [stack: 0x000000119d800000,0x000000119d900000] [id=10572]
  0x000001726ed7c490 GCTaskThread "GC Thread#4" [stack: 0x000000119d900000,0x000000119da00000] [id=21296]
  0x000001726ed1fec0 GCTaskThread "GC Thread#5" [stack: 0x000000119da00000,0x000000119db00000] [id=25944]
  0x000001726eccc690 GCTaskThread "GC Thread#6" [stack: 0x000000119db00000,0x000000119dc00000] [id=21724]
  0x000001726eccc940 GCTaskThread "GC Thread#7" [stack: 0x000000119dc00000,0x000000119dd00000] [id=37252]
  0x000001724099b690 ConcurrentGCThread "G1 Main Marker" [stack: 0x000000119c400000,0x000000119c500000] [id=36308]
  0x000001724099d850 ConcurrentGCThread "G1 Conc#0" [stack: 0x000000119c500000,0x000000119c600000] [id=33616]
  0x000001726acabfc0 ConcurrentGCThread "G1 Refine#0" [stack: 0x000000119c600000,0x000000119c700000] [id=18876]
  0x000001726eeba040 ConcurrentGCThread "G1 Refine#1" [stack: 0x000000119dd00000,0x000000119de00000] [id=18632]
  0x000001726acac9e0 ConcurrentGCThread "G1 Service" [stack: 0x000000119c700000,0x000000119c800000] [id=35300]

Threads with active compile tasks:
C2 CompilerThread0     3716 2103       4       java.lang.String::<init> (74 bytes)
C2 CompilerThread1     3716 1757   !   4       jdk.internal.loader.URLClassPath$JarLoader::getResource (354 bytes)

VM state: not at safepoint (normal execution)

VM Mutex/Monitor currently owned by a thread: None

Heap address: 0x0000000601c00000, size: 8164 MB, Compressed Oops mode: Zero based, Oop shift amount: 3

CDS archive(s) mapped at: [0x0000000800000000-0x0000000800bd0000-0x0000000800bd0000), size 12386304, SharedBaseAddress: 0x0000000800000000, ArchiveRelocationMode: 0.
Compressed class space mapped at: 0x0000000800c00000-0x0000000840c00000, reserved size: 1073741824
Narrow klass base: 0x0000000800000000, Narrow klass shift: 0, Narrow klass range: 0x100000000

GC Precious Log:
 CPUs: 8 total, 8 available
 Memory: 32643M
 Large Page Support: Disabled
 NUMA Support: Disabled
 Compressed Oops: Enabled (Zero based)
 Heap Region Size: 4M
 Heap Min Capacity: 8M
 Heap Initial Capacity: 512M
 Heap Max Capacity: 8164M
 Pre-touch: Disabled
 Parallel Workers: 8
 Concurrent Workers: 2
 Concurrent Refinement Workers: 8
 Periodic GC: Disabled

Heap:
 garbage-first heap   total 524288K, used 27234K [0x0000000601c00000, 0x0000000800000000)
  region size 4096K, 7 young (28672K), 1 survivors (4096K)
 Metaspace       used 15480K, committed 15872K, reserved 1064960K
  class space    used 2055K, committed 2240K, reserved 1048576K

Heap Regions: E=young(eden), S=young(survivor), O=old, HS=humongous(starts), HC=humongous(continues), CS=collection set, F=free, OA=open archive, CA=closed archive, TAMS=top-at-mark-start (previous, next)
|   0|0x0000000601c00000, 0x0000000602000000, 0x0000000602000000|100%| O|  |TAMS 0x0000000601c00000, 0x0000000601c00000| Untracked 
|   1|0x0000000602000000, 0x0000000602400000, 0x0000000602400000|100%| O|  |TAMS 0x0000000602000000, 0x0000000602000000| Untracked 
|   2|0x0000000602400000, 0x00000006024fa400, 0x0000000602800000| 24%| O|  |TAMS 0x0000000602400000, 0x0000000602400000| Untracked 
|   3|0x0000000602800000, 0x0000000602800000, 0x0000000602c00000|  0%| F|  |TAMS 0x0000000602800000, 0x0000000602800000| Untracked 
|   4|0x0000000602c00000, 0x0000000602c00000, 0x0000000603000000|  0%| F|  |TAMS 0x0000000602c00000, 0x0000000602c00000| Untracked 
|   5|0x0000000603000000, 0x0000000603000000, 0x0000000603400000|  0%| F|  |TAMS 0x0000000603000000, 0x0000000603000000| Untracked 
|   6|0x0000000603400000, 0x0000000603400000, 0x0000000603800000|  0%| F|  |TAMS 0x0000000603400000, 0x0000000603400000| Untracked 
|   7|0x0000000603800000, 0x0000000603800000, 0x0000000603c00000|  0%| F|  |TAMS 0x0000000603800000, 0x0000000603800000| Untracked 
|   8|0x0000000603c00000, 0x0000000603c00000, 0x0000000604000000|  0%| F|  |TAMS 0x0000000603c00000, 0x0000000603c00000| Untracked 
|   9|0x0000000604000000, 0x0000000604000000, 0x0000000604400000|  0%| F|  |TAMS 0x0000000604000000, 0x0000000604000000| Untracked 
|  10|0x0000000604400000, 0x0000000604400000, 0x0000000604800000|  0%| F|  |TAMS 0x0000000604400000, 0x0000000604400000| Untracked 
|  11|0x0000000604800000, 0x0000000604800000, 0x0000000604c00000|  0%| F|  |TAMS 0x0000000604800000, 0x0000000604800000| Untracked 
|  12|0x0000000604c00000, 0x0000000604c00000, 0x0000000605000000|  0%| F|  |TAMS 0x0000000604c00000, 0x0000000604c00000| Untracked 
|  13|0x0000000605000000, 0x0000000605000000, 0x0000000605400000|  0%| F|  |TAMS 0x0000000605000000, 0x0000000605000000| Untracked 
|  14|0x0000000605400000, 0x0000000605400000, 0x0000000605800000|  0%| F|  |TAMS 0x0000000605400000, 0x0000000605400000| Untracked 
|  15|0x0000000605800000, 0x0000000605800000, 0x0000000605c00000|  0%| F|  |TAMS 0x0000000605800000, 0x0000000605800000| Untracked 
|  16|0x0000000605c00000, 0x0000000605c00000, 0x0000000606000000|  0%| F|  |TAMS 0x0000000605c00000, 0x0000000605c00000| Untracked 
|  17|0x0000000606000000, 0x0000000606000000, 0x0000000606400000|  0%| F|  |TAMS 0x0000000606000000, 0x0000000606000000| Untracked 
|  18|0x0000000606400000, 0x0000000606400000, 0x0000000606800000|  0%| F|  |TAMS 0x0000000606400000, 0x0000000606400000| Untracked 
|  19|0x0000000606800000, 0x0000000606800000, 0x0000000606c00000|  0%| F|  |TAMS 0x0000000606800000, 0x0000000606800000| Untracked 
|  20|0x0000000606c00000, 0x0000000606c00000, 0x0000000607000000|  0%| F|  |TAMS 0x0000000606c00000, 0x0000000606c00000| Untracked 
|  21|0x0000000607000000, 0x0000000607000000, 0x0000000607400000|  0%| F|  |TAMS 0x0000000607000000, 0x0000000607000000| Untracked 
|  22|0x0000000607400000, 0x0000000607400000, 0x0000000607800000|  0%| F|  |TAMS 0x0000000607400000, 0x0000000607400000| Untracked 
|  23|0x0000000607800000, 0x0000000607800000, 0x0000000607c00000|  0%| F|  |TAMS 0x0000000607800000, 0x0000000607800000| Untracked 
|  24|0x0000000607c00000, 0x0000000607c00000, 0x0000000608000000|  0%| F|  |TAMS 0x0000000607c00000, 0x0000000607c00000| Untracked 
|  25|0x0000000608000000, 0x0000000608000000, 0x0000000608400000|  0%| F|  |TAMS 0x0000000608000000, 0x0000000608000000| Untracked 
|  26|0x0000000608400000, 0x0000000608400000, 0x0000000608800000|  0%| F|  |TAMS 0x0000000608400000, 0x0000000608400000| Untracked 
|  27|0x0000000608800000, 0x0000000608800000, 0x0000000608c00000|  0%| F|  |TAMS 0x0000000608800000, 0x0000000608800000| Untracked 
|  28|0x0000000608c00000, 0x0000000608c00000, 0x0000000609000000|  0%| F|  |TAMS 0x0000000608c00000, 0x0000000608c00000| Untracked 
|  29|0x0000000609000000, 0x0000000609000000, 0x0000000609400000|  0%| F|  |TAMS 0x0000000609000000, 0x0000000609000000| Untracked 
|  30|0x0000000609400000, 0x0000000609400000, 0x0000000609800000|  0%| F|  |TAMS 0x0000000609400000, 0x0000000609400000| Untracked 
|  31|0x0000000609800000, 0x0000000609800000, 0x0000000609c00000|  0%| F|  |TAMS 0x0000000609800000, 0x0000000609800000| Untracked 
|  32|0x0000000609c00000, 0x0000000609c00000, 0x000000060a000000|  0%| F|  |TAMS 0x0000000609c00000, 0x0000000609c00000| Untracked 
|  33|0x000000060a000000, 0x000000060a000000, 0x000000060a400000|  0%| F|  |TAMS 0x000000060a000000, 0x000000060a000000| Untracked 
|  34|0x000000060a400000, 0x000000060a400000, 0x000000060a800000|  0%| F|  |TAMS 0x000000060a400000, 0x000000060a400000| Untracked 
|  35|0x000000060a800000, 0x000000060a800000, 0x000000060ac00000|  0%| F|  |TAMS 0x000000060a800000, 0x000000060a800000| Untracked 
|  36|0x000000060ac00000, 0x000000060ac00000, 0x000000060b000000|  0%| F|  |TAMS 0x000000060ac00000, 0x000000060ac00000| Untracked 
|  37|0x000000060b000000, 0x000000060b000000, 0x000000060b400000|  0%| F|  |TAMS 0x000000060b000000, 0x000000060b000000| Untracked 
|  38|0x000000060b400000, 0x000000060b400000, 0x000000060b800000|  0%| F|  |TAMS 0x000000060b400000, 0x000000060b400000| Untracked 
|  39|0x000000060b800000, 0x000000060b800000, 0x000000060bc00000|  0%| F|  |TAMS 0x000000060b800000, 0x000000060b800000| Untracked 
|  40|0x000000060bc00000, 0x000000060bc00000, 0x000000060c000000|  0%| F|  |TAMS 0x000000060bc00000, 0x000000060bc00000| Untracked 
|  41|0x000000060c000000, 0x000000060c000000, 0x000000060c400000|  0%| F|  |TAMS 0x000000060c000000, 0x000000060c000000| Untracked 
|  42|0x000000060c400000, 0x000000060c400000, 0x000000060c800000|  0%| F|  |TAMS 0x000000060c400000, 0x000000060c400000| Untracked 
|  43|0x000000060c800000, 0x000000060c800000, 0x000000060cc00000|  0%| F|  |TAMS 0x000000060c800000, 0x000000060c800000| Untracked 
|  44|0x000000060cc00000, 0x000000060cc00000, 0x000000060d000000|  0%| F|  |TAMS 0x000000060cc00000, 0x000000060cc00000| Untracked 
|  45|0x000000060d000000, 0x000000060d000000, 0x000000060d400000|  0%| F|  |TAMS 0x000000060d000000, 0x000000060d000000| Untracked 
|  46|0x000000060d400000, 0x000000060d400000, 0x000000060d800000|  0%| F|  |TAMS 0x000000060d400000, 0x000000060d400000| Untracked 
|  47|0x000000060d800000, 0x000000060d800000, 0x000000060dc00000|  0%| F|  |TAMS 0x000000060d800000, 0x000000060d800000| Untracked 
|  48|0x000000060dc00000, 0x000000060dc00000, 0x000000060e000000|  0%| F|  |TAMS 0x000000060dc00000, 0x000000060dc00000| Untracked 
|  49|0x000000060e000000, 0x000000060e000000, 0x000000060e400000|  0%| F|  |TAMS 0x000000060e000000, 0x000000060e000000| Untracked 
|  50|0x000000060e400000, 0x000000060e400000, 0x000000060e800000|  0%| F|  |TAMS 0x000000060e400000, 0x000000060e400000| Untracked 
|  51|0x000000060e800000, 0x000000060e800000, 0x000000060ec00000|  0%| F|  |TAMS 0x000000060e800000, 0x000000060e800000| Untracked 
|  52|0x000000060ec00000, 0x000000060ec00000, 0x000000060f000000|  0%| F|  |TAMS 0x000000060ec00000, 0x000000060ec00000| Untracked 
|  53|0x000000060f000000, 0x000000060f000000, 0x000000060f400000|  0%| F|  |TAMS 0x000000060f000000, 0x000000060f000000| Untracked 
|  54|0x000000060f400000, 0x000000060f400000, 0x000000060f800000|  0%| F|  |TAMS 0x000000060f400000, 0x000000060f400000| Untracked 
|  55|0x000000060f800000, 0x000000060f800000, 0x000000060fc00000|  0%| F|  |TAMS 0x000000060f800000, 0x000000060f800000| Untracked 
|  56|0x000000060fc00000, 0x000000060fc00000, 0x0000000610000000|  0%| F|  |TAMS 0x000000060fc00000, 0x000000060fc00000| Untracked 
|  57|0x0000000610000000, 0x0000000610000000, 0x0000000610400000|  0%| F|  |TAMS 0x0000000610000000, 0x0000000610000000| Untracked 
|  58|0x0000000610400000, 0x0000000610400000, 0x0000000610800000|  0%| F|  |TAMS 0x0000000610400000, 0x0000000610400000| Untracked 
|  59|0x0000000610800000, 0x0000000610800000, 0x0000000610c00000|  0%| F|  |TAMS 0x0000000610800000, 0x0000000610800000| Untracked 
|  60|0x0000000610c00000, 0x0000000610c00000, 0x0000000611000000|  0%| F|  |TAMS 0x0000000610c00000, 0x0000000610c00000| Untracked 
|  61|0x0000000611000000, 0x0000000611000000, 0x0000000611400000|  0%| F|  |TAMS 0x0000000611000000, 0x0000000611000000| Untracked 
|  62|0x0000000611400000, 0x0000000611400000, 0x0000000611800000|  0%| F|  |TAMS 0x0000000611400000, 0x0000000611400000| Untracked 
|  63|0x0000000611800000, 0x0000000611800000, 0x0000000611c00000|  0%| F|  |TAMS 0x0000000611800000, 0x0000000611800000| Untracked 
|  64|0x0000000611c00000, 0x0000000611c00000, 0x0000000612000000|  0%| F|  |TAMS 0x0000000611c00000, 0x0000000611c00000| Untracked 
|  65|0x0000000612000000, 0x0000000612000000, 0x0000000612400000|  0%| F|  |TAMS 0x0000000612000000, 0x0000000612000000| Untracked 
|  66|0x0000000612400000, 0x0000000612400000, 0x0000000612800000|  0%| F|  |TAMS 0x0000000612400000, 0x0000000612400000| Untracked 
|  67|0x0000000612800000, 0x0000000612800000, 0x0000000612c00000|  0%| F|  |TAMS 0x0000000612800000, 0x0000000612800000| Untracked 
|  68|0x0000000612c00000, 0x0000000612c00000, 0x0000000613000000|  0%| F|  |TAMS 0x0000000612c00000, 0x0000000612c00000| Untracked 
|  69|0x0000000613000000, 0x0000000613000000, 0x0000000613400000|  0%| F|  |TAMS 0x0000000613000000, 0x0000000613000000| Untracked 
|  70|0x0000000613400000, 0x0000000613400000, 0x0000000613800000|  0%| F|  |TAMS 0x0000000613400000, 0x0000000613400000| Untracked 
|  71|0x0000000613800000, 0x0000000613800000, 0x0000000613c00000|  0%| F|  |TAMS 0x0000000613800000, 0x0000000613800000| Untracked 
|  72|0x0000000613c00000, 0x0000000613c00000, 0x0000000614000000|  0%| F|  |TAMS 0x0000000613c00000, 0x0000000613c00000| Untracked 
|  73|0x0000000614000000, 0x0000000614000000, 0x0000000614400000|  0%| F|  |TAMS 0x0000000614000000, 0x0000000614000000| Untracked 
|  74|0x0000000614400000, 0x0000000614400000, 0x0000000614800000|  0%| F|  |TAMS 0x0000000614400000, 0x0000000614400000| Untracked 
|  75|0x0000000614800000, 0x0000000614800000, 0x0000000614c00000|  0%| F|  |TAMS 0x0000000614800000, 0x0000000614800000| Untracked 
|  76|0x0000000614c00000, 0x0000000614c00000, 0x0000000615000000|  0%| F|  |TAMS 0x0000000614c00000, 0x0000000614c00000| Untracked 
|  77|0x0000000615000000, 0x0000000615000000, 0x0000000615400000|  0%| F|  |TAMS 0x0000000615000000, 0x0000000615000000| Untracked 
|  78|0x0000000615400000, 0x0000000615400000, 0x0000000615800000|  0%| F|  |TAMS 0x0000000615400000, 0x0000000615400000| Untracked 
|  79|0x0000000615800000, 0x0000000615800000, 0x0000000615c00000|  0%| F|  |TAMS 0x0000000615800000, 0x0000000615800000| Untracked 
|  80|0x0000000615c00000, 0x0000000615c00000, 0x0000000616000000|  0%| F|  |TAMS 0x0000000615c00000, 0x0000000615c00000| Untracked 
|  81|0x0000000616000000, 0x0000000616000000, 0x0000000616400000|  0%| F|  |TAMS 0x0000000616000000, 0x0000000616000000| Untracked 
|  82|0x0000000616400000, 0x0000000616400000, 0x0000000616800000|  0%| F|  |TAMS 0x0000000616400000, 0x0000000616400000| Untracked 
|  83|0x0000000616800000, 0x0000000616800000, 0x0000000616c00000|  0%| F|  |TAMS 0x0000000616800000, 0x0000000616800000| Untracked 
|  84|0x0000000616c00000, 0x0000000616c00000, 0x0000000617000000|  0%| F|  |TAMS 0x0000000616c00000, 0x0000000616c00000| Untracked 
|  85|0x0000000617000000, 0x0000000617000000, 0x0000000617400000|  0%| F|  |TAMS 0x0000000617000000, 0x0000000617000000| Untracked 
|  86|0x0000000617400000, 0x0000000617400000, 0x0000000617800000|  0%| F|  |TAMS 0x0000000617400000, 0x0000000617400000| Untracked 
|  87|0x0000000617800000, 0x0000000617800000, 0x0000000617c00000|  0%| F|  |TAMS 0x0000000617800000, 0x0000000617800000| Untracked 
|  88|0x0000000617c00000, 0x0000000617c00000, 0x0000000618000000|  0%| F|  |TAMS 0x0000000617c00000, 0x0000000617c00000| Untracked 
|  89|0x0000000618000000, 0x0000000618000000, 0x0000000618400000|  0%| F|  |TAMS 0x0000000618000000, 0x0000000618000000| Untracked 
|  90|0x0000000618400000, 0x0000000618400000, 0x0000000618800000|  0%| F|  |TAMS 0x0000000618400000, 0x0000000618400000| Untracked 
|  91|0x0000000618800000, 0x0000000618800000, 0x0000000618c00000|  0%| F|  |TAMS 0x0000000618800000, 0x0000000618800000| Untracked 
|  92|0x0000000618c00000, 0x0000000618c00000, 0x0000000619000000|  0%| F|  |TAMS 0x0000000618c00000, 0x0000000618c00000| Untracked 
|  93|0x0000000619000000, 0x0000000619000000, 0x0000000619400000|  0%| F|  |TAMS 0x0000000619000000, 0x0000000619000000| Untracked 
|  94|0x0000000619400000, 0x0000000619400000, 0x0000000619800000|  0%| F|  |TAMS 0x0000000619400000, 0x0000000619400000| Untracked 
|  95|0x0000000619800000, 0x0000000619800000, 0x0000000619c00000|  0%| F|  |TAMS 0x0000000619800000, 0x0000000619800000| Untracked 
|  96|0x0000000619c00000, 0x0000000619c00000, 0x000000061a000000|  0%| F|  |TAMS 0x0000000619c00000, 0x0000000619c00000| Untracked 
|  97|0x000000061a000000, 0x000000061a000000, 0x000000061a400000|  0%| F|  |TAMS 0x000000061a000000, 0x000000061a000000| Untracked 
|  98|0x000000061a400000, 0x000000061a400000, 0x000000061a800000|  0%| F|  |TAMS 0x000000061a400000, 0x000000061a400000| Untracked 
|  99|0x000000061a800000, 0x000000061a800000, 0x000000061ac00000|  0%| F|  |TAMS 0x000000061a800000, 0x000000061a800000| Untracked 
| 100|0x000000061ac00000, 0x000000061ac00000, 0x000000061b000000|  0%| F|  |TAMS 0x000000061ac00000, 0x000000061ac00000| Untracked 
| 101|0x000000061b000000, 0x000000061b000000, 0x000000061b400000|  0%| F|  |TAMS 0x000000061b000000, 0x000000061b000000| Untracked 
| 102|0x000000061b400000, 0x000000061b400000, 0x000000061b800000|  0%| F|  |TAMS 0x000000061b400000, 0x000000061b400000| Untracked 
| 103|0x000000061b800000, 0x000000061b800000, 0x000000061bc00000|  0%| F|  |TAMS 0x000000061b800000, 0x000000061b800000| Untracked 
| 104|0x000000061bc00000, 0x000000061bc00000, 0x000000061c000000|  0%| F|  |TAMS 0x000000061bc00000, 0x000000061bc00000| Untracked 
| 105|0x000000061c000000, 0x000000061c000000, 0x000000061c400000|  0%| F|  |TAMS 0x000000061c000000, 0x000000061c000000| Untracked 
| 106|0x000000061c400000, 0x000000061c400000, 0x000000061c800000|  0%| F|  |TAMS 0x000000061c400000, 0x000000061c400000| Untracked 
| 107|0x000000061c800000, 0x000000061c800000, 0x000000061cc00000|  0%| F|  |TAMS 0x000000061c800000, 0x000000061c800000| Untracked 
| 108|0x000000061cc00000, 0x000000061cc00000, 0x000000061d000000|  0%| F|  |TAMS 0x000000061cc00000, 0x000000061cc00000| Untracked 
| 109|0x000000061d000000, 0x000000061d000000, 0x000000061d400000|  0%| F|  |TAMS 0x000000061d000000, 0x000000061d000000| Untracked 
| 110|0x000000061d400000, 0x000000061d400000, 0x000000061d800000|  0%| F|  |TAMS 0x000000061d400000, 0x000000061d400000| Untracked 
| 111|0x000000061d800000, 0x000000061d800000, 0x000000061dc00000|  0%| F|  |TAMS 0x000000061d800000, 0x000000061d800000| Untracked 
| 112|0x000000061dc00000, 0x000000061dc00000, 0x000000061e000000|  0%| F|  |TAMS 0x000000061dc00000, 0x000000061dc00000| Untracked 
| 113|0x000000061e000000, 0x000000061e000000, 0x000000061e400000|  0%| F|  |TAMS 0x000000061e000000, 0x000000061e000000| Untracked 
| 114|0x000000061e400000, 0x000000061e400000, 0x000000061e800000|  0%| F|  |TAMS 0x000000061e400000, 0x000000061e400000| Untracked 
| 115|0x000000061e800000, 0x000000061e800000, 0x000000061ec00000|  0%| F|  |TAMS 0x000000061e800000, 0x000000061e800000| Untracked 
| 116|0x000000061ec00000, 0x000000061ec00000, 0x000000061f000000|  0%| F|  |TAMS 0x000000061ec00000, 0x000000061ec00000| Untracked 
| 117|0x000000061f000000, 0x000000061f000000, 0x000000061f400000|  0%| F|  |TAMS 0x000000061f000000, 0x000000061f000000| Untracked 
| 118|0x000000061f400000, 0x000000061f400000, 0x000000061f800000|  0%| F|  |TAMS 0x000000061f400000, 0x000000061f400000| Untracked 
| 119|0x000000061f800000, 0x000000061f800000, 0x000000061fc00000|  0%| F|  |TAMS 0x000000061f800000, 0x000000061f800000| Untracked 
| 120|0x000000061fc00000, 0x000000061fc00000, 0x0000000620000000|  0%| F|  |TAMS 0x000000061fc00000, 0x000000061fc00000| Untracked 
| 121|0x0000000620000000, 0x00000006203caca0, 0x0000000620400000| 94%| E|  |TAMS 0x0000000620000000, 0x0000000620000000| Complete 
| 122|0x0000000620400000, 0x000000062059e7e8, 0x0000000620800000| 40%| S|CS|TAMS 0x0000000620400000, 0x0000000620400000| Complete 
| 123|0x0000000620800000, 0x0000000620c00000, 0x0000000620c00000|100%| E|  |TAMS 0x0000000620800000, 0x0000000620800000| Complete 
| 124|0x0000000620c00000, 0x0000000621000000, 0x0000000621000000|100%| E|CS|TAMS 0x0000000620c00000, 0x0000000620c00000| Complete 
| 125|0x0000000621000000, 0x0000000621400000, 0x0000000621400000|100%| E|CS|TAMS 0x0000000621000000, 0x0000000621000000| Complete 
| 126|0x0000000621400000, 0x0000000621800000, 0x0000000621800000|100%| E|CS|TAMS 0x0000000621400000, 0x0000000621400000| Complete 
| 127|0x0000000621800000, 0x0000000621c00000, 0x0000000621c00000|100%| E|CS|TAMS 0x0000000621800000, 0x0000000621800000| Complete 

Card table byte_map: [0x0000017258ca0000,0x0000017259ca0000] _byte_map_base: 0x0000017255c92000

Marking Bits (Prev, Next): (CMBitMap*) 0x0000017240997000, (CMBitMap*) 0x0000017240997040
 Prev Bits: [0x000001725aca0000, 0x0000017262c30000)
 Next Bits: [0x0000017262c30000, 0x000001726abc0000)

Polling page: 0x000001723f0a0000

Metaspace:

Usage:
  Non-class:     13.14 MB used.
      Class:      2.02 MB used.
       Both:     15.16 MB used.

Virtual space:
  Non-class space:       16.00 MB reserved,      13.31 MB ( 83%) committed,  2 nodes.
      Class space:        1.00 GB reserved,       2.19 MB ( <1%) committed,  1 nodes.
             Both:        1.02 GB reserved,      15.50 MB (  1%) committed. 

Chunk freelists:
   Non-Class:  2.69 MB
       Class:  1.64 MB
        Both:  4.33 MB

MaxMetaspaceSize: unlimited
CompressedClassSpaceSize: 1.00 GB
Initial GC threshold: 21.00 MB
Current GC threshold: 21.00 MB
CDS: on
MetaspaceReclaimPolicy: balanced
 - commit_granule_bytes: 65536.
 - commit_granule_words: 8192.
 - virtual_space_node_default_size: 1048576.
 - enlarge_chunks_in_place: 1.
 - new_chunks_are_fully_committed: 0.
 - uncommit_free_chunks: 1.
 - use_allocation_guard: 0.
 - handle_deallocations: 1.


Internal statistics:

num_allocs_failed_limit: 0.
num_arena_births: 348.
num_arena_deaths: 0.
num_vsnodes_births: 3.
num_vsnodes_deaths: 0.
num_space_committed: 248.
num_space_uncommitted: 0.
num_chunks_returned_to_freelist: 0.
num_chunks_taken_from_freelist: 880.
num_chunk_merges: 0.
num_chunk_splits: 587.
num_chunks_enlarged: 439.
num_purges: 0.
num_inconsistent_stats: 0.

CodeHeap 'non-profiled nmethods': size=120000Kb used=797Kb max_used=797Kb free=119202Kb
 bounds [0x000001724fd00000, 0x000001724ff70000, 0x0000017257230000]
CodeHeap 'profiled nmethods': size=120000Kb used=4094Kb max_used=4094Kb free=115906Kb
 bounds [0x00000172487d0000, 0x0000017248bd0000, 0x000001724fd00000]
CodeHeap 'non-nmethods': size=5760Kb used=1195Kb max_used=1252Kb free=4564Kb
 bounds [0x0000017248230000, 0x00000172484a0000, 0x00000172487d0000]
 total_blobs=2598 nmethods=2106 adapters=404
 compilation: enabled
              stopped_count=0, restarted_count=0
 full_count=0

Compilation events (20 events):
Event: 2.565 Thread 0x000001726ada9a00 2043   !   3       jdk.internal.reflect.UTF8::encode (191 bytes)
Event: 2.567 Thread 0x000001726ada9a00 nmethod 2043 0x0000017248bb1510 code [0x0000017248bb1780, 0x0000017248bb2398]
Event: 2.567 Thread 0x000001726ada9a00 2044       3       jdk.internal.reflect.ClassFileAssembler::cpi (22 bytes)
Event: 2.567 Thread 0x000001726ada9a00 nmethod 2044 0x0000017248bb2a10 code [0x0000017248bb2bc0, 0x0000017248bb2de8]
Event: 2.567 Thread 0x000001726ada9a00 2046       3       jdk.internal.org.objectweb.asm.MethodWriter::addSuccessorToCurrentBasicBlock (24 bytes)
Event: 2.568 Thread 0x000001726ada9a00 nmethod 2046 0x0000017248bb2e90 code [0x0000017248bb3040, 0x0000017248bb33b8]
Event: 2.568 Thread 0x000001726ada9a00 2045       3       jdk.internal.org.objectweb.asm.Frame::addInitializedType (77 bytes)
Event: 2.568 Thread 0x000001726ada9a00 nmethod 2045 0x0000017248bb3510 code [0x0000017248bb36e0, 0x0000017248bb3c28]
Event: 2.569 Thread 0x000001726ada9a00 2047       3       jdk.internal.reflect.ByteVectorImpl::get (26 bytes)
Event: 2.569 Thread 0x000001726ada9a00 nmethod 2047 0x0000017248bb3e10 code [0x0000017248bb3fc0, 0x0000017248bb41a8]
Event: 2.570 Thread 0x000001726ada9a00 2048       1       org.springframework.core.annotation.AnnotationTypeMapping::getRoot (5 bytes)
Event: 2.570 Thread 0x000001726ada9a00 nmethod 2048 0x000001724fdb8590 code [0x000001724fdb8720, 0x000001724fdb87f8]
Event: 2.572 Thread 0x000001726ada9a00 2050       3       java.nio.ByteOrder::nativeOrder (4 bytes)
Event: 2.573 Thread 0x000001726ada9a00 nmethod 2050 0x0000017248bb4310 code [0x0000017248bb44a0, 0x0000017248bb4598]
Event: 2.578 Thread 0x000001726ada9a00 2052       3       java.util.LinkedHashMap::afterNodeAccess (116 bytes)
Event: 2.578 Thread 0x000001726ada9a00 nmethod 2052 0x0000017248bb4610 code [0x0000017248bb47e0, 0x0000017248bb4e78]
Event: 2.578 Thread 0x000001726ada9a00 2053       3       jdk.internal.org.objectweb.asm.Frame::getConcreteOutputType (111 bytes)
Event: 2.579 Thread 0x000001726ada9a00 nmethod 2053 0x0000017248bb5010 code [0x0000017248bb51c0, 0x0000017248bb55b8]
Event: 2.579 Thread 0x000001726ada9a00 2054       3       java.util.concurrent.locks.AbstractQueuedSynchronizer::compareAndSetState (13 bytes)
Event: 2.580 Thread 0x000001726ada9a00 nmethod 2054 0x0000017248bb5710 code [0x0000017248bb58a0, 0x0000017248bb59d8]

GC Heap History (4 events):
Event: 1.310 GC heap before
{Heap before GC invocations=0 (full 0):
 garbage-first heap   total 524288K, used 20480K [0x0000000601c00000, 0x0000000800000000)
  region size 4096K, 6 young (24576K), 0 survivors (0K)
 Metaspace       used 4915K, committed 5056K, reserved 1056768K
  class space    used 563K, committed 640K, reserved 1048576K
}
Event: 1.315 GC heap after
{Heap after GC invocations=1 (full 0):
 garbage-first heap   total 524288K, used 9556K [0x0000000601c00000, 0x0000000800000000)
  region size 4096K, 1 young (4096K), 1 survivors (4096K)
 Metaspace       used 4915K, committed 5056K, reserved 1056768K
  class space    used 563K, committed 640K, reserved 1048576K
}
Event: 2.046 GC heap before
{Heap before GC invocations=1 (full 0):
 garbage-first heap   total 524288K, used 30036K [0x0000000601c00000, 0x0000000800000000)
  region size 4096K, 6 young (24576K), 1 survivors (4096K)
 Metaspace       used 9998K, committed 10304K, reserved 1064960K
  class space    used 1301K, committed 1408K, reserved 1048576K
}
Event: 2.050 GC heap after
{Heap after GC invocations=2 (full 0):
 garbage-first heap   total 524288K, used 10850K [0x0000000601c00000, 0x0000000800000000)
  region size 4096K, 1 young (4096K), 1 survivors (4096K)
 Metaspace       used 9998K, committed 10304K, reserved 1064960K
  class space    used 1301K, committed 1408K, reserved 1048576K
}

Deoptimization events (20 events):
Event: 2.459 Thread 0x00000172408e8c80 DEOPT UNPACKING pc=0x00000172482823a3 sp=0x000000119c2fdef8 mode 2
Event: 2.459 Thread 0x00000172408e8c80 Uncommon trap: trap_request=0xffffff45 fr.pc=0x000001724fd3ba1c relative=0x000000000000063c
Event: 2.459 Thread 0x00000172408e8c80 Uncommon trap: reason=unstable_if action=reinterpret pc=0x000001724fd3ba1c method=java.util.zip.ZipCoder.hash(Ljava/lang/String;)I @ 23 c2
Event: 2.459 Thread 0x00000172408e8c80 DEOPT PACKING pc=0x000001724fd3ba1c sp=0x000000119c2fe020
Event: 2.459 Thread 0x00000172408e8c80 DEOPT UNPACKING pc=0x00000172482823a3 sp=0x000000119c2fdf38 mode 2
Event: 2.459 Thread 0x00000172408e8c80 Uncommon trap: trap_request=0xffffff45 fr.pc=0x000001724fd367fc relative=0x000000000000025c
Event: 2.459 Thread 0x00000172408e8c80 Uncommon trap: reason=unstable_if action=reinterpret pc=0x000001724fd367fc method=java.util.zip.ZipCoder.hash(Ljava/lang/String;)I @ 23 c2
Event: 2.459 Thread 0x00000172408e8c80 DEOPT PACKING pc=0x000001724fd367fc sp=0x000000119c2fdf90
Event: 2.459 Thread 0x00000172408e8c80 DEOPT UNPACKING pc=0x00000172482823a3 sp=0x000000119c2fdf28 mode 2
Event: 2.463 Thread 0x00000172408e8c80 Uncommon trap: trap_request=0xffffff45 fr.pc=0x000001724fd193c0 relative=0x0000000000000040
Event: 2.463 Thread 0x00000172408e8c80 Uncommon trap: reason=unstable_if action=reinterpret pc=0x000001724fd193c0 method=sun.nio.fs.WindowsPathParser.isSlash(C)Z @ 9 c2
Event: 2.463 Thread 0x00000172408e8c80 DEOPT PACKING pc=0x000001724fd193c0 sp=0x000000119c2fe180
Event: 2.463 Thread 0x00000172408e8c80 DEOPT UNPACKING pc=0x00000172482823a3 sp=0x000000119c2fe108 mode 2
Event: 2.543 Thread 0x00000172408e8c80 Uncommon trap: trap_request=0xffffffde fr.pc=0x000001724fd559c0 relative=0x0000000000000480
Event: 2.543 Thread 0x00000172408e8c80 Uncommon trap: reason=class_check action=maybe_recompile pc=0x000001724fd559c0 method=java.util.HashMap.getNode(Ljava/lang/Object;)Ljava/util/HashMap$Node; @ 128 c2
Event: 2.543 Thread 0x00000172408e8c80 DEOPT PACKING pc=0x000001724fd559c0 sp=0x000000119c2fdef0
Event: 2.543 Thread 0x00000172408e8c80 DEOPT UNPACKING pc=0x00000172482823a3 sp=0x000000119c2fde08 mode 2
Event: 2.581 Thread 0x00000172408e8c80 Uncommon trap: trap_request=0xffffff45 fr.pc=0x000001724fd91a48 relative=0x0000000000000128
Event: 2.581 Thread 0x00000172408e8c80 Uncommon trap: reason=unstable_if action=reinterpret pc=0x000001724fd91a48 method=java.util.Arrays.equals([Ljava/lang/Object;[Ljava/lang/Object;)Z @ 44 c2
Event: 2.581 Thread 0x00000172408e8c80 DEOPT PACKING pc=0x000001724fd91a48 sp=0x000000119c2fd780

Classes unloaded (0 events):
No events

Classes redefined (0 events):
No events

Internal exceptions (20 events):
Event: 1.599 Thread 0x00000172408e8c80 Exception <a 'java/lang/NoSuchMethodError'{0x00000006217cd3b8}: 'int java.lang.invoke.Invokers$Holder.linkToTargetMethod(java.lang.Object, java.lang.Object)'> (0x00000006217cd3b8) 
thrown [s\open\src\hotspot\share\interpreter\linkResolver.cpp, line 759]
Event: 1.619 Thread 0x00000172408e8c80 Exception <a 'java/lang/NoSuchMethodError'{0x000000062104da78}: 'java.lang.Object java.lang.invoke.DirectMethodHandle$Holder.invokeSpecial(java.lang.Object, java.lang.Object, java.lang.Object, int, java.lang.Object)'> (0x000000062104da78) 
thrown [s\open\src\hotspot\share\interpreter\linkResolver.cpp, line 759]
Event: 1.620 Thread 0x00000172408e8c80 Exception <a 'java/lang/NoSuchMethodError'{0x0000000621055fe0}: 'java.lang.Object java.lang.invoke.DirectMethodHandle$Holder.newInvokeSpecial(java.lang.Object, java.lang.Object, java.lang.Object, int, java.lang.Object)'> (0x0000000621055fe0) 
thrown [s\open\src\hotspot\share\interpreter\linkResolver.cpp, line 759]
Event: 1.620 Thread 0x00000172408e8c80 Exception <a 'java/lang/NoSuchMethodError'{0x000000062105d9b0}: 'java.lang.Object java.lang.invoke.Invokers$Holder.linkToTargetMethod(java.lang.Object, java.lang.Object, int, java.lang.Object, java.lang.Object)'> (0x000000062105d9b0) 
thrown [s\open\src\hotspot\share\interpreter\linkResolver.cpp, line 759]
Event: 1.622 Thread 0x00000172408e8c80 Exception <a 'java/lang/NoSuchMethodError'{0x000000062106d950}: 'java.lang.Object java.lang.invoke.DirectMethodHandle$Holder.newInvokeSpecial(java.lang.Object, int, java.lang.Object)'> (0x000000062106d950) 
thrown [s\open\src\hotspot\share\interpreter\linkResolver.cpp, line 759]
Event: 1.623 Thread 0x00000172408e8c80 Exception <a 'java/lang/NoSuchMethodError'{0x0000000621072420}: 'int java.lang.invoke.DirectMethodHandle$Holder.invokeSpecialIFC(java.lang.Object, java.lang.Object, java.lang.Object, java.lang.Object)'> (0x0000000621072420) 
thrown [s\open\src\hotspot\share\interpreter\linkResolver.cpp, line 759]
Event: 1.650 Thread 0x00000172408e8c80 Exception <a 'java/lang/NoSuchMethodError'{0x0000000621120470}: 'void java.lang.invoke.DirectMethodHandle$Holder.invokeInterface(java.lang.Object, java.lang.Object, java.lang.Object)'> (0x0000000621120470) 
thrown [s\open\src\hotspot\share\interpreter\linkResolver.cpp, line 759]
Event: 1.675 Thread 0x00000172408e8c80 Exception <a 'java/lang/NoSuchMethodError'{0x00000006211bc7a0}: 'void java.lang.invoke.DirectMethodHandle$Holder.invokeStaticInit(java.lang.Object, java.lang.Object, java.lang.Object)'> (0x00000006211bc7a0) 
thrown [s\open\src\hotspot\share\interpreter\linkResolver.cpp, line 759]
Event: 1.682 Thread 0x00000172408e8c80 Exception <a 'java/lang/NoSuchMethodError'{0x0000000621207108}: 'java.lang.Object java.lang.invoke.DirectMethodHandle$Holder.invokeVirtual(java.lang.Object, java.lang.Object, java.lang.Object)'> (0x0000000621207108) 
thrown [s\open\src\hotspot\share\interpreter\linkResolver.cpp, line 759]
Event: 1.715 Thread 0x00000172408e8c80 Exception <a 'java/lang/NoSuchMethodError'{0x00000006212dbe38}: 'java.lang.Object java.lang.invoke.DirectMethodHandle$Holder.newInvokeSpecial(java.lang.Object, long)'> (0x00000006212dbe38) 
thrown [s\open\src\hotspot\share\interpreter\linkResolver.cpp, line 759]
Event: 1.716 Thread 0x00000172408e8c80 Exception <a 'java/lang/NoSuchMethodError'{0x00000006212e36d0}: 'void java.lang.invoke.DirectMethodHandle$Holder.invokeVirtual(java.lang.Object, java.lang.Object, java.lang.Object, java.lang.Object)'> (0x00000006212e36d0) 
thrown [s\open\src\hotspot\share\interpreter\linkResolver.cpp, line 759]
Event: 1.747 Thread 0x00000172408e8c80 Exception <a 'java/lang/NoSuchMethodError'{0x0000000621394370}: 'java.lang.Object java.lang.invoke.DirectMethodHandle$Holder.invokeSpecial(java.lang.Object, java.lang.Object, long, java.lang.Object, java.lang.Object, java.lang.Object, java.lang.Object, java.lang.Object, java.lang.Object)'> (0x0000000621394370) 
thrown [s\open\src\hotspot\share\interpreter\linkResolver.cpp, line 759]
Event: 1.748 Thread 0x00000172408e8c80 Exception <a 'java/lang/NoSuchMethodError'{0x0000000621398bf0}: 'java.lang.Object java.lang.invoke.DelegatingMethodHandle$Holder.reinvoke_L(java.lang.Object, long, java.lang.Object, java.lang.Object, java.lang.Object, java.lang.Object, java.lang.Object, java.lang.Object)'> (0x0000000621398bf0) 
thrown [s\open\src\hotspot\share\interpreter\linkResolver.cpp, line 759]
Event: 1.914 Thread 0x00000172408e8c80 Exception <a 'java/lang/NoSuchMethodError'{0x0000000620e52b28}: 'java.lang.Object java.lang.invoke.DirectMethodHandle$Holder.invokeSpecial(java.lang.Object, java.lang.Object, java.lang.Object, java.lang.Object, java.lang.Object, java.lang.Object, java.lang.Object, java.lang.Object, java.lang.Object)'> (0x0000000620e52b28) 
thrown [s\open\src\hotspot\share\interpreter\linkResolver.cpp, line 759]
Event: 1.915 Thread 0x00000172408e8c80 Exception <a 'java/lang/NoSuchMethodError'{0x0000000620e798e0}: 'java.lang.Object java.lang.invoke.Invokers$Holder.invoke_MT(java.lang.Object, java.lang.Object, java.lang.Object, java.lang.Object, java.lang.Object, java.lang.Object, java.lang.Object, java.lang.Object, java.lang.Object)'> (0x0000000620e798e0) 
thrown [s\open\src\hotspot\share\interpreter\linkResolver.cpp, line 759]
Event: 1.939 Thread 0x00000172408e8c80 Exception <a 'java/lang/IncompatibleClassChangeError'{0x0000000620f66598}: Found class java.lang.Object, but interface was expected> (0x0000000620f66598) 
thrown [s\open\src\hotspot\share\interpreter\linkResolver.cpp, line 826]
Event: 1.987 Thread 0x000001726f4150a0 Exception <a 'java/lang/NoSuchMethodError'{0x00000006208d4610}: 'java.lang.Object java.lang.invoke.Invokers$Holder.invoke_MT(java.lang.Object, java.lang.Object, java.lang.Object)'> (0x00000006208d4610) 
thrown [s\open\src\hotspot\share\interpreter\linkResolver.cpp, line 759]
Event: 2.464 Thread 0x00000172408e8c80 Exception <a 'sun/nio/fs/WindowsException'{0x0000000620f0fcd0}> (0x0000000620f0fcd0) 
thrown [s\open\src\hotspot\share\prims\jni.cpp, line 516]
Event: 2.466 Thread 0x00000172408e8c80 Exception <a 'java/lang/NoSuchMethodError'{0x0000000620f11640}: 'int java.lang.invoke.DirectMethodHandle$Holder.invokeSpecial(java.lang.Object, java.lang.Object, java.lang.Object, java.lang.Object, java.lang.Object)'> (0x0000000620f11640) 
thrown [s\open\src\hotspot\share\interpreter\linkResolver.cpp, line 759]
Event: 2.469 Thread 0x00000172408e8c80 Exception <a 'java/lang/NoSuchMethodError'{0x000000062086a050}: 'void java.lang.invoke.DirectMethodHandle$Holder.invokeVirtual(java.lang.Object, java.lang.Object)'> (0x000000062086a050) 
thrown [s\open\src\hotspot\share\interpreter\linkResolver.cpp, line 759]

VM Operations (20 events):
Event: 1.277 Executing VM operation: HandshakeAllThreads done
Event: 1.277 Executing VM operation: Cleanup
Event: 1.277 Executing VM operation: Cleanup done
Event: 1.310 Executing VM operation: G1CollectForAllocation
Event: 1.315 Executing VM operation: G1CollectForAllocation done
Event: 1.575 Executing VM operation: HandshakeAllThreads
Event: 1.575 Executing VM operation: HandshakeAllThreads done
Event: 1.586 Executing VM operation: HandshakeAllThreads
Event: 1.586 Executing VM operation: HandshakeAllThreads done
Event: 1.875 Executing VM operation: HandshakeAllThreads
Event: 1.875 Executing VM operation: HandshakeAllThreads done
Event: 1.908 Executing VM operation: ICBufferFull
Event: 1.909 Executing VM operation: ICBufferFull done
Event: 2.046 Executing VM operation: G1CollectForAllocation
Event: 2.050 Executing VM operation: G1CollectForAllocation done
Event: 2.302 Executing VM operation: HandshakeAllThreads
Event: 2.302 Executing VM operation: HandshakeAllThreads done
Event: 2.414 Executing VM operation: HandshakeAllThreads
Event: 2.415 Executing VM operation: HandshakeAllThreads done
Event: 3.421 Executing VM operation: Cleanup

Events (20 events):
Event: 2.528 loading class jdk/xml/internal/JdkProperty$State
Event: 2.528 loading class jdk/xml/internal/JdkProperty$State done
Event: 2.528 loading class com/sun/org/apache/xalan/internal/utils/XMLSecurityPropertyManager
Event: 2.528 loading class com/sun/org/apache/xalan/internal/utils/FeaturePropertyBase
Event: 2.528 loading class com/sun/org/apache/xalan/internal/utils/FeaturePropertyBase done
Event: 2.528 loading class com/sun/org/apache/xalan/internal/utils/XMLSecurityPropertyManager done
Event: 2.528 loading class com/sun/org/apache/xalan/internal/utils/FeaturePropertyBase$State
Event: 2.528 loading class com/sun/org/apache/xalan/internal/utils/FeaturePropertyBase$State done
Event: 2.529 loading class com/sun/org/apache/xalan/internal/utils/XMLSecurityPropertyManager$Property
Event: 2.529 loading class com/sun/org/apache/xalan/internal/utils/XMLSecurityPropertyManager$Property done
Event: 2.529 loading class jdk/xml/internal/XMLSecurityManager
Event: 2.529 loading class jdk/xml/internal/XMLSecurityManager done
Event: 2.529 loading class jdk/xml/internal/XMLSecurityManager$Limit
Event: 2.529 loading class jdk/xml/internal/XMLSecurityManager$Limit done
Event: 2.530 loading class jdk/xml/internal/XMLSecurityManager$Processor
Event: 2.530 loading class jdk/xml/internal/XMLSecurityManager$Processor done
Event: 2.530 loading class jdk/xml/internal/XMLSecurityManager$NameMap
Event: 2.530 loading class jdk/xml/internal/XMLSecurityManager$NameMap done
Event: 2.530 loading class jdk/xml/internal/JdkProperty
Event: 2.530 loading class jdk/xml/internal/JdkProperty done


Dynamic libraries:
0x00007ff6ba410000 - 0x00007ff6ba420000 	C:\Program Files\Java\jdk-17.0.5\bin\java.exe
0x00007ffdb4f60000 - 0x00007ffdb51c8000 	C:\WINDOWS\SYSTEM32\ntdll.dll
0x00007ffdb3660000 - 0x00007ffdb3729000 	C:\WINDOWS\System32\KERNEL32.DLL
0x00007ffdb2870000 - 0x00007ffdb2c62000 	C:\WINDOWS\System32\KERNELBASE.dll
0x00007ffdb20f0000 - 0x00007ffdb223b000 	C:\WINDOWS\System32\ucrtbase.dll
0x00007ffd9b850000 - 0x00007ffd9b868000 	C:\Program Files\Java\jdk-17.0.5\bin\jli.dll
0x00007ffd9b6e0000 - 0x00007ffd9b6fa000 	C:\Program Files\Java\jdk-17.0.5\bin\VCRUNTIME140.dll
0x00007ffdb49c0000 - 0x00007ffdb4a74000 	C:\WINDOWS\System32\ADVAPI32.dll
0x00007ffdb3080000 - 0x00007ffdb3129000 	C:\WINDOWS\System32\msvcrt.dll
0x00007ffdb33f0000 - 0x00007ffdb3496000 	C:\WINDOWS\System32\sechost.dll
0x00007ffdb4a80000 - 0x00007ffdb4b98000 	C:\WINDOWS\System32\RPCRT4.dll
0x00007ffdb4040000 - 0x00007ffdb4205000 	C:\WINDOWS\System32\USER32.dll
0x00007ffdb2710000 - 0x00007ffdb2737000 	C:\WINDOWS\System32\win32u.dll
0x00007ffd981f0000 - 0x00007ffd98483000 	C:\WINDOWS\WinSxS\amd64_microsoft.windows.common-controls_6595b64144ccf1df_6.0.26100.6899_none_3e0efeeae32e88c1\COMCTL32.dll
0x00007ffdb3830000 - 0x00007ffdb385b000 	C:\WINDOWS\System32\GDI32.dll
0x00007ffdb2740000 - 0x00007ffdb286d000 	C:\WINDOWS\System32\gdi32full.dll
0x00007ffdb24f0000 - 0x00007ffdb2593000 	C:\WINDOWS\System32\msvcp_win.dll
0x00007ffda0d20000 - 0x00007ffda0d2b000 	C:\WINDOWS\SYSTEM32\VERSION.dll
0x00007ffdb4730000 - 0x00007ffdb475f000 	C:\WINDOWS\System32\IMM32.DLL
0x00007ffd9b830000 - 0x00007ffd9b83c000 	C:\Program Files\Java\jdk-17.0.5\bin\vcruntime140_1.dll
0x00007ffd8f5a0000 - 0x00007ffd8f62d000 	C:\Program Files\Java\jdk-17.0.5\bin\msvcp140.dll
0x00007ffce63d0000 - 0x00007ffce6f92000 	C:\Program Files\Java\jdk-17.0.5\bin\server\jvm.dll
0x00007ffdb3130000 - 0x00007ffdb3138000 	C:\WINDOWS\System32\PSAPI.DLL
0x00007ffd8b1f0000 - 0x00007ffd8b1fa000 	C:\WINDOWS\SYSTEM32\WSOCK32.dll
0x00007ffd989e0000 - 0x00007ffd98a15000 	C:\WINDOWS\SYSTEM32\WINMM.dll
0x00007ffdb3fc0000 - 0x00007ffdb4034000 	C:\WINDOWS\System32\WS2_32.dll
0x00007ffdb0e90000 - 0x00007ffdb0eab000 	C:\WINDOWS\SYSTEM32\kernel.appcore.dll
0x00007ffd9b6d0000 - 0x00007ffd9b6da000 	C:\Program Files\Java\jdk-17.0.5\bin\jimage.dll
0x00007ffdaf580000 - 0x00007ffdaf7c2000 	C:\WINDOWS\SYSTEM32\DBGHELP.DLL
0x00007ffdb4ba0000 - 0x00007ffdb4f1b000 	C:\WINDOWS\System32\combase.dll
0x00007ffdb31b0000 - 0x00007ffdb3287000 	C:\WINDOWS\System32\OLEAUT32.dll
0x00007ffd91b40000 - 0x00007ffd91b7c000 	C:\WINDOWS\SYSTEM32\dbgcore.DLL
0x00007ffdb23c0000 - 0x00007ffdb2458000 	C:\WINDOWS\System32\bcryptPrimitives.dll
0x00007ffd9b6c0000 - 0x00007ffd9b6ce000 	C:\Program Files\Java\jdk-17.0.5\bin\instrument.dll
0x00007ffd9b2b0000 - 0x00007ffd9b2d5000 	C:\Program Files\Java\jdk-17.0.5\bin\java.dll
0x00007ffd2f040000 - 0x00007ffd2f116000 	C:\Program Files\Java\jdk-17.0.5\bin\jsvml.dll
0x00007ffdb3860000 - 0x00007ffdb3fad000 	C:\WINDOWS\System32\SHELL32.dll
0x00007ffdb25a0000 - 0x00007ffdb270b000 	C:\WINDOWS\System32\wintypes.dll
0x00007ffdafd20000 - 0x00007ffdb057d000 	C:\WINDOWS\SYSTEM32\windows.storage.dll
0x00007ffdb3550000 - 0x00007ffdb3642000 	C:\WINDOWS\System32\SHCORE.dll
0x00007ffdb3140000 - 0x00007ffdb31a2000 	C:\WINDOWS\System32\shlwapi.dll
0x00007ffdb2010000 - 0x00007ffdb2039000 	C:\WINDOWS\SYSTEM32\profapi.dll
0x00007ffd998d0000 - 0x00007ffd998e8000 	C:\Program Files\Java\jdk-17.0.5\bin\zip.dll
0x00007ffd9b290000 - 0x00007ffd9b2a9000 	C:\Program Files\Java\jdk-17.0.5\bin\net.dll
0x00007ffda3020000 - 0x00007ffda313f000 	C:\WINDOWS\SYSTEM32\WINHTTP.dll
0x00007ffdb13f0000 - 0x00007ffdb145b000 	C:\WINDOWS\system32\mswsock.dll
0x00007ffd9b270000 - 0x00007ffd9b286000 	C:\Program Files\Java\jdk-17.0.5\bin\nio.dll

dbghelp: loaded successfully - version: 4.0.5 - missing functions: none
symbol engine: initialized successfully - sym options: 0x614 - pdb path: .;C:\Program Files\Java\jdk-17.0.5\bin;C:\WINDOWS\SYSTEM32;C:\WINDOWS\WinSxS\amd64_microsoft.windows.common-controls_6595b64144ccf1df_6.0.26100.6899_none_3e0efeeae32e88c1;C:\Program Files\Java\jdk-17.0.5\bin\server

VM Arguments:
jvm_args: -javaagent:C:\Program Files\JetBrains\IntelliJ IDEA Community Edition 2025.1.3\lib\idea_rt.jar=51414 -Dfile.encoding=UTF-8 
java_command: com.zenifinance.core.CoreApplication
java_class_path (initial): C:\Users\pedro\IdeaProjects\Zeni_Finance\core\target\classes;C:\Users\pedro\.m2\repository\org\springframework\boot\spring-boot-starter-actuator\3.5.4\spring-boot-starter-actuator-3.5.4.jar;C:\Users\pedro\.m2\repository\org\springframework\boot\spring-boot-starter\3.5.4\spring-boot-starter-3.5.4.jar;C:\Users\pedro\.m2\repository\org\springframework\boot\spring-boot\3.5.4\spring-boot-3.5.4.jar;C:\Users\pedro\.m2\repository\org\springframework\boot\spring-boot-autoconfigure\3.5.4\spring-boot-autoconfigure-3.5.4.jar;C:\Users\pedro\.m2\repository\org\springframework\boot\spring-boot-starter-logging\3.5.4\spring-boot-starter-logging-3.5.4.jar;C:\Users\pedro\.m2\repository\ch\qos\logback\logback-classic\1.5.18\logback-classic-1.5.18.jar;C:\Users\pedro\.m2\repository\ch\qos\logback\logback-core\1.5.18\logback-core-1.5.18.jar;C:\Users\pedro\.m2\repository\org\apache\logging\log4j\log4j-to-slf4j\2.24.3\log4j-to-slf4j-2.24.3.jar;C:\Users\pedro\.m2\repository\org\apache\logging\log4j\log4j-api\2.24.3\log4j-api-2.24.3.jar;C:\Users\pedro\.m2\repository\org\slf4j\jul-to-slf4j\2.0.17\jul-to-slf4j-2.0.17.jar;C:\Users\pedro\.m2\repository\jakarta\annotation\jakarta.annotation-api\2.1.1\jakarta.annotation-api-2.1.1.jar;C:\Users\pedro\.m2\repository\org\yaml\snakeyaml\2.4\snakeyaml-2.4.jar;C:\Users\pedro\.m2\repository\org\springframework\boot\spring-boot-actuator-autoconfigure\3.5.4\spring-boot-actuator-autoconfigure-3.5.4.jar;C:\Users\pedro\.m2\repository\org\springframework\boot\spring-boot-actuator\3.5.4\spring-boot-actuator-3.5.4.jar;C:\Users\pedro\.m2\repository\io\micrometer\micrometer-observation\1.15.2\micrometer-observation-1.15.2.jar;C:\Users\pedro\.m2\repository\io\micrometer\micrometer-commons\1.15.2\micrometer-commons-1.15.2.jar;C:\Users\pedro\.m2\repository\io\micrometer\micrometer-jakarta9\1.15.2\micrometer-jakarta9-1.15.2.jar;C:\Users\pedro\.m2\repository\io\micrometer\micrometer-core\1.15.2\micrometer-core-1.15.2.jar;C:\Users\pedro\.m2\re
Launcher Type: SUN_STANDARD

[Global flags]
     intx CICompilerCount                          = 4                                         {product} {ergonomic}
     uint ConcGCThreads                            = 2                                         {product} {ergonomic}
     uint G1ConcRefinementThreads                  = 8                                         {product} {ergonomic}
   size_t G1HeapRegionSize                         = 4194304                                   {product} {ergonomic}
    uintx GCDrainStackTargetSize                   = 64                                        {product} {ergonomic}
   size_t InitialHeapSize                          = 536870912                                 {product} {ergonomic}
   size_t MarkStackSize                            = 4194304                                   {product} {ergonomic}
   size_t MaxHeapSize                              = 8560574464                                {product} {ergonomic}
   size_t MaxNewSize                               = 5133828096                                {product} {ergonomic}
   size_t MinHeapDeltaBytes                        = 4194304                                   {product} {ergonomic}
   size_t MinHeapSize                              = 8388608                                   {product} {ergonomic}
    uintx NonNMethodCodeHeapSize                   = 5839372                                {pd product} {ergonomic}
    uintx NonProfiledCodeHeapSize                  = 122909434                              {pd product} {ergonomic}
    uintx ProfiledCodeHeapSize                     = 122909434                              {pd product} {ergonomic}
    uintx ReservedCodeCacheSize                    = 251658240                              {pd product} {ergonomic}
     bool SegmentedCodeCache                       = true                                      {product} {ergonomic}
   size_t SoftMaxHeapSize                          = 8560574464                             {manageable} {ergonomic}
     bool UseCompressedClassPointers               = true                           {product lp64_product} {ergonomic}
     bool UseCompressedOops                        = true                           {product lp64_product} {ergonomic}
     bool UseG1GC                                  = true                                      {product} {ergonomic}
     bool UseLargePagesIndividualAllocation        = false                                  {pd product} {ergonomic}

Logging:
Log output configuration:
 #0: stdout all=warning uptime,level,tags
 #1: stderr all=off uptime,level,tags

Environment Variables:
PATH=C:\Python313\Scripts\;C:\Python313\;C:\Program Files\Microsoft SDKs\Azure\CLI2\wbin;C:\Program Files (x86)\NVIDIA Corporation\PhysX\Common;C:\MinGW\bin;C:\Program Files\Common Files\Oracle\Java\javapath;C:\Program Files (x86)\Common Files\Oracle\Java\java8path;C:\Program Files (x86)\Common Files\Oracle\Java\javapath;C:\WINDOWS\system32;C:\WINDOWS;C:\WINDOWS\System32\Wbem;C:\WINDOWS\System32\WindowsPowerShell\v1.0\;C:\WINDOWS\System32\OpenSSH\;C:\Program Files\Microsoft SQL Server\Client SDK\ODBC\170\Tools\Binn\;C:\Program Files (x86)\Microsoft SQL Server\150\Tools\Binn\;C:\Program Files\Microsoft SQL Server\150\Tools\Binn\;C:\Program Files\Microsoft SQL Server\150\DTS\Binn\;C:\Program Files (x86)\Microsoft SQL Server\150\DTS\Binn\;C:\Program Files\Azure Data Studio\bin;C:\Program Files\Git\cmd;C:\ProgramData\chocolatey\bin;C:\Program Files\dotnet\;C:\Program Files (x86)\dotnet\;C:\Users\pedro\AppData\Roaming\Python\Scripts;C:\adb\platform-tools-latest-windows\platform-tools;;C:\WINDOWS\system32;C:\WINDOWS;C:\WINDOWS\System32\Wbem;C:\WINDOWS\System32\WindowsPowerShell\v1.0\;C:\WINDOWS\System32\OpenSSH\;C:\Program Files\Docker\Docker\resources\bin;C:\Program Files\nodejs\;C:\Users\pedro\AppData\Local\Microsoft\WindowsApps;;C:\Program Files\Azure Data Studio\bin;C:\Users\pedro\.dotnet\tools;C:\Users\pedro\AppData\Local\Programs\Microsoft VS Code\bin;C:\Program Files\JetBrains\IntelliJ IDEA Community Edition 2025.1.3\bin;;C:\Users\pedro\AppData\Roaming\npm
USERNAME=pedro
OS=Windows_NT
PROCESSOR_IDENTIFIER=Intel64 Family 6 Model 142 Stepping 12, GenuineIntel



---------------  S Y S T E M  ---------------

OS:
 Windows 11 , 64 bit Build 26100 (10.0.26100.6725)
OS uptime: 3 days 5:03 hours
Hyper-V role detected

CPU: total 8 (initial active 8) (4 cores per cpu, 2 threads per core) family 6 model 142 stepping 12 microcode 0xf8, cx8, cmov, fxsr, ht, mmx, 3dnowpref, sse, sse2, sse3, ssse3, sse4.1, sse4.2, popcnt, lzcnt, tsc, tscinvbit, avx, avx2, aes, erms, clmul, bmi1, bmi2, adx, fma, vzeroupper, clflush, clflushopt, hv

Memory: 4k page, system-wide physical 32643M (8327M free)
TotalPageFile size 40835M (AvailPageFile size 13M)
current process WorkingSet (physical memory assigned to process): 149M, peak: 155M
current process commit charge ("private bytes"): 683M, peak: 691M

vm_info: Java HotSpot(TM) 64-Bit Server VM (17.0.5+9-LTS-191) for windows-amd64 JRE (17.0.5+9-LTS-191), built on Sep 13 2022 17:31:43 by "mach5one" with MS VC++ 16.8 / 16.9 (VS2019)

END.
